<?xml version="1.0"?>
<link_info>
   <banner>TMS320C55x Linker PC v4.4.1</banner>
   <copyright>Copyright (c) 1996-2012 Texas Instruments Incorporated</copyright>
   <link_time>0x6937644d</link_time>
   <output_file>script21.out</output_file>
   <entry_point>
      <name>_c_int00</name>
      <address>0x5088</address>
   </entry_point>
   <input_file_list>
      <input_file id="fl-2">
         <path>.\</path>
         <kind>object</kind>
         <file>main.obj</file>
         <name>main.obj</name>
      </input_file>
      <input_file id="fl-3">
         <path>.\</path>
         <kind>object</kind>
         <file>pitch_shifter.obj</file>
         <name>pitch_shifter.obj</name>
      </input_file>
      <input_file id="fl-4">
         <path>.\</path>
         <kind>object</kind>
         <file>reverb.obj</file>
         <name>reverb.obj</name>
      </input_file>
      <input_file id="fl-5">
         <path>.\</path>
         <kind>object</kind>
         <file>wav_header.obj</file>
         <name>wav_header.obj</name>
      </input_file>
      <input_file id="fl-1c">
         <path>C:\ti\ccs1250\ccs\tools\compiler\c5500_4.4.1\lib\</path>
         <kind>archive</kind>
         <file>rts55x.lib</file>
         <name>addd.obj</name>
      </input_file>
      <input_file id="fl-1d">
         <path>C:\ti\ccs1250\ccs\tools\compiler\c5500_4.4.1\lib\</path>
         <kind>archive</kind>
         <file>rts55x.lib</file>
         <name>boot.obj</name>
      </input_file>
      <input_file id="fl-1e">
         <path>C:\ti\ccs1250\ccs\tools\compiler\c5500_4.4.1\lib\</path>
         <kind>archive</kind>
         <file>rts55x.lib</file>
         <name>cmpd.obj</name>
      </input_file>
      <input_file id="fl-1f">
         <path>C:\ti\ccs1250\ccs\tools\compiler\c5500_4.4.1\lib\</path>
         <kind>archive</kind>
         <file>rts55x.lib</file>
         <name>divd.obj</name>
      </input_file>
      <input_file id="fl-20">
         <path>C:\ti\ccs1250\ccs\tools\compiler\c5500_4.4.1\lib\</path>
         <kind>archive</kind>
         <file>rts55x.lib</file>
         <name>exit.obj</name>
      </input_file>
      <input_file id="fl-21">
         <path>C:\ti\ccs1250\ccs\tools\compiler\c5500_4.4.1\lib\</path>
         <kind>archive</kind>
         <file>rts55x.lib</file>
         <name>fclose.obj</name>
      </input_file>
      <input_file id="fl-22">
         <path>C:\ti\ccs1250\ccs\tools\compiler\c5500_4.4.1\lib\</path>
         <kind>archive</kind>
         <file>rts55x.lib</file>
         <name>fflush.obj</name>
      </input_file>
      <input_file id="fl-23">
         <path>C:\ti\ccs1250\ccs\tools\compiler\c5500_4.4.1\lib\</path>
         <kind>archive</kind>
         <file>rts55x.lib</file>
         <name>fixdi.obj</name>
      </input_file>
      <input_file id="fl-24">
         <path>C:\ti\ccs1250\ccs\tools\compiler\c5500_4.4.1\lib\</path>
         <kind>archive</kind>
         <file>rts55x.lib</file>
         <name>fixdli.obj</name>
      </input_file>
      <input_file id="fl-25">
         <path>C:\ti\ccs1250\ccs\tools\compiler\c5500_4.4.1\lib\</path>
         <kind>archive</kind>
         <file>rts55x.lib</file>
         <name>fltid.obj</name>
      </input_file>
      <input_file id="fl-26">
         <path>C:\ti\ccs1250\ccs\tools\compiler\c5500_4.4.1\lib\</path>
         <kind>archive</kind>
         <file>rts55x.lib</file>
         <name>fltlid.obj</name>
      </input_file>
      <input_file id="fl-27">
         <path>C:\ti\ccs1250\ccs\tools\compiler\c5500_4.4.1\lib\</path>
         <kind>archive</kind>
         <file>rts55x.lib</file>
         <name>fopen.obj</name>
      </input_file>
      <input_file id="fl-28">
         <path>C:\ti\ccs1250\ccs\tools\compiler\c5500_4.4.1\lib\</path>
         <kind>archive</kind>
         <file>rts55x.lib</file>
         <name>frcmpyd_div.obj</name>
      </input_file>
      <input_file id="fl-29">
         <path>C:\ti\ccs1250\ccs\tools\compiler\c5500_4.4.1\lib\</path>
         <kind>archive</kind>
         <file>rts55x.lib</file>
         <name>fread.obj</name>
      </input_file>
      <input_file id="fl-2a">
         <path>C:\ti\ccs1250\ccs\tools\compiler\c5500_4.4.1\lib\</path>
         <kind>archive</kind>
         <file>rts55x.lib</file>
         <name>fwrite.obj</name>
      </input_file>
      <input_file id="fl-2b">
         <path>C:\ti\ccs1250\ccs\tools\compiler\c5500_4.4.1\lib\</path>
         <kind>archive</kind>
         <file>rts55x.lib</file>
         <name>lmpy.obj</name>
      </input_file>
      <input_file id="fl-2c">
         <path>C:\ti\ccs1250\ccs\tools\compiler\c5500_4.4.1\lib\</path>
         <kind>archive</kind>
         <file>rts55x.lib</file>
         <name>lowlev.obj</name>
      </input_file>
      <input_file id="fl-2d">
         <path>C:\ti\ccs1250\ccs\tools\compiler\c5500_4.4.1\lib\</path>
         <kind>archive</kind>
         <file>rts55x.lib</file>
         <name>memcpy.obj</name>
      </input_file>
      <input_file id="fl-2e">
         <path>C:\ti\ccs1250\ccs\tools\compiler\c5500_4.4.1\lib\</path>
         <kind>archive</kind>
         <file>rts55x.lib</file>
         <name>memory.obj</name>
      </input_file>
      <input_file id="fl-2f">
         <path>C:\ti\ccs1250\ccs\tools\compiler\c5500_4.4.1\lib\</path>
         <kind>archive</kind>
         <file>rts55x.lib</file>
         <name>mpyd.obj</name>
      </input_file>
      <input_file id="fl-30">
         <path>C:\ti\ccs1250\ccs\tools\compiler\c5500_4.4.1\lib\</path>
         <kind>archive</kind>
         <file>rts55x.lib</file>
         <name>printf.obj</name>
      </input_file>
      <input_file id="fl-31">
         <path>C:\ti\ccs1250\ccs\tools\compiler\c5500_4.4.1\lib\</path>
         <kind>archive</kind>
         <file>rts55x.lib</file>
         <name>remove.obj</name>
      </input_file>
      <input_file id="fl-32">
         <path>C:\ti\ccs1250\ccs\tools\compiler\c5500_4.4.1\lib\</path>
         <kind>archive</kind>
         <file>rts55x.lib</file>
         <name>rewind.obj</name>
      </input_file>
      <input_file id="fl-33">
         <path>C:\ti\ccs1250\ccs\tools\compiler\c5500_4.4.1\lib\</path>
         <kind>archive</kind>
         <file>rts55x.lib</file>
         <name>subd.obj</name>
      </input_file>
      <input_file id="fl-34">
         <path>C:\ti\ccs1250\ccs\tools\compiler\c5500_4.4.1\lib\</path>
         <kind>archive</kind>
         <file>rts55x.lib</file>
         <name>trgdrv.obj</name>
      </input_file>
      <input_file id="fl-35">
         <path>C:\ti\ccs1250\ccs\tools\compiler\c5500_4.4.1\lib\</path>
         <kind>archive</kind>
         <file>rts55x.lib</file>
         <name>trgmsg.obj</name>
      </input_file>
      <input_file id="fl-36">
         <path>C:\ti\ccs1250\ccs\tools\compiler\c5500_4.4.1\lib\</path>
         <kind>archive</kind>
         <file>rts55x.lib</file>
         <name>udiv.obj</name>
      </input_file>
      <input_file id="fl-37">
         <path>C:\ti\ccs1250\ccs\tools\compiler\c5500_4.4.1\lib\</path>
         <kind>archive</kind>
         <file>rts55x.lib</file>
         <name>vectors.obj</name>
      </input_file>
      <input_file id="fl-38">
         <path>C:\ti\ccs1250\ccs\tools\compiler\c5500_4.4.1\lib\</path>
         <kind>archive</kind>
         <file>rts55x.lib</file>
         <name>_bufread.obj</name>
      </input_file>
      <input_file id="fl-39">
         <path>C:\ti\ccs1250\ccs\tools\compiler\c5500_4.4.1\lib\</path>
         <kind>archive</kind>
         <file>rts55x.lib</file>
         <name>_io_perm.obj</name>
      </input_file>
      <input_file id="fl-3a">
         <path>C:\ti\ccs1250\ccs\tools\compiler\c5500_4.4.1\lib\</path>
         <kind>archive</kind>
         <file>rts55x.lib</file>
         <name>_lock.obj</name>
      </input_file>
      <input_file id="fl-3b">
         <path>C:\ti\ccs1250\ccs\tools\compiler\c5500_4.4.1\lib\</path>
         <kind>archive</kind>
         <file>rts55x.lib</file>
         <name>_printfi.obj</name>
      </input_file>
      <input_file id="fl-3c">
         <path>C:\ti\ccs1250\ccs\tools\compiler\c5500_4.4.1\lib\</path>
         <kind>archive</kind>
         <file>rts55x.lib</file>
         <name>args_main.obj</name>
      </input_file>
      <input_file id="fl-3d">
         <path>C:\ti\ccs1250\ccs\tools\compiler\c5500_4.4.1\lib\</path>
         <kind>archive</kind>
         <file>rts55x.lib</file>
         <name>atoi.obj</name>
      </input_file>
      <input_file id="fl-3e">
         <path>C:\ti\ccs1250\ccs\tools\compiler\c5500_4.4.1\lib\</path>
         <kind>archive</kind>
         <file>rts55x.lib</file>
         <name>autoinit.obj</name>
      </input_file>
      <input_file id="fl-3f">
         <path>C:\ti\ccs1250\ccs\tools\compiler\c5500_4.4.1\lib\</path>
         <kind>archive</kind>
         <file>rts55x.lib</file>
         <name>ctype.obj</name>
      </input_file>
      <input_file id="fl-40">
         <path>C:\ti\ccs1250\ccs\tools\compiler\c5500_4.4.1\lib\</path>
         <kind>archive</kind>
         <file>rts55x.lib</file>
         <name>defs.obj</name>
      </input_file>
      <input_file id="fl-41">
         <path>C:\ti\ccs1250\ccs\tools\compiler\c5500_4.4.1\lib\</path>
         <kind>archive</kind>
         <file>rts55x.lib</file>
         <name>divul.obj</name>
      </input_file>
      <input_file id="fl-42">
         <path>C:\ti\ccs1250\ccs\tools\compiler\c5500_4.4.1\lib\</path>
         <kind>archive</kind>
         <file>rts55x.lib</file>
         <name>fputc.obj</name>
      </input_file>
      <input_file id="fl-43">
         <path>C:\ti\ccs1250\ccs\tools\compiler\c5500_4.4.1\lib\</path>
         <kind>archive</kind>
         <file>rts55x.lib</file>
         <name>fputs.obj</name>
      </input_file>
      <input_file id="fl-44">
         <path>C:\ti\ccs1250\ccs\tools\compiler\c5500_4.4.1\lib\</path>
         <kind>archive</kind>
         <file>rts55x.lib</file>
         <name>frcmpyd.obj</name>
      </input_file>
      <input_file id="fl-45">
         <path>C:\ti\ccs1250\ccs\tools\compiler\c5500_4.4.1\lib\</path>
         <kind>archive</kind>
         <file>rts55x.lib</file>
         <name>fseek.obj</name>
      </input_file>
      <input_file id="fl-46">
         <path>C:\ti\ccs1250\ccs\tools\compiler\c5500_4.4.1\lib\</path>
         <kind>archive</kind>
         <file>rts55x.lib</file>
         <name>isinf.obj</name>
      </input_file>
      <input_file id="fl-47">
         <path>C:\ti\ccs1250\ccs\tools\compiler\c5500_4.4.1\lib\</path>
         <kind>archive</kind>
         <file>rts55x.lib</file>
         <name>llmpy.obj</name>
      </input_file>
      <input_file id="fl-48">
         <path>C:\ti\ccs1250\ccs\tools\compiler\c5500_4.4.1\lib\</path>
         <kind>archive</kind>
         <file>rts55x.lib</file>
         <name>ltoa.obj</name>
      </input_file>
      <input_file id="fl-49">
         <path>C:\ti\ccs1250\ccs\tools\compiler\c5500_4.4.1\lib\</path>
         <kind>archive</kind>
         <file>rts55x.lib</file>
         <name>memccpy.obj</name>
      </input_file>
      <input_file id="fl-4a">
         <path>C:\ti\ccs1250\ccs\tools\compiler\c5500_4.4.1\lib\</path>
         <kind>archive</kind>
         <file>rts55x.lib</file>
         <name>negd.obj</name>
      </input_file>
      <input_file id="fl-4b">
         <path>C:\ti\ccs1250\ccs\tools\compiler\c5500_4.4.1\lib\</path>
         <kind>archive</kind>
         <file>rts55x.lib</file>
         <name>remli.obj</name>
      </input_file>
      <input_file id="fl-4c">
         <path>C:\ti\ccs1250\ccs\tools\compiler\c5500_4.4.1\lib\</path>
         <kind>archive</kind>
         <file>rts55x.lib</file>
         <name>remul.obj</name>
      </input_file>
      <input_file id="fl-4d">
         <path>C:\ti\ccs1250\ccs\tools\compiler\c5500_4.4.1\lib\</path>
         <kind>archive</kind>
         <file>rts55x.lib</file>
         <name>setvbuf.obj</name>
      </input_file>
      <input_file id="fl-4e">
         <path>C:\ti\ccs1250\ccs\tools\compiler\c5500_4.4.1\lib\</path>
         <kind>archive</kind>
         <file>rts55x.lib</file>
         <name>divli.obj</name>
      </input_file>
   </input_file_list>
   <object_component_list>
      <object_component id="oc-b9">
         <name>.text</name>
         <load_address>0x300</load_address>
         <run_address>0x300</run_address>
         <size>0x15a4</size>
         <input_file_ref idref="fl-3b"/>
      </object_component>
      <object_component id="oc-73">
         <name>.text</name>
         <load_address>0x18a4</load_address>
         <run_address>0x18a4</run_address>
         <size>0x543</size>
         <input_file_ref idref="fl-2c"/>
      </object_component>
      <object_component id="oc-98">
         <name>.text</name>
         <load_address>0x1de7</load_address>
         <run_address>0x1de7</run_address>
         <size>0x528</size>
         <input_file_ref idref="fl-34"/>
      </object_component>
      <object_component id="oc-7d">
         <name>.text</name>
         <load_address>0x230f</load_address>
         <run_address>0x230f</run_address>
         <size>0x4b5</size>
         <input_file_ref idref="fl-2e"/>
      </object_component>
      <object_component id="oc-39">
         <name>.text</name>
         <load_address>0x27c4</load_address>
         <run_address>0x27c4</run_address>
         <size>0x3cc</size>
         <input_file_ref idref="fl-1f"/>
      </object_component>
      <object_component id="oc-22">
         <name>.text</name>
         <load_address>0x2b90</load_address>
         <run_address>0x2b90</run_address>
         <size>0x36a</size>
         <input_file_ref idref="fl-4"/>
      </object_component>
      <object_component id="oc-1c">
         <name>.text</name>
         <load_address>0x2efa</load_address>
         <run_address>0x2efa</run_address>
         <size>0x345</size>
         <input_file_ref idref="fl-3"/>
      </object_component>
      <object_component id="oc-5d">
         <name>.text</name>
         <load_address>0x323f</load_address>
         <run_address>0x323f</run_address>
         <size>0x27f</size>
         <input_file_ref idref="fl-27"/>
      </object_component>
      <object_component id="oc-14">
         <name>.text</name>
         <load_address>0x34be</load_address>
         <run_address>0x34be</run_address>
         <size>0x264</size>
         <input_file_ref idref="fl-2"/>
      </object_component>
      <object_component id="oc-ea">
         <name>.text</name>
         <load_address>0x3722</load_address>
         <run_address>0x3722</run_address>
         <size>0x25e</size>
         <input_file_ref idref="fl-47"/>
      </object_component>
      <object_component id="oc-2d">
         <name>.text</name>
         <load_address>0x3980</load_address>
         <run_address>0x3980</run_address>
         <size>0x25a</size>
         <input_file_ref idref="fl-1c"/>
      </object_component>
      <object_component id="oc-6b">
         <name>.text</name>
         <load_address>0x3bda</load_address>
         <run_address>0x3bda</run_address>
         <size>0x1ee</size>
         <input_file_ref idref="fl-2a"/>
      </object_component>
      <object_component id="oc-35">
         <name>.text</name>
         <load_address>0x3dc8</load_address>
         <run_address>0x3dc8</run_address>
         <size>0x1ea</size>
         <input_file_ref idref="fl-1e"/>
      </object_component>
      <object_component id="oc-28">
         <name>.text</name>
         <load_address>0x3fb2</load_address>
         <run_address>0x3fb2</run_address>
         <size>0x18f</size>
         <input_file_ref idref="fl-5"/>
      </object_component>
      <object_component id="oc-d9">
         <name>.text</name>
         <load_address>0x4141</load_address>
         <run_address>0x4141</run_address>
         <size>0x163</size>
         <input_file_ref idref="fl-43"/>
      </object_component>
      <object_component id="oc-84">
         <name>.text</name>
         <load_address>0x42a4</load_address>
         <run_address>0x42a4</run_address>
         <size>0x14c</size>
         <input_file_ref idref="fl-2f"/>
      </object_component>
      <object_component id="oc-67">
         <name>.text</name>
         <load_address>0x43f0</load_address>
         <run_address>0x43f0</run_address>
         <size>0x10f</size>
         <input_file_ref idref="fl-29"/>
      </object_component>
      <object_component id="oc-102">
         <name>.text</name>
         <load_address>0x44ff</load_address>
         <run_address>0x44ff</run_address>
         <size>0xe6</size>
         <input_file_ref idref="fl-4d"/>
      </object_component>
      <object_component id="oc-af">
         <name>.text</name>
         <load_address>0x45e5</load_address>
         <run_address>0x45e5</run_address>
         <size>0xdd</size>
         <input_file_ref idref="fl-39"/>
      </object_component>
      <object_component id="oc-48">
         <name>.text</name>
         <load_address>0x46c2</load_address>
         <run_address>0x46c2</run_address>
         <size>0xc2</size>
         <input_file_ref idref="fl-22"/>
      </object_component>
      <object_component id="oc-a0">
         <name>.text:CIO_breakpoint</name>
         <load_address>0x4784</load_address>
         <run_address>0x4784</run_address>
         <size>0xba</size>
         <input_file_ref idref="fl-35"/>
      </object_component>
      <object_component id="oc-ab">
         <name>.text</name>
         <load_address>0x483e</load_address>
         <run_address>0x483e</run_address>
         <size>0xae</size>
         <input_file_ref idref="fl-38"/>
      </object_component>
      <object_component id="oc-d5">
         <name>.text</name>
         <load_address>0x48ec</load_address>
         <run_address>0x48ec</run_address>
         <size>0xa6</size>
         <input_file_ref idref="fl-42"/>
      </object_component>
      <object_component id="oc-d1">
         <name>.text</name>
         <load_address>0x4992</load_address>
         <run_address>0x4992</run_address>
         <size>0xa1</size>
         <input_file_ref idref="fl-41"/>
      </object_component>
      <object_component id="oc-ee">
         <name>.text</name>
         <load_address>0x4a33</load_address>
         <run_address>0x4a33</run_address>
         <size>0x7d</size>
         <input_file_ref idref="fl-48"/>
      </object_component>
      <object_component id="oc-44">
         <name>.text</name>
         <load_address>0x4ab0</load_address>
         <run_address>0x4ab0</run_address>
         <size>0x7b</size>
         <input_file_ref idref="fl-21"/>
      </object_component>
      <object_component id="oc-de">
         <name>.text</name>
         <load_address>0x4b2b</load_address>
         <run_address>0x4b2b</run_address>
         <size>0x76</size>
         <input_file_ref idref="fl-44"/>
      </object_component>
      <object_component id="oc-63">
         <name>.text</name>
         <load_address>0x4ba1</load_address>
         <run_address>0x4ba1</run_address>
         <size>0x73</size>
         <input_file_ref idref="fl-28"/>
      </object_component>
      <object_component id="oc-fe">
         <name>.text</name>
         <load_address>0x4c14</load_address>
         <run_address>0x4c14</run_address>
         <size>0x72</size>
         <input_file_ref idref="fl-4c"/>
      </object_component>
      <object_component id="oc-50">
         <name>.text</name>
         <load_address>0x4c86</load_address>
         <run_address>0x4c86</run_address>
         <size>0x6f</size>
         <input_file_ref idref="fl-24"/>
      </object_component>
      <object_component id="oc-9d">
         <name>.text</name>
         <load_address>0x4cf5</load_address>
         <run_address>0x4cf5</run_address>
         <size>0x6d</size>
         <input_file_ref idref="fl-35"/>
      </object_component>
      <object_component id="oc-e2">
         <name>.text</name>
         <load_address>0x4d62</load_address>
         <run_address>0x4d62</run_address>
         <size>0x6b</size>
         <input_file_ref idref="fl-45"/>
      </object_component>
      <object_component id="oc-58">
         <name>.text</name>
         <load_address>0x4dcd</load_address>
         <run_address>0x4dcd</run_address>
         <size>0x67</size>
         <input_file_ref idref="fl-26"/>
      </object_component>
      <object_component id="oc-c3">
         <name>.text</name>
         <load_address>0x4e34</load_address>
         <run_address>0x4e34</run_address>
         <size>0x5c</size>
         <input_file_ref idref="fl-3d"/>
      </object_component>
      <object_component id="oc-88">
         <name>.text</name>
         <load_address>0x4e90</load_address>
         <run_address>0x4e90</run_address>
         <size>0x50</size>
         <input_file_ref idref="fl-30"/>
      </object_component>
      <object_component id="oc-c7">
         <name>.text</name>
         <load_address>0x4ee0</load_address>
         <run_address>0x4ee0</run_address>
         <size>0x4d</size>
         <input_file_ref idref="fl-3e"/>
      </object_component>
      <object_component id="oc-bf">
         <name>.text</name>
         <load_address>0x4f2d</load_address>
         <run_address>0x4f2d</run_address>
         <size>0x4b</size>
         <input_file_ref idref="fl-3c"/>
      </object_component>
      <object_component id="oc-fa">
         <name>.text</name>
         <load_address>0x4f78</load_address>
         <run_address>0x4f78</run_address>
         <size>0x4b</size>
         <input_file_ref idref="fl-4b"/>
      </object_component>
      <object_component id="oc-106">
         <name>.text</name>
         <load_address>0x4fc3</load_address>
         <run_address>0x4fc3</run_address>
         <size>0x48</size>
         <input_file_ref idref="fl-4e"/>
      </object_component>
      <object_component id="oc-79">
         <name>.text</name>
         <load_address>0x500b</load_address>
         <run_address>0x500b</run_address>
         <size>0x3f</size>
         <input_file_ref idref="fl-2d"/>
      </object_component>
      <object_component id="oc-3d">
         <name>.text</name>
         <load_address>0x504a</load_address>
         <run_address>0x504a</run_address>
         <size>0x3e</size>
         <input_file_ref idref="fl-20"/>
      </object_component>
      <object_component id="oc-12">
         <name>.text</name>
         <load_address>0x5088</load_address>
         <run_address>0x5088</run_address>
         <size>0x34</size>
         <input_file_ref idref="fl-1d"/>
      </object_component>
      <object_component id="oc-4c">
         <name>.text</name>
         <load_address>0x50bc</load_address>
         <run_address>0x50bc</run_address>
         <size>0x2a</size>
         <input_file_ref idref="fl-23"/>
      </object_component>
      <object_component id="oc-a3">
         <name>.text</name>
         <load_address>0x50e6</load_address>
         <run_address>0x50e6</run_address>
         <size>0x2a</size>
         <input_file_ref idref="fl-36"/>
      </object_component>
      <object_component id="oc-f2">
         <name>.text</name>
         <load_address>0x5110</load_address>
         <run_address>0x5110</run_address>
         <size>0x23</size>
         <input_file_ref idref="fl-49"/>
      </object_component>
      <object_component id="oc-e6">
         <name>.text</name>
         <load_address>0x5133</load_address>
         <run_address>0x5133</run_address>
         <size>0x1a</size>
         <input_file_ref idref="fl-46"/>
      </object_component>
      <object_component id="oc-94">
         <name>.text</name>
         <load_address>0x514d</load_address>
         <run_address>0x514d</run_address>
         <size>0x14</size>
         <input_file_ref idref="fl-33"/>
      </object_component>
      <object_component id="oc-6f">
         <name>.text</name>
         <load_address>0x5161</load_address>
         <run_address>0x5161</run_address>
         <size>0x13</size>
         <input_file_ref idref="fl-2b"/>
      </object_component>
      <object_component id="oc-b3">
         <name>.text</name>
         <load_address>0x5174</load_address>
         <run_address>0x5174</run_address>
         <size>0x12</size>
         <input_file_ref idref="fl-3a"/>
      </object_component>
      <object_component id="oc-f6">
         <name>.text</name>
         <load_address>0x5186</load_address>
         <run_address>0x5186</run_address>
         <size>0x10</size>
         <input_file_ref idref="fl-4a"/>
      </object_component>
      <object_component id="oc-90">
         <name>.text</name>
         <load_address>0x5196</load_address>
         <run_address>0x5196</run_address>
         <size>0xe</size>
         <input_file_ref idref="fl-32"/>
      </object_component>
      <object_component id="oc-54">
         <name>.text</name>
         <load_address>0x51a4</load_address>
         <run_address>0x51a4</run_address>
         <size>0xc</size>
         <input_file_ref idref="fl-25"/>
      </object_component>
      <object_component id="oc-8c">
         <name>.text</name>
         <load_address>0x51b0</load_address>
         <run_address>0x51b0</run_address>
         <size>0xa</size>
         <input_file_ref idref="fl-31"/>
      </object_component>
      <object_component id="oc-41">
         <name>.text:CIO_breakpoint</name>
         <load_address>0x51ba</load_address>
         <run_address>0x51ba</run_address>
         <size>0x7</size>
         <input_file_ref idref="fl-20"/>
      </object_component>
      <object_component id="oc-a7">
         <name>.text</name>
         <load_address>0x51c1</load_address>
         <run_address>0x51c1</run_address>
         <size>0x2</size>
         <input_file_ref idref="fl-37"/>
      </object_component>
      <object_component id="oc-31">
         <name>.stack</name>
         <load_address>0x51e0</load_address>
         <run_address>0x51e0</run_address>
         <size>0x0</size>
         <input_file_ref idref="fl-1d"/>
      </object_component>
      <object_component id="oc-127">
         <name>.stack</name>
         <load_address>0x51e0</load_address>
         <run_address>0x51e0</run_address>
         <size>0x0</size>
      </object_component>
      <object_component id="oc-10a">
         <name>.sysstack</name>
         <load_address>0x91e0</load_address>
         <run_address>0x91e0</run_address>
         <size>0x0</size>
         <input_file_ref idref="fl-1d"/>
      </object_component>
      <object_component id="oc-129">
         <name>.sysstack</name>
         <load_address>0x91e0</load_address>
         <run_address>0x91e0</run_address>
         <size>0x0</size>
      </object_component>
      <object_component id="oc-15">
         <name>.bss</name>
         <load_address>0x10000</load_address>
         <run_address>0x10000</run_address>
         <size>0xf8b8</size>
         <input_file_ref idref="fl-2"/>
      </object_component>
      <object_component id="oc-cd">
         <name>.bss</name>
         <load_address>0x1f8b8</load_address>
         <run_address>0x1f8b8</run_address>
         <size>0x232</size>
         <input_file_ref idref="fl-40"/>
      </object_component>
      <object_component id="oc-99">
         <name>.bss</name>
         <load_address>0x1faea</load_address>
         <run_address>0x1faea</run_address>
         <size>0x1a0</size>
         <input_file_ref idref="fl-34"/>
      </object_component>
      <object_component id="oc-5e">
         <name>.bss</name>
         <load_address>0x1fc8a</load_address>
         <run_address>0x1fc8a</run_address>
         <size>0x2</size>
         <input_file_ref idref="fl-27"/>
      </object_component>
      <object_component id="oc-74">
         <name>.bss</name>
         <load_address>0x1fc8c</load_address>
         <run_address>0x1fc8c</run_address>
         <size>0xe2</size>
         <input_file_ref idref="fl-2c"/>
      </object_component>
      <object_component id="oc-7e">
         <name>.bss</name>
         <load_address>0x1fd70</load_address>
         <run_address>0x1fd70</run_address>
         <size>0xc</size>
         <input_file_ref idref="fl-2e"/>
      </object_component>
      <object_component id="oc-b4">
         <name>.bss</name>
         <load_address>0x1fd7c</load_address>
         <run_address>0x1fd7c</run_address>
         <size>0x8</size>
         <input_file_ref idref="fl-3a"/>
      </object_component>
      <object_component id="oc-3e">
         <name>.bss</name>
         <load_address>0x1fd84</load_address>
         <run_address>0x1fd84</run_address>
         <size>0x8</size>
         <input_file_ref idref="fl-20"/>
      </object_component>
      <object_component id="oc-10e">
         <name>.const:__ctypes_</name>
         <load_address>0xa1e0</load_address>
         <run_address>0xa1e0</run_address>
         <size>0x202</size>
         <input_file_ref idref="fl-3f"/>
      </object_component>
      <object_component id="oc-18">
         <name>.const:.string</name>
         <load_address>0xa3e4</load_address>
         <run_address>0xa3e4</run_address>
         <size>0x17a</size>
         <input_file_ref idref="fl-2"/>
      </object_component>
      <object_component id="oc-bc">
         <name>.const:.string</name>
         <load_address>0xa560</load_address>
         <run_address>0xa560</run_address>
         <size>0x48</size>
         <input_file_ref idref="fl-3b"/>
      </object_component>
      <object_component id="oc-17">
         <name>.const</name>
         <load_address>0xa5a8</load_address>
         <run_address>0xa5a8</run_address>
         <size>0x28</size>
         <input_file_ref idref="fl-2"/>
      </object_component>
      <object_component id="oc-24">
         <name>.const</name>
         <load_address>0xa5d0</load_address>
         <run_address>0xa5d0</run_address>
         <size>0x24</size>
         <input_file_ref idref="fl-4"/>
      </object_component>
      <object_component id="oc-1e">
         <name>.const</name>
         <load_address>0xa5f4</load_address>
         <run_address>0xa5f4</run_address>
         <size>0x18</size>
         <input_file_ref idref="fl-3"/>
      </object_component>
      <object_component id="oc-bb">
         <name>.const</name>
         <load_address>0xa60c</load_address>
         <run_address>0xa60c</run_address>
         <size>0x18</size>
         <input_file_ref idref="fl-3b"/>
      </object_component>
      <object_component id="oc-10b">
         <name>.const:_$P$T0$1</name>
         <load_address>0xa624</load_address>
         <run_address>0xa624</run_address>
         <size>0x10</size>
         <input_file_ref idref="fl-4"/>
      </object_component>
      <object_component id="oc-10d">
         <name>.const:_initial_approx$1</name>
         <load_address>0xa634</load_address>
         <run_address>0xa634</run_address>
         <size>0x10</size>
         <input_file_ref idref="fl-1f"/>
      </object_component>
      <object_component id="oc-10c">
         <name>.const:_$P$T1$2</name>
         <load_address>0xa644</load_address>
         <run_address>0xa644</run_address>
         <size>0x8</size>
         <input_file_ref idref="fl-4"/>
      </object_component>
      <object_component id="oc-db">
         <name>.const:.string</name>
         <load_address>0xa64c</load_address>
         <run_address>0xa64c</run_address>
         <size>0x4</size>
         <input_file_ref idref="fl-43"/>
      </object_component>
      <object_component id="oc-5a">
         <name>.const</name>
         <load_address>0xa650</load_address>
         <run_address>0xa650</run_address>
         <size>0x4</size>
         <input_file_ref idref="fl-26"/>
      </object_component>
      <object_component id="oc-81">
         <name>.sysmem</name>
         <uninitialized>true</uninitialized>
         <run_address>0x71e0</run_address>
         <size>0x0</size>
         <input_file_ref idref="fl-2e"/>
      </object_component>
      <object_component id="oc-128">
         <name>.sysmem</name>
         <uninitialized>true</uninitialized>
         <run_address>0x71e0</run_address>
         <size>0x0</size>
      </object_component>
      <object_component id="oc-76">
         <name>.cinit</name>
         <load_address>0xa8a0</load_address>
         <run_address>0xa8a0</run_address>
         <size>0x5a</size>
         <input_file_ref idref="fl-2c"/>
      </object_component>
      <object_component id="oc-cf">
         <name>.cinit</name>
         <load_address>0xa8fa</load_address>
         <run_address>0xa8fa</run_address>
         <size>0x54</size>
         <input_file_ref idref="fl-40"/>
      </object_component>
      <object_component id="oc-b6">
         <name>.cinit</name>
         <load_address>0xa94e</load_address>
         <run_address>0xa94e</run_address>
         <size>0x14</size>
         <input_file_ref idref="fl-3a"/>
      </object_component>
      <object_component id="oc-40">
         <name>.cinit</name>
         <load_address>0xa962</load_address>
         <run_address>0xa962</run_address>
         <size>0x14</size>
         <input_file_ref idref="fl-20"/>
      </object_component>
      <object_component id="oc-60">
         <name>.cinit</name>
         <load_address>0xa976</load_address>
         <run_address>0xa976</run_address>
         <size>0x8</size>
         <input_file_ref idref="fl-27"/>
      </object_component>
      <object_component id="oc-80">
         <name>.cinit</name>
         <load_address>0xa97e</load_address>
         <run_address>0xa97e</run_address>
         <size>0x8</size>
         <input_file_ref idref="fl-2e"/>
      </object_component>
      <object_component id="oc-9f">
         <name>.cio</name>
         <load_address>0xa660</load_address>
         <run_address>0xa660</run_address>
         <size>0x240</size>
         <input_file_ref idref="fl-35"/>
      </object_component>
      <object_component id="oc-13">
         <name>vectors</name>
         <load_address>0xfe00</load_address>
         <run_address>0xfe00</run_address>
         <size>0x100</size>
         <input_file_ref idref="fl-37"/>
      </object_component>
      <object_component id="oc-16">
         <name>.debug_info</name>
         <load_address>0x0</load_address>
         <run_address>0x0</run_address>
         <size>0xee6</size>
         <input_file_ref idref="fl-2"/>
      </object_component>
      <object_component id="oc-1d">
         <name>.debug_info</name>
         <load_address>0xee6</load_address>
         <run_address>0xee6</run_address>
         <size>0xcc8</size>
         <input_file_ref idref="fl-3"/>
      </object_component>
      <object_component id="oc-23">
         <name>.debug_info</name>
         <load_address>0x1bae</load_address>
         <run_address>0x1bae</run_address>
         <size>0x1004</size>
         <input_file_ref idref="fl-4"/>
      </object_component>
      <object_component id="oc-29">
         <name>.debug_info</name>
         <load_address>0x2bb2</load_address>
         <run_address>0x2bb2</run_address>
         <size>0x77e</size>
         <input_file_ref idref="fl-5"/>
      </object_component>
      <object_component id="oc-2e">
         <name>.debug_info</name>
         <load_address>0x3330</load_address>
         <run_address>0x3330</run_address>
         <size>0x5ab</size>
         <input_file_ref idref="fl-1c"/>
      </object_component>
      <object_component id="oc-32">
         <name>.debug_info</name>
         <load_address>0x38db</load_address>
         <run_address>0x38db</run_address>
         <size>0xe8</size>
         <input_file_ref idref="fl-1d"/>
      </object_component>
      <object_component id="oc-36">
         <name>.debug_info</name>
         <load_address>0x39c3</load_address>
         <run_address>0x39c3</run_address>
         <size>0x81f</size>
         <input_file_ref idref="fl-1e"/>
      </object_component>
      <object_component id="oc-3a">
         <name>.debug_info</name>
         <load_address>0x41e2</load_address>
         <run_address>0x41e2</run_address>
         <size>0x7e8</size>
         <input_file_ref idref="fl-1f"/>
      </object_component>
      <object_component id="oc-3f">
         <name>.debug_info</name>
         <load_address>0x49ca</load_address>
         <run_address>0x49ca</run_address>
         <size>0x5fb</size>
         <input_file_ref idref="fl-20"/>
      </object_component>
      <object_component id="oc-45">
         <name>.debug_info</name>
         <load_address>0x4fc5</load_address>
         <run_address>0x4fc5</run_address>
         <size>0x64f</size>
         <input_file_ref idref="fl-21"/>
      </object_component>
      <object_component id="oc-49">
         <name>.debug_info</name>
         <load_address>0x5614</load_address>
         <run_address>0x5614</run_address>
         <size>0x706</size>
         <input_file_ref idref="fl-22"/>
      </object_component>
      <object_component id="oc-4d">
         <name>.debug_info</name>
         <load_address>0x5d1a</load_address>
         <run_address>0x5d1a</run_address>
         <size>0x4cf</size>
         <input_file_ref idref="fl-23"/>
      </object_component>
      <object_component id="oc-51">
         <name>.debug_info</name>
         <load_address>0x61e9</load_address>
         <run_address>0x61e9</run_address>
         <size>0x534</size>
         <input_file_ref idref="fl-24"/>
      </object_component>
      <object_component id="oc-55">
         <name>.debug_info</name>
         <load_address>0x671d</load_address>
         <run_address>0x671d</run_address>
         <size>0x4cf</size>
         <input_file_ref idref="fl-25"/>
      </object_component>
      <object_component id="oc-59">
         <name>.debug_info</name>
         <load_address>0x6bec</load_address>
         <run_address>0x6bec</run_address>
         <size>0x549</size>
         <input_file_ref idref="fl-26"/>
      </object_component>
      <object_component id="oc-5f">
         <name>.debug_info</name>
         <load_address>0x7135</load_address>
         <run_address>0x7135</run_address>
         <size>0xa1c</size>
         <input_file_ref idref="fl-27"/>
      </object_component>
      <object_component id="oc-64">
         <name>.debug_info</name>
         <load_address>0x7b51</load_address>
         <run_address>0x7b51</run_address>
         <size>0x53e</size>
         <input_file_ref idref="fl-28"/>
      </object_component>
      <object_component id="oc-68">
         <name>.debug_info</name>
         <load_address>0x808f</load_address>
         <run_address>0x808f</run_address>
         <size>0x762</size>
         <input_file_ref idref="fl-29"/>
      </object_component>
      <object_component id="oc-6c">
         <name>.debug_info</name>
         <load_address>0x87f1</load_address>
         <run_address>0x87f1</run_address>
         <size>0x8f7</size>
         <input_file_ref idref="fl-2a"/>
      </object_component>
      <object_component id="oc-70">
         <name>.debug_info</name>
         <load_address>0x90e8</load_address>
         <run_address>0x90e8</run_address>
         <size>0xbd</size>
         <input_file_ref idref="fl-2b"/>
      </object_component>
      <object_component id="oc-75">
         <name>.debug_info</name>
         <load_address>0x91a5</load_address>
         <run_address>0x91a5</run_address>
         <size>0x144b</size>
         <input_file_ref idref="fl-2c"/>
      </object_component>
      <object_component id="oc-7a">
         <name>.debug_info</name>
         <load_address>0xa5f0</load_address>
         <run_address>0xa5f0</run_address>
         <size>0xd1</size>
         <input_file_ref idref="fl-2d"/>
      </object_component>
      <object_component id="oc-7f">
         <name>.debug_info</name>
         <load_address>0xa6c1</load_address>
         <run_address>0xa6c1</run_address>
         <size>0xb97</size>
         <input_file_ref idref="fl-2e"/>
      </object_component>
      <object_component id="oc-85">
         <name>.debug_info</name>
         <load_address>0xb258</load_address>
         <run_address>0xb258</run_address>
         <size>0x55b</size>
         <input_file_ref idref="fl-2f"/>
      </object_component>
      <object_component id="oc-89">
         <name>.debug_info</name>
         <load_address>0xb7b3</load_address>
         <run_address>0xb7b3</run_address>
         <size>0x76c</size>
         <input_file_ref idref="fl-30"/>
      </object_component>
      <object_component id="oc-8d">
         <name>.debug_info</name>
         <load_address>0xbf1f</load_address>
         <run_address>0xbf1f</run_address>
         <size>0x510</size>
         <input_file_ref idref="fl-31"/>
      </object_component>
      <object_component id="oc-91">
         <name>.debug_info</name>
         <load_address>0xc42f</load_address>
         <run_address>0xc42f</run_address>
         <size>0x58a</size>
         <input_file_ref idref="fl-32"/>
      </object_component>
      <object_component id="oc-95">
         <name>.debug_info</name>
         <load_address>0xc9b9</load_address>
         <run_address>0xc9b9</run_address>
         <size>0x4de</size>
         <input_file_ref idref="fl-33"/>
      </object_component>
      <object_component id="oc-9a">
         <name>.debug_info</name>
         <load_address>0xce97</load_address>
         <run_address>0xce97</run_address>
         <size>0xed4</size>
         <input_file_ref idref="fl-34"/>
      </object_component>
      <object_component id="oc-9e">
         <name>.debug_info</name>
         <load_address>0xdd6b</load_address>
         <run_address>0xdd6b</run_address>
         <size>0x744</size>
         <input_file_ref idref="fl-35"/>
      </object_component>
      <object_component id="oc-a4">
         <name>.debug_info</name>
         <load_address>0xe4af</load_address>
         <run_address>0xe4af</run_address>
         <size>0xef</size>
         <input_file_ref idref="fl-36"/>
      </object_component>
      <object_component id="oc-a8">
         <name>.debug_info</name>
         <load_address>0xe59e</load_address>
         <run_address>0xe59e</run_address>
         <size>0xbc</size>
         <input_file_ref idref="fl-37"/>
      </object_component>
      <object_component id="oc-ac">
         <name>.debug_info</name>
         <load_address>0xe65a</load_address>
         <run_address>0xe65a</run_address>
         <size>0x6b8</size>
         <input_file_ref idref="fl-38"/>
      </object_component>
      <object_component id="oc-b0">
         <name>.debug_info</name>
         <load_address>0xed12</load_address>
         <run_address>0xed12</run_address>
         <size>0x662</size>
         <input_file_ref idref="fl-39"/>
      </object_component>
      <object_component id="oc-b5">
         <name>.debug_info</name>
         <load_address>0xf374</load_address>
         <run_address>0xf374</run_address>
         <size>0x5bc</size>
         <input_file_ref idref="fl-3a"/>
      </object_component>
      <object_component id="oc-ba">
         <name>.debug_info</name>
         <load_address>0xf930</load_address>
         <run_address>0xf930</run_address>
         <size>0x27bd</size>
         <input_file_ref idref="fl-3b"/>
      </object_component>
      <object_component id="oc-c0">
         <name>.debug_info</name>
         <load_address>0x120ed</load_address>
         <run_address>0x120ed</run_address>
         <size>0x586</size>
         <input_file_ref idref="fl-3c"/>
      </object_component>
      <object_component id="oc-c4">
         <name>.debug_info</name>
         <load_address>0x12673</load_address>
         <run_address>0x12673</run_address>
         <size>0x5a4</size>
         <input_file_ref idref="fl-3d"/>
      </object_component>
      <object_component id="oc-c8">
         <name>.debug_info</name>
         <load_address>0x12c17</load_address>
         <run_address>0x12c17</run_address>
         <size>0xcd</size>
         <input_file_ref idref="fl-3e"/>
      </object_component>
      <object_component id="oc-cb">
         <name>.debug_info</name>
         <load_address>0x12ce4</load_address>
         <run_address>0x12ce4</run_address>
         <size>0x498</size>
         <input_file_ref idref="fl-3f"/>
      </object_component>
      <object_component id="oc-ce">
         <name>.debug_info</name>
         <load_address>0x1317c</load_address>
         <run_address>0x1317c</run_address>
         <size>0x57e</size>
         <input_file_ref idref="fl-40"/>
      </object_component>
      <object_component id="oc-d2">
         <name>.debug_info</name>
         <load_address>0x136fa</load_address>
         <run_address>0x136fa</run_address>
         <size>0x534</size>
         <input_file_ref idref="fl-41"/>
      </object_component>
      <object_component id="oc-d6">
         <name>.debug_info</name>
         <load_address>0x13c2e</load_address>
         <run_address>0x13c2e</run_address>
         <size>0x6aa</size>
         <input_file_ref idref="fl-42"/>
      </object_component>
      <object_component id="oc-da">
         <name>.debug_info</name>
         <load_address>0x142d8</load_address>
         <run_address>0x142d8</run_address>
         <size>0x942</size>
         <input_file_ref idref="fl-43"/>
      </object_component>
      <object_component id="oc-df">
         <name>.debug_info</name>
         <load_address>0x14c1a</load_address>
         <run_address>0x14c1a</run_address>
         <size>0x4d2</size>
         <input_file_ref idref="fl-44"/>
      </object_component>
      <object_component id="oc-e3">
         <name>.debug_info</name>
         <load_address>0x150ec</load_address>
         <run_address>0x150ec</run_address>
         <size>0x5f7</size>
         <input_file_ref idref="fl-45"/>
      </object_component>
      <object_component id="oc-e7">
         <name>.debug_info</name>
         <load_address>0x156e3</load_address>
         <run_address>0x156e3</run_address>
         <size>0x680</size>
         <input_file_ref idref="fl-46"/>
      </object_component>
      <object_component id="oc-eb">
         <name>.debug_info</name>
         <load_address>0x15d63</load_address>
         <run_address>0x15d63</run_address>
         <size>0x7d4</size>
         <input_file_ref idref="fl-47"/>
      </object_component>
      <object_component id="oc-ef">
         <name>.debug_info</name>
         <load_address>0x16537</load_address>
         <run_address>0x16537</run_address>
         <size>0x5ad</size>
         <input_file_ref idref="fl-48"/>
      </object_component>
      <object_component id="oc-f3">
         <name>.debug_info</name>
         <load_address>0x16ae4</load_address>
         <run_address>0x16ae4</run_address>
         <size>0x574</size>
         <input_file_ref idref="fl-49"/>
      </object_component>
      <object_component id="oc-f7">
         <name>.debug_info</name>
         <load_address>0x17058</load_address>
         <run_address>0x17058</run_address>
         <size>0x4b7</size>
         <input_file_ref idref="fl-4a"/>
      </object_component>
      <object_component id="oc-fb">
         <name>.debug_info</name>
         <load_address>0x1750f</load_address>
         <run_address>0x1750f</run_address>
         <size>0x4f2</size>
         <input_file_ref idref="fl-4b"/>
      </object_component>
      <object_component id="oc-ff">
         <name>.debug_info</name>
         <load_address>0x17a01</load_address>
         <run_address>0x17a01</run_address>
         <size>0x534</size>
         <input_file_ref idref="fl-4c"/>
      </object_component>
      <object_component id="oc-103">
         <name>.debug_info</name>
         <load_address>0x17f35</load_address>
         <run_address>0x17f35</run_address>
         <size>0x64a</size>
         <input_file_ref idref="fl-4d"/>
      </object_component>
      <object_component id="oc-107">
         <name>.debug_info</name>
         <load_address>0x1857f</load_address>
         <run_address>0x1857f</run_address>
         <size>0x4f2</size>
         <input_file_ref idref="fl-4e"/>
      </object_component>
      <object_component id="oc-12b">
         <name>.debug_info</name>
         <load_address>0x18a71</load_address>
         <run_address>0x18a71</run_address>
         <size>0x6e</size>
      </object_component>
      <object_component id="oc-19">
         <name>.debug_frame</name>
         <load_address>0x0</load_address>
         <run_address>0x0</run_address>
         <size>0xe6</size>
         <input_file_ref idref="fl-2"/>
      </object_component>
      <object_component id="oc-1f">
         <name>.debug_frame</name>
         <load_address>0xe6</load_address>
         <run_address>0xe6</run_address>
         <size>0x129</size>
         <input_file_ref idref="fl-3"/>
      </object_component>
      <object_component id="oc-25">
         <name>.debug_frame</name>
         <load_address>0x20f</load_address>
         <run_address>0x20f</run_address>
         <size>0x159</size>
         <input_file_ref idref="fl-4"/>
      </object_component>
      <object_component id="oc-2a">
         <name>.debug_frame</name>
         <load_address>0x368</load_address>
         <run_address>0x368</run_address>
         <size>0xe6</size>
         <input_file_ref idref="fl-5"/>
      </object_component>
      <object_component id="oc-1a">
         <name>.debug_line</name>
         <load_address>0x0</load_address>
         <run_address>0x0</run_address>
         <size>0xd1</size>
         <input_file_ref idref="fl-2"/>
      </object_component>
      <object_component id="oc-20">
         <name>.debug_line</name>
         <load_address>0xd1</load_address>
         <run_address>0xd1</run_address>
         <size>0xe2</size>
         <input_file_ref idref="fl-3"/>
      </object_component>
      <object_component id="oc-26">
         <name>.debug_line</name>
         <load_address>0x1b3</load_address>
         <run_address>0x1b3</run_address>
         <size>0x120</size>
         <input_file_ref idref="fl-4"/>
      </object_component>
      <object_component id="oc-2b">
         <name>.debug_line</name>
         <load_address>0x2d3</load_address>
         <run_address>0x2d3</run_address>
         <size>0x62</size>
         <input_file_ref idref="fl-5"/>
      </object_component>
      <object_component id="oc-2f">
         <name>.debug_line</name>
         <load_address>0x335</load_address>
         <run_address>0x335</run_address>
         <size>0x5c</size>
         <input_file_ref idref="fl-1c"/>
      </object_component>
      <object_component id="oc-33">
         <name>.debug_line</name>
         <load_address>0x391</load_address>
         <run_address>0x391</run_address>
         <size>0x54</size>
         <input_file_ref idref="fl-1d"/>
      </object_component>
      <object_component id="oc-37">
         <name>.debug_line</name>
         <load_address>0x3e5</load_address>
         <run_address>0x3e5</run_address>
         <size>0xad</size>
         <input_file_ref idref="fl-1e"/>
      </object_component>
      <object_component id="oc-3b">
         <name>.debug_line</name>
         <load_address>0x492</load_address>
         <run_address>0x492</run_address>
         <size>0x5b</size>
         <input_file_ref idref="fl-1f"/>
      </object_component>
      <object_component id="oc-42">
         <name>.debug_line</name>
         <load_address>0x4ed</load_address>
         <run_address>0x4ed</run_address>
         <size>0x51</size>
         <input_file_ref idref="fl-20"/>
      </object_component>
      <object_component id="oc-46">
         <name>.debug_line</name>
         <load_address>0x53e</load_address>
         <run_address>0x53e</run_address>
         <size>0x3d</size>
         <input_file_ref idref="fl-21"/>
      </object_component>
      <object_component id="oc-4a">
         <name>.debug_line</name>
         <load_address>0x57b</load_address>
         <run_address>0x57b</run_address>
         <size>0x5b</size>
         <input_file_ref idref="fl-22"/>
      </object_component>
      <object_component id="oc-4e">
         <name>.debug_line</name>
         <load_address>0x5d6</load_address>
         <run_address>0x5d6</run_address>
         <size>0x3d</size>
         <input_file_ref idref="fl-23"/>
      </object_component>
      <object_component id="oc-52">
         <name>.debug_line</name>
         <load_address>0x613</load_address>
         <run_address>0x613</run_address>
         <size>0x3d</size>
         <input_file_ref idref="fl-24"/>
      </object_component>
      <object_component id="oc-56">
         <name>.debug_line</name>
         <load_address>0x650</load_address>
         <run_address>0x650</run_address>
         <size>0x3d</size>
         <input_file_ref idref="fl-25"/>
      </object_component>
      <object_component id="oc-5b">
         <name>.debug_line</name>
         <load_address>0x68d</load_address>
         <run_address>0x68d</run_address>
         <size>0x44</size>
         <input_file_ref idref="fl-26"/>
      </object_component>
      <object_component id="oc-61">
         <name>.debug_line</name>
         <load_address>0x6d1</load_address>
         <run_address>0x6d1</run_address>
         <size>0xd7</size>
         <input_file_ref idref="fl-27"/>
      </object_component>
      <object_component id="oc-65">
         <name>.debug_line</name>
         <load_address>0x7a8</load_address>
         <run_address>0x7a8</run_address>
         <size>0x40</size>
         <input_file_ref idref="fl-28"/>
      </object_component>
      <object_component id="oc-69">
         <name>.debug_line</name>
         <load_address>0x7e8</load_address>
         <run_address>0x7e8</run_address>
         <size>0x4d</size>
         <input_file_ref idref="fl-29"/>
      </object_component>
      <object_component id="oc-6d">
         <name>.debug_line</name>
         <load_address>0x835</load_address>
         <run_address>0x835</run_address>
         <size>0x97</size>
         <input_file_ref idref="fl-2a"/>
      </object_component>
      <object_component id="oc-71">
         <name>.debug_line</name>
         <load_address>0x8cc</load_address>
         <run_address>0x8cc</run_address>
         <size>0x3c</size>
         <input_file_ref idref="fl-2b"/>
      </object_component>
      <object_component id="oc-77">
         <name>.debug_line</name>
         <load_address>0x908</load_address>
         <run_address>0x908</run_address>
         <size>0x1b0</size>
         <input_file_ref idref="fl-2c"/>
      </object_component>
      <object_component id="oc-7b">
         <name>.debug_line</name>
         <load_address>0xab8</load_address>
         <run_address>0xab8</run_address>
         <size>0x4d</size>
         <input_file_ref idref="fl-2d"/>
      </object_component>
      <object_component id="oc-82">
         <name>.debug_line</name>
         <load_address>0xb05</load_address>
         <run_address>0xb05</run_address>
         <size>0x112</size>
         <input_file_ref idref="fl-2e"/>
      </object_component>
      <object_component id="oc-86">
         <name>.debug_line</name>
         <load_address>0xc17</load_address>
         <run_address>0xc17</run_address>
         <size>0x3c</size>
         <input_file_ref idref="fl-2f"/>
      </object_component>
      <object_component id="oc-8a">
         <name>.debug_line</name>
         <load_address>0xc53</load_address>
         <run_address>0xc53</run_address>
         <size>0x69</size>
         <input_file_ref idref="fl-30"/>
      </object_component>
      <object_component id="oc-8e">
         <name>.debug_line</name>
         <load_address>0xcbc</load_address>
         <run_address>0xcbc</run_address>
         <size>0x39</size>
         <input_file_ref idref="fl-31"/>
      </object_component>
      <object_component id="oc-92">
         <name>.debug_line</name>
         <load_address>0xcf5</load_address>
         <run_address>0xcf5</run_address>
         <size>0x3b</size>
         <input_file_ref idref="fl-32"/>
      </object_component>
      <object_component id="oc-96">
         <name>.debug_line</name>
         <load_address>0xd30</load_address>
         <run_address>0xd30</run_address>
         <size>0x37</size>
         <input_file_ref idref="fl-33"/>
      </object_component>
      <object_component id="oc-9b">
         <name>.debug_line</name>
         <load_address>0xd67</load_address>
         <run_address>0xd67</run_address>
         <size>0x15d</size>
         <input_file_ref idref="fl-34"/>
      </object_component>
      <object_component id="oc-a1">
         <name>.debug_line</name>
         <load_address>0xec4</load_address>
         <run_address>0xec4</run_address>
         <size>0x6a</size>
         <input_file_ref idref="fl-35"/>
      </object_component>
      <object_component id="oc-a5">
         <name>.debug_line</name>
         <load_address>0xf2e</load_address>
         <run_address>0xf2e</run_address>
         <size>0x58</size>
         <input_file_ref idref="fl-36"/>
      </object_component>
      <object_component id="oc-a9">
         <name>.debug_line</name>
         <load_address>0xf86</load_address>
         <run_address>0xf86</run_address>
         <size>0x37</size>
         <input_file_ref idref="fl-37"/>
      </object_component>
      <object_component id="oc-ad">
         <name>.debug_line</name>
         <load_address>0xfbd</load_address>
         <run_address>0xfbd</run_address>
         <size>0x4c</size>
         <input_file_ref idref="fl-38"/>
      </object_component>
      <object_component id="oc-b1">
         <name>.debug_line</name>
         <load_address>0x1009</load_address>
         <run_address>0x1009</run_address>
         <size>0x57</size>
         <input_file_ref idref="fl-39"/>
      </object_component>
      <object_component id="oc-b7">
         <name>.debug_line</name>
         <load_address>0x1060</load_address>
         <run_address>0x1060</run_address>
         <size>0x57</size>
         <input_file_ref idref="fl-3a"/>
      </object_component>
      <object_component id="oc-bd">
         <name>.debug_line</name>
         <load_address>0x10b7</load_address>
         <run_address>0x10b7</run_address>
         <size>0x328</size>
         <input_file_ref idref="fl-3b"/>
      </object_component>
      <object_component id="oc-c1">
         <name>.debug_line</name>
         <load_address>0x13df</load_address>
         <run_address>0x13df</run_address>
         <size>0x41</size>
         <input_file_ref idref="fl-3c"/>
      </object_component>
      <object_component id="oc-c5">
         <name>.debug_line</name>
         <load_address>0x1420</load_address>
         <run_address>0x1420</run_address>
         <size>0x46</size>
         <input_file_ref idref="fl-3d"/>
      </object_component>
      <object_component id="oc-c9">
         <name>.debug_line</name>
         <load_address>0x1466</load_address>
         <run_address>0x1466</run_address>
         <size>0x55</size>
         <input_file_ref idref="fl-3e"/>
      </object_component>
      <object_component id="oc-d3">
         <name>.debug_line</name>
         <load_address>0x14bb</load_address>
         <run_address>0x14bb</run_address>
         <size>0x44</size>
         <input_file_ref idref="fl-41"/>
      </object_component>
      <object_component id="oc-d7">
         <name>.debug_line</name>
         <load_address>0x14ff</load_address>
         <run_address>0x14ff</run_address>
         <size>0x56</size>
         <input_file_ref idref="fl-42"/>
      </object_component>
      <object_component id="oc-dc">
         <name>.debug_line</name>
         <load_address>0x1555</load_address>
         <run_address>0x1555</run_address>
         <size>0xa8</size>
         <input_file_ref idref="fl-43"/>
      </object_component>
      <object_component id="oc-e0">
         <name>.debug_line</name>
         <load_address>0x15fd</load_address>
         <run_address>0x15fd</run_address>
         <size>0x3a</size>
         <input_file_ref idref="fl-44"/>
      </object_component>
      <object_component id="oc-e4">
         <name>.debug_line</name>
         <load_address>0x1637</load_address>
         <run_address>0x1637</run_address>
         <size>0x3c</size>
         <input_file_ref idref="fl-45"/>
      </object_component>
      <object_component id="oc-e8">
         <name>.debug_line</name>
         <load_address>0x1673</load_address>
         <run_address>0x1673</run_address>
         <size>0x38</size>
         <input_file_ref idref="fl-46"/>
      </object_component>
      <object_component id="oc-ec">
         <name>.debug_line</name>
         <load_address>0x16ab</load_address>
         <run_address>0x16ab</run_address>
         <size>0xa8</size>
         <input_file_ref idref="fl-47"/>
      </object_component>
      <object_component id="oc-f0">
         <name>.debug_line</name>
         <load_address>0x1753</load_address>
         <run_address>0x1753</run_address>
         <size>0x40</size>
         <input_file_ref idref="fl-48"/>
      </object_component>
      <object_component id="oc-f4">
         <name>.debug_line</name>
         <load_address>0x1793</load_address>
         <run_address>0x1793</run_address>
         <size>0x3c</size>
         <input_file_ref idref="fl-49"/>
      </object_component>
      <object_component id="oc-f8">
         <name>.debug_line</name>
         <load_address>0x17cf</load_address>
         <run_address>0x17cf</run_address>
         <size>0x37</size>
         <input_file_ref idref="fl-4a"/>
      </object_component>
      <object_component id="oc-fc">
         <name>.debug_line</name>
         <load_address>0x1806</load_address>
         <run_address>0x1806</run_address>
         <size>0x3c</size>
         <input_file_ref idref="fl-4b"/>
      </object_component>
      <object_component id="oc-100">
         <name>.debug_line</name>
         <load_address>0x1842</load_address>
         <run_address>0x1842</run_address>
         <size>0x44</size>
         <input_file_ref idref="fl-4c"/>
      </object_component>
      <object_component id="oc-104">
         <name>.debug_line</name>
         <load_address>0x1886</load_address>
         <run_address>0x1886</run_address>
         <size>0x3f</size>
         <input_file_ref idref="fl-4d"/>
      </object_component>
      <object_component id="oc-108">
         <name>.debug_line</name>
         <load_address>0x18c5</load_address>
         <run_address>0x18c5</run_address>
         <size>0x3c</size>
         <input_file_ref idref="fl-4e"/>
      </object_component>
      <object_component id="oc-1b">
         <name>.debug_abbrev</name>
         <load_address>0x0</load_address>
         <run_address>0x0</run_address>
         <size>0x150</size>
         <input_file_ref idref="fl-2"/>
      </object_component>
      <object_component id="oc-21">
         <name>.debug_abbrev</name>
         <load_address>0x150</load_address>
         <run_address>0x150</run_address>
         <size>0x139</size>
         <input_file_ref idref="fl-3"/>
      </object_component>
      <object_component id="oc-27">
         <name>.debug_abbrev</name>
         <load_address>0x289</load_address>
         <run_address>0x289</run_address>
         <size>0x136</size>
         <input_file_ref idref="fl-4"/>
      </object_component>
      <object_component id="oc-2c">
         <name>.debug_abbrev</name>
         <load_address>0x3bf</load_address>
         <run_address>0x3bf</run_address>
         <size>0xa7</size>
         <input_file_ref idref="fl-5"/>
      </object_component>
      <object_component id="oc-30">
         <name>.debug_abbrev</name>
         <load_address>0x466</load_address>
         <run_address>0x466</run_address>
         <size>0xd4</size>
         <input_file_ref idref="fl-1c"/>
      </object_component>
      <object_component id="oc-34">
         <name>.debug_abbrev</name>
         <load_address>0x53a</load_address>
         <run_address>0x53a</run_address>
         <size>0x3a</size>
         <input_file_ref idref="fl-1d"/>
      </object_component>
      <object_component id="oc-38">
         <name>.debug_abbrev</name>
         <load_address>0x574</load_address>
         <run_address>0x574</run_address>
         <size>0xb7</size>
         <input_file_ref idref="fl-1e"/>
      </object_component>
      <object_component id="oc-3c">
         <name>.debug_abbrev</name>
         <load_address>0x62b</load_address>
         <run_address>0x62b</run_address>
         <size>0x112</size>
         <input_file_ref idref="fl-1f"/>
      </object_component>
      <object_component id="oc-43">
         <name>.debug_abbrev</name>
         <load_address>0x73d</load_address>
         <run_address>0x73d</run_address>
         <size>0xf7</size>
         <input_file_ref idref="fl-20"/>
      </object_component>
      <object_component id="oc-47">
         <name>.debug_abbrev</name>
         <load_address>0x834</load_address>
         <run_address>0x834</run_address>
         <size>0x118</size>
         <input_file_ref idref="fl-21"/>
      </object_component>
      <object_component id="oc-4b">
         <name>.debug_abbrev</name>
         <load_address>0x94c</load_address>
         <run_address>0x94c</run_address>
         <size>0x136</size>
         <input_file_ref idref="fl-22"/>
      </object_component>
      <object_component id="oc-4f">
         <name>.debug_abbrev</name>
         <load_address>0xa82</load_address>
         <run_address>0xa82</run_address>
         <size>0x8f</size>
         <input_file_ref idref="fl-23"/>
      </object_component>
      <object_component id="oc-53">
         <name>.debug_abbrev</name>
         <load_address>0xb11</load_address>
         <run_address>0xb11</run_address>
         <size>0xb7</size>
         <input_file_ref idref="fl-24"/>
      </object_component>
      <object_component id="oc-57">
         <name>.debug_abbrev</name>
         <load_address>0xbc8</load_address>
         <run_address>0xbc8</run_address>
         <size>0x8f</size>
         <input_file_ref idref="fl-25"/>
      </object_component>
      <object_component id="oc-5c">
         <name>.debug_abbrev</name>
         <load_address>0xc57</load_address>
         <run_address>0xc57</run_address>
         <size>0xc2</size>
         <input_file_ref idref="fl-26"/>
      </object_component>
      <object_component id="oc-62">
         <name>.debug_abbrev</name>
         <load_address>0xd19</load_address>
         <run_address>0xd19</run_address>
         <size>0x1a2</size>
         <input_file_ref idref="fl-27"/>
      </object_component>
      <object_component id="oc-66">
         <name>.debug_abbrev</name>
         <load_address>0xebb</load_address>
         <run_address>0xebb</run_address>
         <size>0x9a</size>
         <input_file_ref idref="fl-28"/>
      </object_component>
      <object_component id="oc-6a">
         <name>.debug_abbrev</name>
         <load_address>0xf55</load_address>
         <run_address>0xf55</run_address>
         <size>0x111</size>
         <input_file_ref idref="fl-29"/>
      </object_component>
      <object_component id="oc-6e">
         <name>.debug_abbrev</name>
         <load_address>0x1066</load_address>
         <run_address>0x1066</run_address>
         <size>0x11e</size>
         <input_file_ref idref="fl-2a"/>
      </object_component>
      <object_component id="oc-72">
         <name>.debug_abbrev</name>
         <load_address>0x1184</load_address>
         <run_address>0x1184</run_address>
         <size>0x38</size>
         <input_file_ref idref="fl-2b"/>
      </object_component>
      <object_component id="oc-78">
         <name>.debug_abbrev</name>
         <load_address>0x11bc</load_address>
         <run_address>0x11bc</run_address>
         <size>0x225</size>
         <input_file_ref idref="fl-2c"/>
      </object_component>
      <object_component id="oc-7c">
         <name>.debug_abbrev</name>
         <load_address>0x13e1</load_address>
         <run_address>0x13e1</run_address>
         <size>0x38</size>
         <input_file_ref idref="fl-2d"/>
      </object_component>
      <object_component id="oc-83">
         <name>.debug_abbrev</name>
         <load_address>0x1419</load_address>
         <run_address>0x1419</run_address>
         <size>0x1de</size>
         <input_file_ref idref="fl-2e"/>
      </object_component>
      <object_component id="oc-87">
         <name>.debug_abbrev</name>
         <load_address>0x15f7</load_address>
         <run_address>0x15f7</run_address>
         <size>0xdc</size>
         <input_file_ref idref="fl-2f"/>
      </object_component>
      <object_component id="oc-8b">
         <name>.debug_abbrev</name>
         <load_address>0x16d3</load_address>
         <run_address>0x16d3</run_address>
         <size>0x145</size>
         <input_file_ref idref="fl-30"/>
      </object_component>
      <object_component id="oc-8f">
         <name>.debug_abbrev</name>
         <load_address>0x1818</load_address>
         <run_address>0x1818</run_address>
         <size>0xbf</size>
         <input_file_ref idref="fl-31"/>
      </object_component>
      <object_component id="oc-93">
         <name>.debug_abbrev</name>
         <load_address>0x18d7</load_address>
         <run_address>0x18d7</run_address>
         <size>0xcf</size>
         <input_file_ref idref="fl-32"/>
      </object_component>
      <object_component id="oc-97">
         <name>.debug_abbrev</name>
         <load_address>0x19a6</load_address>
         <run_address>0x19a6</run_address>
         <size>0x8f</size>
         <input_file_ref idref="fl-33"/>
      </object_component>
      <object_component id="oc-9c">
         <name>.debug_abbrev</name>
         <load_address>0x1a35</load_address>
         <run_address>0x1a35</run_address>
         <size>0x15a</size>
         <input_file_ref idref="fl-34"/>
      </object_component>
      <object_component id="oc-a2">
         <name>.debug_abbrev</name>
         <load_address>0x1b8f</load_address>
         <run_address>0x1b8f</run_address>
         <size>0xde</size>
         <input_file_ref idref="fl-35"/>
      </object_component>
      <object_component id="oc-a6">
         <name>.debug_abbrev</name>
         <load_address>0x1c6d</load_address>
         <run_address>0x1c6d</run_address>
         <size>0x38</size>
         <input_file_ref idref="fl-36"/>
      </object_component>
      <object_component id="oc-aa">
         <name>.debug_abbrev</name>
         <load_address>0x1ca5</load_address>
         <run_address>0x1ca5</run_address>
         <size>0x26</size>
         <input_file_ref idref="fl-37"/>
      </object_component>
      <object_component id="oc-ae">
         <name>.debug_abbrev</name>
         <load_address>0x1ccb</load_address>
         <run_address>0x1ccb</run_address>
         <size>0x124</size>
         <input_file_ref idref="fl-38"/>
      </object_component>
      <object_component id="oc-b2">
         <name>.debug_abbrev</name>
         <load_address>0x1def</load_address>
         <run_address>0x1def</run_address>
         <size>0xd1</size>
         <input_file_ref idref="fl-39"/>
      </object_component>
      <object_component id="oc-b8">
         <name>.debug_abbrev</name>
         <load_address>0x1ec0</load_address>
         <run_address>0x1ec0</run_address>
         <size>0x9f</size>
         <input_file_ref idref="fl-3a"/>
      </object_component>
      <object_component id="oc-be">
         <name>.debug_abbrev</name>
         <load_address>0x1f5f</load_address>
         <run_address>0x1f5f</run_address>
         <size>0x1f8</size>
         <input_file_ref idref="fl-3b"/>
      </object_component>
      <object_component id="oc-c2">
         <name>.debug_abbrev</name>
         <load_address>0x2157</load_address>
         <run_address>0x2157</run_address>
         <size>0xec</size>
         <input_file_ref idref="fl-3c"/>
      </object_component>
      <object_component id="oc-c6">
         <name>.debug_abbrev</name>
         <load_address>0x2243</load_address>
         <run_address>0x2243</run_address>
         <size>0xd5</size>
         <input_file_ref idref="fl-3d"/>
      </object_component>
      <object_component id="oc-ca">
         <name>.debug_abbrev</name>
         <load_address>0x2318</load_address>
         <run_address>0x2318</run_address>
         <size>0x44</size>
         <input_file_ref idref="fl-3e"/>
      </object_component>
      <object_component id="oc-cc">
         <name>.debug_abbrev</name>
         <load_address>0x235c</load_address>
         <run_address>0x235c</run_address>
         <size>0x68</size>
         <input_file_ref idref="fl-3f"/>
      </object_component>
      <object_component id="oc-d0">
         <name>.debug_abbrev</name>
         <load_address>0x23c4</load_address>
         <run_address>0x23c4</run_address>
         <size>0x83</size>
         <input_file_ref idref="fl-40"/>
      </object_component>
      <object_component id="oc-d4">
         <name>.debug_abbrev</name>
         <load_address>0x2447</load_address>
         <run_address>0x2447</run_address>
         <size>0xb5</size>
         <input_file_ref idref="fl-41"/>
      </object_component>
      <object_component id="oc-d8">
         <name>.debug_abbrev</name>
         <load_address>0x24fc</load_address>
         <run_address>0x24fc</run_address>
         <size>0x103</size>
         <input_file_ref idref="fl-42"/>
      </object_component>
      <object_component id="oc-dd">
         <name>.debug_abbrev</name>
         <load_address>0x25ff</load_address>
         <run_address>0x25ff</run_address>
         <size>0x140</size>
         <input_file_ref idref="fl-43"/>
      </object_component>
      <object_component id="oc-e1">
         <name>.debug_abbrev</name>
         <load_address>0x273f</load_address>
         <run_address>0x273f</run_address>
         <size>0x81</size>
         <input_file_ref idref="fl-44"/>
      </object_component>
      <object_component id="oc-e5">
         <name>.debug_abbrev</name>
         <load_address>0x27c0</load_address>
         <run_address>0x27c0</run_address>
         <size>0xd1</size>
         <input_file_ref idref="fl-45"/>
      </object_component>
      <object_component id="oc-e9">
         <name>.debug_abbrev</name>
         <load_address>0x2891</load_address>
         <run_address>0x2891</run_address>
         <size>0xd0</size>
         <input_file_ref idref="fl-46"/>
      </object_component>
      <object_component id="oc-ed">
         <name>.debug_abbrev</name>
         <load_address>0x2961</load_address>
         <run_address>0x2961</run_address>
         <size>0xb7</size>
         <input_file_ref idref="fl-47"/>
      </object_component>
      <object_component id="oc-f1">
         <name>.debug_abbrev</name>
         <load_address>0x2a18</load_address>
         <run_address>0x2a18</run_address>
         <size>0xec</size>
         <input_file_ref idref="fl-48"/>
      </object_component>
      <object_component id="oc-f5">
         <name>.debug_abbrev</name>
         <load_address>0x2b04</load_address>
         <run_address>0x2b04</run_address>
         <size>0xb7</size>
         <input_file_ref idref="fl-49"/>
      </object_component>
      <object_component id="oc-f9">
         <name>.debug_abbrev</name>
         <load_address>0x2bbb</load_address>
         <run_address>0x2bbb</run_address>
         <size>0x81</size>
         <input_file_ref idref="fl-4a"/>
      </object_component>
      <object_component id="oc-fd">
         <name>.debug_abbrev</name>
         <load_address>0x2c3c</load_address>
         <run_address>0x2c3c</run_address>
         <size>0xa6</size>
         <input_file_ref idref="fl-4b"/>
      </object_component>
      <object_component id="oc-101">
         <name>.debug_abbrev</name>
         <load_address>0x2ce2</load_address>
         <run_address>0x2ce2</run_address>
         <size>0xb5</size>
         <input_file_ref idref="fl-4c"/>
      </object_component>
      <object_component id="oc-105">
         <name>.debug_abbrev</name>
         <load_address>0x2d97</load_address>
         <run_address>0x2d97</run_address>
         <size>0x10b</size>
         <input_file_ref idref="fl-4d"/>
      </object_component>
      <object_component id="oc-109">
         <name>.debug_abbrev</name>
         <load_address>0x2ea2</load_address>
         <run_address>0x2ea2</run_address>
         <size>0xa6</size>
         <input_file_ref idref="fl-4e"/>
      </object_component>
      <object_component id="oc-12c">
         <name>.debug_abbrev</name>
         <load_address>0x2f48</load_address>
         <run_address>0x2f48</run_address>
         <size>0xd</size>
      </object_component>
   </object_component_list>
   <logical_group_list>
      <logical_group id="lg-2">
         <name>.text</name>
         <load_address>0x300</load_address>
         <run_address>0x300</run_address>
         <size>0x4ec4</size>
         <contents>
            <object_component_ref idref="oc-b9"/>
            <object_component_ref idref="oc-73"/>
            <object_component_ref idref="oc-98"/>
            <object_component_ref idref="oc-7d"/>
            <object_component_ref idref="oc-39"/>
            <object_component_ref idref="oc-22"/>
            <object_component_ref idref="oc-1c"/>
            <object_component_ref idref="oc-5d"/>
            <object_component_ref idref="oc-14"/>
            <object_component_ref idref="oc-ea"/>
            <object_component_ref idref="oc-2d"/>
            <object_component_ref idref="oc-6b"/>
            <object_component_ref idref="oc-35"/>
            <object_component_ref idref="oc-28"/>
            <object_component_ref idref="oc-d9"/>
            <object_component_ref idref="oc-84"/>
            <object_component_ref idref="oc-67"/>
[...]
         <name>_r_params</name>
         <value>0x10358</value>
         <object_component_ref idref="oc-15"/>
      </symbol>
      <symbol id="sm-78">
         <name>_ps_params</name>
         <value>0x1f0a8</value>
         <object_component_ref idref="oc-15"/>
      </symbol>
      <symbol id="sm-79">
         <name>_wave_header</name>
         <value>0x10300</value>
         <object_component_ref idref="oc-15"/>
      </symbol>
      <symbol id="sm-7a">
         <name>_data_buffer</name>
         <value>0x10000</value>
         <object_component_ref idref="oc-15"/>
      </symbol>
      <symbol id="sm-7b">
         <name>_chunks_buffer</name>
         <value>0x10100</value>
         <object_component_ref idref="oc-15"/>
      </symbol>
      <symbol id="sm-a1">
         <name>_pitch_shifter_process</name>
         <value>0x2fdf</value>
         <object_component_ref idref="oc-1c"/>
      </symbol>
      <symbol id="sm-a2">
         <name>_pitch_shifter_init</name>
         <value>0x2f73</value>
         <object_component_ref idref="oc-1c"/>
      </symbol>
      <symbol id="sm-d7">
         <name>_process_comb</name>
         <value>0x2b90</value>
         <object_component_ref idref="oc-22"/>
      </symbol>
      <symbol id="sm-d8">
         <name>_update_internal_params</name>
         <value>0x2cb9</value>
         <object_component_ref idref="oc-22"/>
      </symbol>
      <symbol id="sm-d9">
         <name>_process_allpass</name>
         <value>0x2c44</value>
         <object_component_ref idref="oc-22"/>
      </symbol>
      <symbol id="sm-da">
         <name>_reverb_process</name>
         <value>0x2e18</value>
         <object_component_ref idref="oc-22"/>
      </symbol>
      <symbol id="sm-db">
         <name>_reverb_init</name>
         <value>0x2d2c</value>
         <object_component_ref idref="oc-22"/>
      </symbol>
      <symbol id="sm-e5">
         <name>_update_wav_header</name>
         <value>0x3fb2</value>
         <object_component_ref idref="oc-28"/>
      </symbol>
      <symbol id="sm-ef">
         <name>__addd</name>
         <value>0x3980</value>
         <object_component_ref idref="oc-2d"/>
      </symbol>
      <symbol id="sm-fb">
         <name>__sysstack</name>
         <value>0x91e0</value>
         <object_component_ref idref="oc-10a"/>
      </symbol>
      <symbol id="sm-fc">
         <name>_c_int00</name>
         <value>0x5088</value>
         <object_component_ref idref="oc-12"/>
      </symbol>
      <symbol id="sm-fd">
         <name>__stack</name>
         <value>0x51e0</value>
         <object_component_ref idref="oc-31"/>
      </symbol>
      <symbol id="sm-107">
         <name>__eqld</name>
         <value>0x3f26</value>
         <object_component_ref idref="oc-35"/>
      </symbol>
      <symbol id="sm-108">
         <name>__cmpd</name>
         <value>0x3f5a</value>
         <object_component_ref idref="oc-35"/>
      </symbol>
      <symbol id="sm-109">
         <name>__neqd</name>
         <value>0x3dc8</value>
         <object_component_ref idref="oc-35"/>
      </symbol>
      <symbol id="sm-10a">
         <name>__gtrd</name>
         <value>0x3e91</value>
         <object_component_ref idref="oc-35"/>
      </symbol>
      <symbol id="sm-10b">
         <name>__geqd</name>
         <value>0x3edc</value>
         <object_component_ref idref="oc-35"/>
      </symbol>
      <symbol id="sm-10c">
         <name>__leqd</name>
         <value>0x3e44</value>
         <object_component_ref idref="oc-35"/>
      </symbol>
      <symbol id="sm-10d">
         <name>__lssd</name>
         <value>0x3dfc</value>
         <object_component_ref idref="oc-35"/>
      </symbol>
      <symbol id="sm-119">
         <name>__divd</name>
         <value>0x27c4</value>
         <object_component_ref idref="oc-39"/>
      </symbol>
      <symbol id="sm-129">
         <name>C$$EXIT</name>
         <value>0x51bb</value>
         <object_component_ref idref="oc-41"/>
      </symbol>
      <symbol id="sm-12a">
         <name>_exit</name>
         <value>0x504a</value>
         <object_component_ref idref="oc-3d"/>
      </symbol>
      <symbol id="sm-12b">
         <name>_abort</name>
         <value>0x51ba</value>
         <object_component_ref idref="oc-41"/>
      </symbol>
      <symbol id="sm-12c">
         <name>__cleanup_ptr</name>
         <value>0x1fd84</value>
         <object_component_ref idref="oc-3e"/>
      </symbol>
      <symbol id="sm-12d">
         <name>__dtors_ptr</name>
         <value>0x1fd88</value>
         <object_component_ref idref="oc-3e"/>
      </symbol>
      <symbol id="sm-137">
         <name>_fclose</name>
         <value>0x4ab0</value>
         <object_component_ref idref="oc-44"/>
      </symbol>
      <symbol id="sm-141">
         <name>__doflush</name>
         <value>0x46c2</value>
         <object_component_ref idref="oc-48"/>
      </symbol>
      <symbol id="sm-142">
         <name>_fflush</name>
         <value>0x472b</value>
         <object_component_ref idref="oc-48"/>
      </symbol>
      <symbol id="sm-14c">
         <name>__fixdi</name>
         <value>0x50bc</value>
         <object_component_ref idref="oc-4c"/>
      </symbol>
      <symbol id="sm-156">
         <name>__fixdli</name>
         <value>0x4c86</value>
         <object_component_ref idref="oc-50"/>
      </symbol>
      <symbol id="sm-160">
         <name>__fltid</name>
         <value>0x51a4</value>
         <object_component_ref idref="oc-54"/>
      </symbol>
      <symbol id="sm-16c">
         <name>__fltlid</name>
         <value>0x4dcd</value>
         <object_component_ref idref="oc-58"/>
      </symbol>
      <symbol id="sm-17b">
         <name>__cleanup</name>
         <value>0x3360</value>
         <object_component_ref idref="oc-5d"/>
      </symbol>
      <symbol id="sm-17c">
         <name>_fopen</name>
         <value>0x3483</value>
         <object_component_ref idref="oc-5d"/>
      </symbol>
      <symbol id="sm-17d">
         <name>_freopen</name>
         <value>0x33ba</value>
         <object_component_ref idref="oc-5d"/>
      </symbol>
      <symbol id="sm-187">
         <name>__frcmpyd_div</name>
         <value>0x4ba1</value>
         <object_component_ref idref="oc-63"/>
      </symbol>
      <symbol id="sm-191">
         <name>_fread</name>
         <value>0x43f0</value>
         <object_component_ref idref="oc-67"/>
      </symbol>
      <symbol id="sm-19d">
         <name>_fwrite</name>
         <value>0x3bda</value>
         <object_component_ref idref="oc-6b"/>
      </symbol>
      <symbol id="sm-1a5">
         <name>__mpyli</name>
         <value>0x5161</value>
         <object_component_ref idref="oc-6f"/>
      </symbol>
      <symbol id="sm-1a6">
         <name>I$$LMPY</name>
         <value>0x5161</value>
         <object_component_ref idref="oc-6f"/>
      </symbol>
      <symbol id="sm-1b8">
         <name>_add_device</name>
         <value>0x1cf7</value>
         <object_component_ref idref="oc-73"/>
      </symbol>
      <symbol id="sm-1b9">
         <name>_rename</name>
         <value>0x1a19</value>
         <object_component_ref idref="oc-73"/>
      </symbol>
      <symbol id="sm-1ba">
         <name>_read</name>
         <value>0x1aa8</value>
         <object_component_ref idref="oc-73"/>
      </symbol>
      <symbol id="sm-1bb">
         <name>_unlink</name>
         <value>0x19e6</value>
         <object_component_ref idref="oc-73"/>
      </symbol>
      <symbol id="sm-1bc">
         <name>_remove_device</name>
         <value>0x1a72</value>
         <object_component_ref idref="oc-73"/>
      </symbol>
      <symbol id="sm-1bd">
         <name>_open</name>
         <value>0x1b56</value>
         <object_component_ref idref="oc-73"/>
      </symbol>
      <symbol id="sm-1be">
         <name>_find_registered_device</name>
         <value>0x1c7b</value>
         <object_component_ref idref="oc-73"/>
      </symbol>
      <symbol id="sm-1bf">
         <name>_lseek</name>
         <value>0x1c15</value>
         <object_component_ref idref="oc-73"/>
      </symbol>
      <symbol id="sm-1c0">
         <name>_close</name>
         <value>0x1c84</value>
         <object_component_ref idref="oc-73"/>
      </symbol>
      <symbol id="sm-1c1">
         <name>_write</name>
         <value>0x18a4</value>
         <object_component_ref idref="oc-73"/>
      </symbol>
      <symbol id="sm-1c9">
         <name>_memcpy</name>
         <value>0x500b</value>
         <object_component_ref idref="oc-79"/>
      </symbol>
      <symbol id="sm-1d9">
         <name>__sys_memory</name>
         <value>0x71e0</value>
         <object_component_ref idref="oc-81"/>
      </symbol>
      <symbol id="sm-1da">
         <name>_chkheap</name>
         <value>0x2796</value>
         <object_component_ref idref="oc-7d"/>
      </symbol>
      <symbol id="sm-1db">
         <name>_realloc</name>
         <value>0x2535</value>
         <object_component_ref idref="oc-7d"/>
      </symbol>
      <symbol id="sm-1dc">
         <name>_free_memory</name>
         <value>0x2740</value>
         <object_component_ref idref="oc-7d"/>
      </symbol>
      <symbol id="sm-1dd">
         <name>_max_free</name>
         <value>0x26e6</value>
         <object_component_ref idref="oc-7d"/>
      </symbol>
      <symbol id="sm-1de">
         <name>_free</name>
         <value>0x230f</value>
         <object_component_ref idref="oc-7d"/>
      </symbol>
      <symbol id="sm-1df">
         <name>_calloc</name>
         <value>0x279e</value>
         <object_component_ref idref="oc-7d"/>
      </symbol>
      <symbol id="sm-1e0">
         <name>_malloc</name>
         <value>0x2440</value>
         <object_component_ref idref="oc-7d"/>
      </symbol>
      <symbol id="sm-1e1">
         <name>_minit</name>
         <value>0x23db</value>
         <object_component_ref idref="oc-7d"/>
      </symbol>
      <symbol id="sm-1eb">
         <name>__mpyd</name>
         <value>0x42a4</value>
         <object_component_ref idref="oc-84"/>
      </symbol>
      <symbol id="sm-1f5">
         <name>_printf</name>
         <value>0x4e90</value>
         <object_component_ref idref="oc-88"/>
      </symbol>
      <symbol id="sm-1ff">
         <name>_remove</name>
         <value>0x51b0</value>
         <object_component_ref idref="oc-8c"/>
      </symbol>
      <symbol id="sm-209">
         <name>_rewind</name>
         <value>0x5196</value>
         <object_component_ref idref="oc-90"/>
      </symbol>
      <symbol id="sm-213">
         <name>__subd</name>
         <value>0x514d</value>
         <object_component_ref idref="oc-94"/>
      </symbol>
      <symbol id="sm-21f">
         <name>_HOSTopen</name>
         <value>0x20f2</value>
         <object_component_ref idref="oc-98"/>
      </symbol>
      <symbol id="sm-220">
         <name>_HOSTread</name>
         <value>0x2065</value>
         <object_component_ref idref="oc-98"/>
      </symbol>
      <symbol id="sm-221">
         <name>_HOSTtime</name>
         <value>0x1f59</value>
         <object_component_ref idref="oc-98"/>
      </symbol>
      <symbol id="sm-222">
         <name>_getenv</name>
         <value>0x1de7</value>
         <object_component_ref idref="oc-98"/>
      </symbol>
      <symbol id="sm-223">
         <name>_HOSTrename</name>
         <value>0x1fb7</value>
         <object_component_ref idref="oc-98"/>
      </symbol>
      <symbol id="sm-224">
         <name>_HOSTclock</name>
         <value>0x22b1</value>
         <object_component_ref idref="oc-98"/>
      </symbol>
      <symbol id="sm-225">
         <name>_HOSTwrite</name>
         <value>0x1e62</value>
         <object_component_ref idref="oc-98"/>
      </symbol>
      <symbol id="sm-226">
         <name>_HOSTlseek</name>
         <value>0x2191</value>
         <object_component_ref idref="oc-98"/>
      </symbol>
      <symbol id="sm-227">
         <name>_HOSTunlink</name>
         <value>0x1eef</value>
         <object_component_ref idref="oc-98"/>
      </symbol>
      <symbol id="sm-228">
         <name>_HOSTclose</name>
         <value>0x2246</value>
         <object_component_ref idref="oc-98"/>
      </symbol>
      <symbol id="sm-23a">
         <name>C$$IO$$</name>
         <value>0x4839</value>
         <object_component_ref idref="oc-a0"/>
      </symbol>
      <symbol id="sm-23b">
         <name>__CIOBUF_</name>
         <value>0xa660</value>
         <object_component_ref idref="oc-9f"/>
      </symbol>
      <symbol id="sm-23c">
         <name>_readmsg</name>
         <value>0x4cf5</value>
         <object_component_ref idref="oc-9d"/>
      </symbol>
      <symbol id="sm-23d">
         <name>_writemsg</name>
         <value>0x4784</value>
         <object_component_ref idref="oc-a0"/>
      </symbol>
      <symbol id="sm-245">
         <name>__remu</name>
         <value>0x50fb</value>
         <object_component_ref idref="oc-a3"/>
      </symbol>
      <symbol id="sm-246">
         <name>__divu</name>
         <value>0x50e6</value>
         <object_component_ref idref="oc-a3"/>
      </symbol>
      <symbol id="sm-247">
         <name>I$$UMOD</name>
         <value>0x50fb</value>
         <object_component_ref idref="oc-a3"/>
      </symbol>
      <symbol id="sm-248">
         <name>I$$UDIV</name>
         <value>0x50e6</value>
         <object_component_ref idref="oc-a3"/>
      </symbol>
      <symbol id="sm-252">
         <name>_Reset</name>
         <value>0xfe00</value>
         <object_component_ref idref="oc-13"/>
      </symbol>
      <symbol id="sm-25c">
         <name>__buff_read</name>
         <value>0x483e</value>
         <object_component_ref idref="oc-ab"/>
      </symbol>
      <symbol id="sm-266">
         <name>__rd_ok</name>
         <value>0x4665</value>
         <object_component_ref idref="oc-af"/>
      </symbol>
      <symbol id="sm-267">
         <name>__wrt_ok</name>
         <value>0x45e5</value>
         <object_component_ref idref="oc-af"/>
      </symbol>
      <symbol id="sm-275">
         <name>__unlock</name>
         <value>0x1fd80</value>
         <object_component_ref idref="oc-b4"/>
      </symbol>
      <symbol id="sm-276">
         <name>__lock</name>
         <value>0x1fd7c</value>
         <object_component_ref idref="oc-b4"/>
      </symbol>
      <symbol id="sm-277">
         <name>__register_lock</name>
         <value>0x517c</value>
         <object_component_ref idref="oc-b3"/>
      </symbol>
      <symbol id="sm-278">
         <name>__nop</name>
         <value>0x5184</value>
         <object_component_ref idref="oc-b3"/>
      </symbol>
      <symbol id="sm-279">
         <name>__register_unlock</name>
         <value>0x5174</value>
         <object_component_ref idref="oc-b3"/>
      </symbol>
      <symbol id="sm-28b">
         <name>__printfi</name>
         <value>0x1662</value>
         <object_component_ref idref="oc-b9"/>
      </symbol>
      <symbol id="sm-295">
         <name>__args_main</name>
         <value>0x4f2d</value>
         <object_component_ref idref="oc-bf"/>
      </symbol>
      <symbol id="sm-296">
         <name>__TI_args_main</name>
         <value>0x1</value>
      </symbol>
      <symbol id="sm-2a0">
         <name>_atoi</name>
         <value>0x4e34</value>
         <object_component_ref idref="oc-c3"/>
      </symbol>
      <symbol id="sm-2a8">
         <name>_auto_init</name>
         <value>0x4ee0</value>
         <object_component_ref idref="oc-c7"/>
      </symbol>
      <symbol id="sm-2b0">
         <name>__ctypes_</name>
         <value>0xa1e0</value>
         <object_component_ref idref="oc-10e"/>
      </symbol>
      <symbol id="sm-2ba">
         <name>__tmpnams</name>
         <value>0x1f9a8</value>
         <object_component_ref idref="oc-cd"/>
      </symbol>
      <symbol id="sm-2bb">
         <name>__ft_end</name>
         <value>0x1fae8</value>
         <object_component_ref idref="oc-cd"/>
      </symbol>
      <symbol id="sm-2bc">
         <name>__ftable</name>
         <value>0x1f8b8</value>
         <object_component_ref idref="oc-cd"/>
      </symbol>
      <symbol id="sm-2c7">
         <name>__divul</name>
         <value>0x4992</value>
         <object_component_ref idref="oc-d1"/>
      </symbol>
      <symbol id="sm-2d1">
         <name>_putchar</name>
         <value>0x4983</value>
         <object_component_ref idref="oc-d5"/>
      </symbol>
      <symbol id="sm-2d2">
         <name>_putc</name>
         <value>0x48ec</value>
         <object_component_ref idref="oc-d5"/>
      </symbol>
      <symbol id="sm-2d3">
         <name>_fputc</name>
         <value>0x48ec</value>
         <object_component_ref idref="oc-d5"/>
      </symbol>
      <symbol id="sm-2e1">
         <name>_puts</name>
         <value>0x4276</value>
         <object_component_ref idref="oc-d9"/>
      </symbol>
      <symbol id="sm-2e2">
         <name>_fputs</name>
         <value>0x4141</value>
         <object_component_ref idref="oc-d9"/>
      </symbol>
      <symbol id="sm-2ec">
         <name>__frcmpyd</name>
         <value>0x4b2b</value>
         <object_component_ref idref="oc-de"/>
      </symbol>
      <symbol id="sm-2f6">
         <name>_fseek</name>
         <value>0x4d62</value>
         <object_component_ref idref="oc-e2"/>
      </symbol>
      <symbol id="sm-300">
         <name>___isinf</name>
         <value>0x5133</value>
         <object_component_ref idref="oc-e6"/>
      </symbol>
      <symbol id="sm-30a">
         <name>__divull</name>
         <value>0x3857</value>
         <object_component_ref idref="oc-ea"/>
      </symbol>
      <symbol id="sm-30b">
         <name>__mpylli</name>
         <value>0x379f</value>
         <object_component_ref idref="oc-ea"/>
      </symbol>
      <symbol id="sm-30c">
         <name>__remlli</name>
         <value>0x3770</value>
         <object_component_ref idref="oc-ea"/>
      </symbol>
      <symbol id="sm-30d">
         <name>__divlli</name>
         <value>0x394b</value>
         <object_component_ref idref="oc-ea"/>
      </symbol>
      <symbol id="sm-30e">
         <name>__remull</name>
         <value>0x3722</value>
         <object_component_ref idref="oc-ea"/>
      </symbol>
      <symbol id="sm-318">
         <name>_ltoa</name>
         <value>0x4a33</value>
         <object_component_ref idref="oc-ee"/>
      </symbol>
      <symbol id="sm-323">
         <name>_memccpy</name>
         <value>0x5110</value>
         <object_component_ref idref="oc-f2"/>
      </symbol>
      <symbol id="sm-32d">
         <name>__negd</name>
         <value>0x5186</value>
         <object_component_ref idref="oc-f6"/>
      </symbol>
      <symbol id="sm-337">
         <name>__remli</name>
         <value>0x4f78</value>
         <object_component_ref idref="oc-fa"/>
      </symbol>
      <symbol id="sm-342">
         <name>__remul</name>
         <value>0x4c14</value>
         <object_component_ref idref="oc-fe"/>
      </symbol>
      <symbol id="sm-34c">
         <name>_setvbuf</name>
         <value>0x44ff</value>
         <object_component_ref idref="oc-102"/>
      </symbol>
      <symbol id="sm-356">
         <name>__divli</name>
         <value>0x4fc3</value>
         <object_component_ref idref="oc-106"/>
      </symbol>
   </symbol_table>
</link_info>
