******************************************************************************
              TMS320C55x Linker PC v4.4.1                      
******************************************************************************
>> Linked Sat Dec 06 15:47:53 2025

OUTPUT FILE NAME:   <script03.out>
ENTRY POINT SYMBOL: "_c_int00"  address: 00004d2c


MEMORY CONFIGURATION

         name            origin    length      used     unused   attr    fill
                        (bytes)   (bytes)    (bytes)   (bytes)
----------------------  --------  ---------  --------  --------  ----  --------
PAGE 0:
  MMR                   00000000   000000c0  00000000  000000c0  RWIX
  BTRSVD                000000c0   00000240  00000000  00000240  RWIX
  DARAM                 00000300   0000fb00  0000a2ec  00005814  RWIX
  VECS                  0000fe00   00000200  00000100  00000100  RWIX
  CE0                   00010000   003f0000  0000fe7c  003e0184  RWIX
  CE1                   00400000   00400000  00000000  00400000  RWIX
  CE2                   00800000   00400000  00000000  00400000  RWIX
  CE3                   00c00000   003f8000  00000000  003f8000  RWIX
  PDROM                 00ff8000   00008000  00000000  00008000  R IX

PAGE 2:
  IOPORT                00000000   00020000  00000000  00020000  RWI 


SECTION ALLOCATION MAP
(Addresses surrounded by []'s are displayed for convenience only!)

output                                                          attributes/
section   page  orgn(bytes) orgn(words) len(bytes) len(words)   input sections
--------  ----  ----------- ----------- ---------- ----------   --------------
.text        0     00000300  [ 00000180 ] 00004b68          *   
                   00000300  [ 00000180 ] 000015a4          *   rts55x.lib : _printfi.obj (.text)
                   000018a4  [ 00000c52 ] 00000543          *              : lowlev.obj (.text)
                   00001de7  [ 00000ef3+] 00000528          *              : trgdrv.obj (.text)
                   0000230f  [ 00001187+] 000004b5          *              : memory.obj (.text)
                   000027c4  [ 000013e2 ] 000003cc          *              : divd.obj (.text)
                   00002b90  [ 000015c8 ] 0000036a          *   reverb.obj (.text)
                   00002efa  [ 0000177d ] 0000027f          *   rts55x.lib : fopen.obj (.text)
                   00003179  [ 000018bc+] 0000025e          *              : llmpy.obj (.text)
                   000033d7  [ 000019eb+] 0000025a          *              : addd.obj (.text)
                   00003631  [ 00001b18+] 0000024d          *   main.obj (.text)
                   0000387e  [ 00001c3f ] 000001ee          *   rts55x.lib : fwrite.obj (.text)
                   00003a6c  [ 00001d36 ] 000001ea          *              : cmpd.obj (.text)
                   00003c56  [ 00001e2b ] 0000018f          *   wav_header.obj (.text)
                   00003de5  [ 00001ef2+] 00000163          *   rts55x.lib : fputs.obj (.text)
                   00003f48  [ 00001fa4 ] 0000014c          *              : mpyd.obj (.text)
                   00004094  [ 0000204a ] 0000010f          *              : fread.obj (.text)
                   000041a3  [ 000020d1+] 000000e6          *              : setvbuf.obj (.text)
                   00004289  [ 00002144+] 000000dd          *              : _io_perm.obj (.text)
                   00004366  [ 000021b3 ] 000000c2          *              : fflush.obj (.text)
                   00004428  [ 00002214 ] 000000ba          *              : trgmsg.obj (.text:CIO_breakpoint)
                   000044e2  [ 00002271 ] 000000ae          *              : _bufread.obj (.text)
                   00004590  [ 000022c8 ] 000000a6          *              : fputc.obj (.text)
                   00004636  [ 0000231b ] 000000a1          *              : divul.obj (.text)
                   000046d7  [ 0000236b+] 0000007d          *              : ltoa.obj (.text)
                   00004754  [ 000023aa ] 0000007b          *              : fclose.obj (.text)
                   000047cf  [ 000023e7+] 00000076          *              : frcmpyd.obj (.text)
                   00004845  [ 00002422+] 00000073          *              : frcmpyd_div.obj (.text)
                   000048b8  [ 0000245c ] 00000072          *              : remul.obj (.text)
                   0000492a  [ 00002495 ] 0000006f          *              : fixdli.obj (.text)
                   00004999  [ 000024cc+] 0000006d          *              : trgmsg.obj (.text)
                   00004a06  [ 00002503 ] 0000006b          *              : fseek.obj (.text)
                   00004a71  [ 00002538+] 00000067          *              : fltlid.obj (.text)
                   00004ad8  [ 0000256c ] 0000005c          *              : atoi.obj (.text)
                   00004b34  [ 0000259a ] 00000050          *              : printf.obj (.text)
                   00004b84  [ 000025c2 ] 0000004d          *              : autoinit.obj (.text)
                   00004bd1  [ 000025e8+] 0000004b          *              : args_main.obj (.text)
                   00004c1c  [ 0000260e ] 0000004b          *              : remli.obj (.text)
                   00004c67  [ 00002633+] 00000048          *              : divli.obj (.text)
                   00004caf  [ 00002657+] 0000003f          *              : memcpy.obj (.text)
                   00004cee  [ 00002677 ] 0000003e          *              : exit.obj (.text)
                   00004d2c  [ 00002696 ] 00000034          *              : boot.obj (.text)
                   00004d60  [ 000026b0 ] 0000002a          *              : fixdi.obj (.text)
                   00004d8a  [ 000026c5 ] 0000002a          *              : udiv.obj (.text)
                   00004db4  [ 000026da ] 00000023          *              : memccpy.obj (.text)
                   00004dd7  [ 000026eb+] 0000001a          *              : isinf.obj (.text)
                   00004df1  [ 000026f8+] 00000014          *              : subd.obj (.text)
                   00004e05  [ 00002702+] 00000013          *              : lmpy.obj (.text)
                   00004e18  [ 0000270c ] 00000012          *              : _lock.obj (.text)
                   00004e2a  [ 00002715 ] 00000010          *              : negd.obj (.text)
                   00004e3a  [ 0000271d ] 0000000e          *              : rewind.obj (.text)
                   00004e48  [ 00002724 ] 0000000c          *              : fltid.obj (.text)
                   00004e54  [ 0000272a ] 0000000a          *              : remove.obj (.text)
                   00004e5e  [ 0000272f ] 00000007          *              : exit.obj (.text:CIO_breakpoint)
                   00004e65  [ 00002732+] 00000002          *              : vectors.obj (.text)
                   00004e67  [ 00002733 ] 00000001          *   --HOLE-- [fill = 20]

.data        0   [ 00000300 ]  00000180          *   00000000   

.pinit       0   [ 00000300 ]  00000180          *   00000000   

.stack       0   [ 00004e80 ]  00002740          *   00001000   
                 [ 00004e80 ]  00002740          *   00001000   --HOLE-- [fill = 00]

.sysmem      0   [ 00006e80 ]  00003740          *   00001000   UNINITIALIZED
                 [ 00006e80 ]  00003740          *   00001000   --HOLE--

.sysstack 
*            0   [ 00008e80 ]  00004740          *   00000800   
                 [ 00008e80 ]  00004740          *   00000800   --HOLE-- [fill = 00]

.const       0   [ 00009e80 ]  00004f40          *   0000022e   
                 [ 00009e80 ]  00004f40          *   00000101   rts55x.lib : ctype.obj (.const:__ctypes_)
                 [ 0000a082 ]  00005041          *   00000001   --HOLE-- [fill = 00]
                 [ 0000a084 ]  00005042          *   000000bd   main.obj (.const:.string)
                 [ 0000a1fe ]  000050ff          *   00000001   --HOLE-- [fill = 00]
                 [ 0000a200 ]  00005100          *   00000024   rts55x.lib : _printfi.obj (.const:.string)
                 [ 0000a248 ]  00005124          *   00000014   main.obj (.const)
                 [ 0000a270 ]  00005138          *   00000012   reverb.obj (.const)
                 [ 0000a294 ]  0000514a          *   0000000c   rts55x.lib : _printfi.obj (.const)
                 [ 0000a2ac ]  00005156          *   00000008   reverb.obj (.const:_$P$T0$1)
                 [ 0000a2bc ]  0000515e          *   00000008   rts55x.lib : divd.obj (.const:_initial_approx$1)
                 [ 0000a2cc ]  00005166          *   00000004   reverb.obj (.const:_$P$T1$2)
                 [ 0000a2d4 ]  0000516a          *   00000002   rts55x.lib : fputs.obj (.const:.string)
                 [ 0000a2d8 ]  0000516c          *   00000002              : fltlid.obj (.const)

.cio         0   [ 0000a2e0 ]  00005170          *   00000120   
                 [ 0000a2e0 ]  00005170          *   00000120   rts55x.lib : trgmsg.obj (.cio) [fill = 00]

.cinit       0   [ 0000a520 ]  00005290          *   00000074   
                 [ 0000a520 ]  00005290          *   0000002d   rts55x.lib : lowlev.obj (.cinit)
                 [ 0000a57a ]  000052bd          *   0000002a              : defs.obj (.cinit)
                 [ 0000a5ce ]  000052e7          *   0000000a              : _lock.obj (.cinit)
                 [ 0000a5e2 ]  000052f1          *   0000000a              : exit.obj (.cinit)
                 [ 0000a5f6 ]  000052fb          *   00000004              : fopen.obj (.cinit)
                 [ 0000a5fe ]  000052ff          *   00000004              : memory.obj (.cinit)
                 [ 0000a606 ]  00005303          *   00000001   --HOLE-- [fill = 0]

vectors      0     0000fe00  [ 00007f00 ] 00000100          *   
                   0000fe00  [ 00007f00 ] 00000100          *   rts55x.lib : vectors.obj (vectors)

.bss         0   [ 00010000 ]  00008000          *   00007f3e   
                 [ 00010000 ]  00008000          *   00007cd4   main.obj (.bss) [fill = 00]
                 [ 0001f9a8 ]  0000fcd4          *   00000119   rts55x.lib : defs.obj (.bss) [fill = 00]
                 [ 0001fbda ]  0000fded          *   000000d0              : trgdrv.obj (.bss) [fill = 00]
                 [ 0001fd7a ]  0000febd          *   00000001              : fopen.obj (.bss) [fill = 00]
                 [ 0001fd7c ]  0000febe          *   00000071              : lowlev.obj (.bss) [fill = 00]
                 [ 0001fe5e ]  0000ff2f          *   00000001   --HOLE-- [fill = 00]
                 [ 0001fe60 ]  0000ff30          *   00000006              : memory.obj (.bss) [fill = 00]
                 [ 0001fe6c ]  0000ff36          *   00000004              : _lock.obj (.bss) [fill = 00]
                 [ 0001fe74 ]  0000ff3a          *   00000004              : exit.obj (.bss) [fill = 00]


GLOBAL SYMBOLS: SORTED ALPHABETICALLY BY Name 

abs. value/
byte addr   word addr   name
---------   ---------   ----
00000002                $TI_capability$C5500$CallingConvention
00000002                $TI_capability$C5500$MemoryModel
00000001                $TI_capability_requires_rev2
            00008000    .bss
            00000180    .data
00000300                .text
00004e5f                C$$EXIT
000044dd                C$$IO$$
00004e05                I$$LMPY
00004d8a                I$$UDIV
00004d9f                I$$UMOD
000022b1                _HOSTclock
00002246                _HOSTclose
00002191                _HOSTlseek
000020f2                _HOSTopen
00002065                _HOSTread
00001fb7                _HOSTrename
00001f59                _HOSTtime
00001eef                _HOSTunlink
00001e62                _HOSTwrite
0000fe00                _Reset
            00005170    __CIOBUF_
            00003740    __STACK_END
00002000                __STACK_SIZE
00002000                __SYSMEM_SIZE
00001000                __SYSSTACK_SIZE
00000001                __TI_args_main
ffffffff                ___binit__
            00008000    ___bss__
ffffffff                ___c_args__
            00005290    ___cinit__
            00000180    ___data__
            00000180    ___edata__
            0000ff3e    ___end__
00004e68                ___etext__
00004dd7                ___isinf
ffffffff                ___pinit__
00000300                ___text__
000033d7                __addd
00004bd1                __args_main
000044e2                __buff_read
0000301b                __cleanup
            0000ff3a    __cleanup_ptr
00003bfe                __cmpd
            00004f40    __ctypes_
000027c4                __divd
00004c67                __divli
000033a2                __divlli
00004d8a                __divu
00004636                __divul
000032ae                __divull
00004366                __doflush
            0000ff3c    __dtors_ptr
00003bca                __eqld
00004d60                __fixdi
0000492a                __fixdli
00004e48                __fltid
00004a71                __fltlid
000047cf                __frcmpyd
00004845                __frcmpyd_div
            0000fdec    __ft_end
            0000fcd4    __ftable
00003b80                __geqd
00003b35                __gtrd
00003ae8                __leqd
            0000ff36    __lock
00003aa0                __lssd
00003f48                __mpyd
00004e05                __mpyli
000031f6                __mpylli
00004e2a                __negd
00003a6c                __neqd
00004e28                __nop
00001662                __printfi
00004309                __rd_ok
00004e20                __register_lock
00004e18                __register_unlock
00004c1c                __remli
000031c7                __remlli
00004d9f                __remu
000048b8                __remul
00003179                __remull
            00002740    __stack
00004df1                __subd
            00003740    __sys_memory
            00004740    __sysstack
            0000fd4c    __tmpnams
            0000ff38    __unlock
00004289                __wrt_ok
00004e5e                _abort
00001cf7                _add_device
00004ad8                _atoi
00004b84                _auto_init
00004d2c                _c_int00
0000279e                _calloc
00002796                _chkheap
            00008200    _chunks_buffer
00001c84                _close
            00008000    _data_buffer
00004cee                _exit
00004754                _fclose
000043cf                _fflush
00001c7b                _find_registered_device
0000313e                _fopen
00004590                _fputc
00003de5                _fputs
00004094                _fread
0000230f                _free
00002740                _free_memory
00003075                _freopen
00004a06                _fseek
0000387e                _fwrite
00001de7                _getenv
00001c15                _lseek
000046d7                _ltoa
00003631                _main
00002440                _malloc
000026e6                _max_free
00004db4                _memccpy
00004caf                _memcpy
000023db                _minit
00001b56                _open
00004b34                _printf
00002c44                _process_allpass
00002b90                _process_comb
00004590                _putc
00004627                _putchar
00003f1a                _puts
            0000862c    _r_params
00001aa8                _read
00004999                _readmsg
00002535                _realloc
00004e54                _remove
00001a72                _remove_device
00001a19                _rename
00002d2c                _reverb_init
00002e18                _reverb_process
00004e3a                _rewind
000041a3                _setvbuf
000019e6                _unlink
00002cb9                _update_internal_params
00003c56                _update_wav_header
            00008600    _wave_header
000018a4                _write
00004428                _writemsg
ffffffff                binit
            00005290    cinit
            00000180    edata
            0000ff3e    end
00004e68                etext
ffffffff                pinit


GLOBAL SYMBOLS: SORTED BY Symbol Address 

abs. value/
byte addr   word addr   name
---------   ---------   ----
00000001                $TI_capability_requires_rev2
00000001                __TI_args_main
00000002                $TI_capability$C5500$CallingConvention
00000002                $TI_capability$C5500$MemoryModel
            00000180    .data
00000300                .text
            00000180    ___data__
            00000180    ___edata__
00000300                ___text__
            00000180    edata
00001000                __SYSSTACK_SIZE
00001662                __printfi
000018a4                _write
000019e6                _unlink
00001a19                _rename
00001a72                _remove_device
00001aa8                _read
00001b56                _open
00001c15                _lseek
00001c7b                _find_registered_device
00001c84                _close
00001cf7                _add_device
00001de7                _getenv
00001e62                _HOSTwrite
00001eef                _HOSTunlink
00001f59                _HOSTtime
00001fb7                _HOSTrename
00002000                __STACK_SIZE
00002000                __SYSMEM_SIZE
00002065                _HOSTread
000020f2                _HOSTopen
00002191                _HOSTlseek
00002246                _HOSTclose
000022b1                _HOSTclock
0000230f                _free
000023db                _minit
00002440                _malloc
00002535                _realloc
000026e6                _max_free
00002740                _free_memory
00002796                _chkheap
0000279e                _calloc
000027c4                __divd
00002b90                _process_comb
00002c44                _process_allpass
00002cb9                _update_internal_params
00002d2c                _reverb_init
00002e18                _reverb_process
0000301b                __cleanup
00003075                _freopen
0000313e                _fopen
00003179                __remull
000031c7                __remlli
000031f6                __mpylli
000032ae                __divull
000033a2                __divlli
000033d7                __addd
00003631                _main
0000387e                _fwrite
00003a6c                __neqd
00003aa0                __lssd
00003ae8                __leqd
00003b35                __gtrd
00003b80                __geqd
00003bca                __eqld
00003bfe                __cmpd
00003c56                _update_wav_header
00003de5                _fputs
00003f1a                _puts
00003f48                __mpyd
00004094                _fread
000041a3                _setvbuf
00004289                __wrt_ok
00004309                __rd_ok
00004366                __doflush
000043cf                _fflush
00004428                _writemsg
000044dd                C$$IO$$
000044e2                __buff_read
00004590                _fputc
00004590                _putc
00004627                _putchar
00004636                __divul
000046d7                _ltoa
00004754                _fclose
000047cf                __frcmpyd
00004845                __frcmpyd_div
000048b8                __remul
0000492a                __fixdli
00004999                _readmsg
00004a06                _fseek
00004a71                __fltlid
00004ad8                _atoi
00004b34                _printf
00004b84                _auto_init
00004bd1                __args_main
00004c1c                __remli
00004c67                __divli
00004caf                _memcpy
00004cee                _exit
00004d2c                _c_int00
00004d60                __fixdi
00004d8a                I$$UDIV
00004d8a                __divu
00004d9f                I$$UMOD
00004d9f                __remu
00004db4                _memccpy
00004dd7                ___isinf
00004df1                __subd
00004e05                I$$LMPY
00004e05                __mpyli
00004e18                __register_unlock
00004e20                __register_lock
00004e28                __nop
00004e2a                __negd
00004e3a                _rewind
00004e48                __fltid
00004e54                _remove
00004e5e                _abort
00004e5f                C$$EXIT
00004e68                ___etext__
00004e68                etext
            00002740    __stack
            00003740    __STACK_END
            00003740    __sys_memory
            00004740    __sysstack
            00004f40    __ctypes_
            00005170    __CIOBUF_
            00005290    ___cinit__
            00005290    cinit
0000fe00                _Reset
            00008000    .bss
            00008000    ___bss__
            00008000    _data_buffer
            00008200    _chunks_buffer
            00008600    _wave_header
            0000862c    _r_params
            0000fcd4    __ftable
            0000fd4c    __tmpnams
            0000fdec    __ft_end
            0000ff36    __lock
            0000ff38    __unlock
            0000ff3a    __cleanup_ptr
            0000ff3c    __dtors_ptr
            0000ff3e    ___end__
            0000ff3e    end
ffffffff                ___binit__
ffffffff                ___c_args__
ffffffff                ___pinit__
ffffffff                binit
ffffffff                pinit

[151 symbols]
