<?xml version="1.0"?>
<link_info>
   <banner>TMS320C55x Linker PC v4.4.1</banner>
   <copyright>Copyright (c) 1996-2012 Texas Instruments Incorporated</copyright>
   <link_time>0x693dd401</link_time>
   <output_file>Project.out</output_file>
   <entry_point>
      <name>_c_int00</name>
      <address>0x766a</address>
   </entry_point>
   <input_file_list>
      <input_file id="fl-2">
         <path>.\</path>
         <kind>object</kind>
         <file>main.obj</file>
         <name>main.obj</name>
      </input_file>
      <input_file id="fl-3">
         <path>.\lcd-osd9616\</path>
         <kind>object</kind>
         <file>exemplo_uso.obj</file>
         <name>exemplo_uso.obj</name>
      </input_file>
      <input_file id="fl-4">
         <path>.\lcd-osd9616\</path>
         <kind>object</kind>
         <file>lcd.obj</file>
         <name>lcd.obj</name>
      </input_file>
      <input_file id="fl-5">
         <path>.\lib\bsl\</path>
         <kind>object</kind>
         <file>ezdsp5502.obj</file>
         <name>ezdsp5502.obj</name>
      </input_file>
      <input_file id="fl-6">
         <path>.\lib\bsl\</path>
         <kind>object</kind>
         <file>ezdsp5502_gpio.obj</file>
         <name>ezdsp5502_gpio.obj</name>
      </input_file>
      <input_file id="fl-7">
         <path>.\lib\bsl\</path>
         <kind>object</kind>
         <file>ezdsp5502_i2c.obj</file>
         <name>ezdsp5502_i2c.obj</name>
      </input_file>
      <input_file id="fl-8">
         <path>.\lib\bsl\</path>
         <kind>object</kind>
         <file>ezdsp5502_i2cgpio.obj</file>
         <name>ezdsp5502_i2cgpio.obj</name>
      </input_file>
      <input_file id="fl-9">
         <path>.\lib\bsl\</path>
         <kind>object</kind>
         <file>ezdsp5502_mcbsp.obj</file>
         <name>ezdsp5502_mcbsp.obj</name>
      </input_file>
      <input_file id="fl-a">
         <path>.\src\drivers\aic\</path>
         <kind>object</kind>
         <file>aic.obj</file>
         <name>aic.obj</name>
      </input_file>
      <input_file id="fl-b">
         <path>.\src\drivers\aic\</path>
         <kind>object</kind>
         <file>aic3204_init.obj</file>
         <name>aic3204_init.obj</name>
      </input_file>
      <input_file id="fl-c">
         <path>.\src\drivers\dma\</path>
         <kind>object</kind>
         <file>dma.obj</file>
         <name>dma.obj</name>
      </input_file>
      <input_file id="fl-d">
         <path>.\src\drivers\dma\</path>
         <kind>object</kind>
         <file>vectors_dma4.obj</file>
         <name>vectors_dma4.obj</name>
      </input_file>
      <input_file id="fl-e">
         <path>.\src\drivers\lcd\</path>
         <kind>object</kind>
         <file>LCD.obj</file>
         <name>LCD.obj</name>
      </input_file>
      <input_file id="fl-f">
         <path>.\src\effects\</path>
         <kind>object</kind>
         <file>effect.obj</file>
         <name>effect.obj</name>
      </input_file>
      <input_file id="fl-10">
         <path>.\src\effects\</path>
         <kind>object</kind>
         <file>effect_dma.obj</file>
         <name>effect_dma.obj</name>
      </input_file>
      <input_file id="fl-11">
         <path>.\src\effects\</path>
         <kind>object</kind>
         <file>tremolo.obj</file>
         <name>tremolo.obj</name>
      </input_file>
      <input_file id="fl-12">
         <path>.\src\state_machine\</path>
         <kind>object</kind>
         <file>state_machine.obj</file>
         <name>state_machine.obj</name>
      </input_file>
      <input_file id="fl-13">
         <path>.\src\states\</path>
         <kind>object</kind>
         <file>state_initial.obj</file>
         <name>state_initial.obj</name>
      </input_file>
      <input_file id="fl-14">
         <path>.\src\states\</path>
         <kind>object</kind>
         <file>state_running.obj</file>
         <name>state_running.obj</name>
      </input_file>
      <input_file id="fl-1b">
         <path>..\lib\</path>
         <kind>archive</kind>
         <file>csl5502x.lib</file>
         <name>_csl_init.obj</name>
      </input_file>
      <input_file id="fl-1c">
         <path>..\lib\</path>
         <kind>archive</kind>
         <file>csl5502x.lib</file>
         <name>csl.obj</name>
      </input_file>
      <input_file id="fl-1d">
         <path>..\lib\</path>
         <kind>archive</kind>
         <file>csl5502x.lib</file>
         <name>csl_csldat.obj</name>
      </input_file>
      <input_file id="fl-1e">
         <path>..\lib\</path>
         <kind>archive</kind>
         <file>csl5502x.lib</file>
         <name>dma_cfg.obj</name>
      </input_file>
      <input_file id="fl-1f">
         <path>..\lib\</path>
         <kind>archive</kind>
         <file>csl5502x.lib</file>
         <name>dma_open.obj</name>
      </input_file>
      <input_file id="fl-20">
         <path>..\lib\</path>
         <kind>archive</kind>
         <file>csl5502x.lib</file>
         <name>dma_reset.obj</name>
      </input_file>
      <input_file id="fl-21">
         <path>..\lib\</path>
         <kind>archive</kind>
         <file>csl5502x.lib</file>
         <name>gpio_dir.obj</name>
      </input_file>
      <input_file id="fl-22">
         <path>..\lib\</path>
         <kind>archive</kind>
         <file>csl5502x.lib</file>
         <name>gpio_enab.obj</name>
      </input_file>
      <input_file id="fl-23">
         <path>..\lib\</path>
         <kind>archive</kind>
         <file>csl5502x.lib</file>
         <name>gpio_open.obj</name>
      </input_file>
      <input_file id="fl-24">
         <path>..\lib\</path>
         <kind>archive</kind>
         <file>csl5502x.lib</file>
         <name>gpio_read.obj</name>
      </input_file>
      <input_file id="fl-25">
         <path>..\lib\</path>
         <kind>archive</kind>
         <file>csl5502x.lib</file>
         <name>gpio_write.obj</name>
      </input_file>
      <input_file id="fl-26">
         <path>..\lib\</path>
         <kind>archive</kind>
         <file>csl5502x.lib</file>
         <name>i2c_cfg.obj</name>
      </input_file>
      <input_file id="fl-27">
         <path>..\lib\</path>
         <kind>archive</kind>
         <file>csl5502x.lib</file>
         <name>i2c_read.obj</name>
      </input_file>
      <input_file id="fl-28">
         <path>..\lib\</path>
         <kind>archive</kind>
         <file>csl5502x.lib</file>
         <name>i2c_write.obj</name>
      </input_file>
      <input_file id="fl-29">
         <path>..\lib\</path>
         <kind>archive</kind>
         <file>csl5502x.lib</file>
         <name>irq_clear.obj</name>
      </input_file>
      <input_file id="fl-2a">
         <path>..\lib\</path>
         <kind>archive</kind>
         <file>csl5502x.lib</file>
         <name>irq_enab.obj</name>
      </input_file>
      <input_file id="fl-2b">
         <path>..\lib\</path>
         <kind>archive</kind>
         <file>csl5502x.lib</file>
         <name>irq_gdisab.obj</name>
      </input_file>
      <input_file id="fl-2c">
         <path>..\lib\</path>
         <kind>archive</kind>
         <file>csl5502x.lib</file>
         <name>irq_genab.obj</name>
      </input_file>
      <input_file id="fl-2d">
         <path>..\lib\</path>
         <kind>archive</kind>
         <file>csl5502x.lib</file>
         <name>irq_grest.obj</name>
      </input_file>
      <input_file id="fl-2e">
         <path>..\lib\</path>
         <kind>archive</kind>
         <file>csl5502x.lib</file>
         <name>irq_pluga.obj</name>
      </input_file>
      <input_file id="fl-2f">
         <path>..\lib\</path>
         <kind>archive</kind>
         <file>csl5502x.lib</file>
         <name>irq_setvecs.obj</name>
      </input_file>
      <input_file id="fl-30">
         <path>..\lib\</path>
         <kind>archive</kind>
         <file>csl5502x.lib</file>
         <name>mcbsp_cfg.obj</name>
      </input_file>
      <input_file id="fl-31">
         <path>..\lib\</path>
         <kind>archive</kind>
         <file>csl5502x.lib</file>
         <name>mcbsp_cls.obj</name>
      </input_file>
      <input_file id="fl-32">
         <path>..\lib\</path>
         <kind>archive</kind>
         <file>csl5502x.lib</file>
         <name>mcbsp_open.obj</name>
      </input_file>
      <input_file id="fl-33">
         <path>..\lib\</path>
         <kind>archive</kind>
         <file>csl5502x.lib</file>
         <name>mcbsp_r32.obj</name>
      </input_file>
      <input_file id="fl-34">
         <path>..\lib\</path>
         <kind>archive</kind>
         <file>csl5502x.lib</file>
         <name>mcbsp_rst.obj</name>
      </input_file>
      <input_file id="fl-35">
         <path>..\lib\</path>
         <kind>archive</kind>
         <file>csl5502x.lib</file>
         <name>mcbsp_start.obj</name>
      </input_file>
      <input_file id="fl-36">
         <path>..\lib\</path>
         <kind>archive</kind>
         <file>csl5502x.lib</file>
         <name>mcbsp_w32.obj</name>
      </input_file>
      <input_file id="fl-37">
         <path>..\lib\</path>
         <kind>archive</kind>
         <file>csl5502x.lib</file>
         <name>csl_dmadat.obj</name>
      </input_file>
      <input_file id="fl-38">
         <path>..\lib\</path>
         <kind>archive</kind>
         <file>csl5502x.lib</file>
         <name>csl_gpiodat.obj</name>
      </input_file>
      <input_file id="fl-39">
         <path>..\lib\</path>
         <kind>archive</kind>
         <file>csl5502x.lib</file>
         <name>csl_mcbspdat.obj</name>
      </input_file>
      <input_file id="fl-4e">
         <path>C:\ti\ccs1281\ccs\tools\compiler\c5500_4.4.1\lib\</path>
         <kind>archive</kind>
         <file>rts55x.lib</file>
         <name>addd.obj</name>
      </input_file>
      <input_file id="fl-4f">
         <path>C:\ti\ccs1281\ccs\tools\compiler\c5500_4.4.1\lib\</path>
         <kind>archive</kind>
         <file>rts55x.lib</file>
         <name>boot.obj</name>
      </input_file>
      <input_file id="fl-50">
         <path>C:\ti\ccs1281\ccs\tools\compiler\c5500_4.4.1\lib\</path>
         <kind>archive</kind>
         <file>rts55x.lib</file>
         <name>cmpd.obj</name>
      </input_file>
      <input_file id="fl-51">
         <path>C:\ti\ccs1281\ccs\tools\compiler\c5500_4.4.1\lib\</path>
         <kind>archive</kind>
         <file>rts55x.lib</file>
         <name>divd.obj</name>
      </input_file>
      <input_file id="fl-52">
         <path>C:\ti\ccs1281\ccs\tools\compiler\c5500_4.4.1\lib\</path>
         <kind>archive</kind>
         <file>rts55x.lib</file>
         <name>exit.obj</name>
      </input_file>
      <input_file id="fl-53">
         <path>C:\ti\ccs1281\ccs\tools\compiler\c5500_4.4.1\lib\</path>
         <kind>archive</kind>
         <file>rts55x.lib</file>
         <name>fixdi.obj</name>
      </input_file>
      <input_file id="fl-54">
         <path>C:\ti\ccs1281\ccs\tools\compiler\c5500_4.4.1\lib\</path>
         <kind>archive</kind>
         <file>rts55x.lib</file>
         <name>fixdli.obj</name>
      </input_file>
      <input_file id="fl-55">
         <path>C:\ti\ccs1281\ccs\tools\compiler\c5500_4.4.1\lib\</path>
         <kind>archive</kind>
         <file>rts55x.lib</file>
         <name>fixdu.obj</name>
      </input_file>
      <input_file id="fl-56">
         <path>C:\ti\ccs1281\ccs\tools\compiler\c5500_4.4.1\lib\</path>
         <kind>archive</kind>
         <file>rts55x.lib</file>
         <name>fixdul.obj</name>
      </input_file>
      <input_file id="fl-57">
         <path>C:\ti\ccs1281\ccs\tools\compiler\c5500_4.4.1\lib\</path>
         <kind>archive</kind>
         <file>rts55x.lib</file>
         <name>fltud.obj</name>
      </input_file>
      <input_file id="fl-58">
         <path>C:\ti\ccs1281\ccs\tools\compiler\c5500_4.4.1\lib\</path>
         <kind>archive</kind>
         <file>rts55x.lib</file>
         <name>fltuld.obj</name>
      </input_file>
      <input_file id="fl-59">
         <path>C:\ti\ccs1281\ccs\tools\compiler\c5500_4.4.1\lib\</path>
         <kind>archive</kind>
         <file>rts55x.lib</file>
         <name>frcmpyd_div.obj</name>
      </input_file>
      <input_file id="fl-5a">
         <path>C:\ti\ccs1281\ccs\tools\compiler\c5500_4.4.1\lib\</path>
         <kind>archive</kind>
         <file>rts55x.lib</file>
         <name>lmpy.obj</name>
      </input_file>
      <input_file id="fl-5b">
         <path>C:\ti\ccs1281\ccs\tools\compiler\c5500_4.4.1\lib\</path>
         <kind>archive</kind>
         <file>rts55x.lib</file>
         <name>mpyd.obj</name>
      </input_file>
      <input_file id="fl-5c">
         <path>C:\ti\ccs1281\ccs\tools\compiler\c5500_4.4.1\lib\</path>
         <kind>archive</kind>
         <file>rts55x.lib</file>
         <name>printf.obj</name>
      </input_file>
      <input_file id="fl-5d">
         <path>C:\ti\ccs1281\ccs\tools\compiler\c5500_4.4.1\lib\</path>
         <kind>archive</kind>
         <file>rts55x.lib</file>
         <name>sin.obj</name>
      </input_file>
      <input_file id="fl-5e">
         <path>C:\ti\ccs1281\ccs\tools\compiler\c5500_4.4.1\lib\</path>
         <kind>archive</kind>
         <file>rts55x.lib</file>
         <name>subd.obj</name>
      </input_file>
      <input_file id="fl-5f">
         <path>C:\ti\ccs1281\ccs\tools\compiler\c5500_4.4.1\lib\</path>
         <kind>archive</kind>
         <file>rts55x.lib</file>
         <name>trunc.obj</name>
      </input_file>
      <input_file id="fl-60">
         <path>C:\ti\ccs1281\ccs\tools\compiler\c5500_4.4.1\lib\</path>
         <kind>archive</kind>
         <file>rts55x.lib</file>
         <name>vectors.obj</name>
      </input_file>
      <input_file id="fl-61">
         <path>C:\ti\ccs1281\ccs\tools\compiler\c5500_4.4.1\lib\</path>
         <kind>archive</kind>
         <file>rts55x.lib</file>
         <name>_lock.obj</name>
      </input_file>
      <input_file id="fl-62">
         <path>C:\ti\ccs1281\ccs\tools\compiler\c5500_4.4.1\lib\</path>
         <kind>archive</kind>
         <file>rts55x.lib</file>
         <name>_printfi.obj</name>
      </input_file>
      <input_file id="fl-63">
         <path>C:\ti\ccs1281\ccs\tools\compiler\c5500_4.4.1\lib\</path>
         <kind>archive</kind>
         <file>rts55x.lib</file>
         <name>args_main.obj</name>
      </input_file>
      <input_file id="fl-64">
         <path>C:\ti\ccs1281\ccs\tools\compiler\c5500_4.4.1\lib\</path>
         <kind>archive</kind>
         <file>rts55x.lib</file>
         <name>atoi.obj</name>
      </input_file>
      <input_file id="fl-65">
         <path>C:\ti\ccs1281\ccs\tools\compiler\c5500_4.4.1\lib\</path>
         <kind>archive</kind>
         <file>rts55x.lib</file>
         <name>autoinit.obj</name>
      </input_file>
      <input_file id="fl-66">
         <path>C:\ti\ccs1281\ccs\tools\compiler\c5500_4.4.1\lib\</path>
         <kind>archive</kind>
         <file>rts55x.lib</file>
         <name>ctype.obj</name>
      </input_file>
      <input_file id="fl-67">
         <path>C:\ti\ccs1281\ccs\tools\compiler\c5500_4.4.1\lib\</path>
         <kind>archive</kind>
         <file>rts55x.lib</file>
         <name>defs.obj</name>
      </input_file>
      <input_file id="fl-68">
         <path>C:\ti\ccs1281\ccs\tools\compiler\c5500_4.4.1\lib\</path>
         <kind>archive</kind>
         <file>rts55x.lib</file>
         <name>divul.obj</name>
      </input_file>
      <input_file id="fl-69">
         <path>C:\ti\ccs1281\ccs\tools\compiler\c5500_4.4.1\lib\</path>
         <kind>archive</kind>
         <file>rts55x.lib</file>
         <name>fltid.obj</name>
      </input_file>
      <input_file id="fl-6a">
         <path>C:\ti\ccs1281\ccs\tools\compiler\c5500_4.4.1\lib\</path>
         <kind>archive</kind>
         <file>rts55x.lib</file>
         <name>fltlid.obj</name>
      </input_file>
      <input_file id="fl-6b">
         <path>C:\ti\ccs1281\ccs\tools\compiler\c5500_4.4.1\lib\</path>
         <kind>archive</kind>
         <file>rts55x.lib</file>
         <name>fputc.obj</name>
      </input_file>
      <input_file id="fl-6c">
         <path>C:\ti\ccs1281\ccs\tools\compiler\c5500_4.4.1\lib\</path>
         <kind>archive</kind>
         <file>rts55x.lib</file>
         <name>fputs.obj</name>
      </input_file>
      <input_file id="fl-6d">
         <path>C:\ti\ccs1281\ccs\tools\compiler\c5500_4.4.1\lib\</path>
         <kind>archive</kind>
         <file>rts55x.lib</file>
         <name>frcmpyd.obj</name>
      </input_file>
      <input_file id="fl-6e">
         <path>C:\ti\ccs1281\ccs\tools\compiler\c5500_4.4.1\lib\</path>
         <kind>archive</kind>
         <file>rts55x.lib</file>
         <name>isinf.obj</name>
      </input_file>
      <input_file id="fl-6f">
         <path>C:\ti\ccs1281\ccs\tools\compiler\c5500_4.4.1\lib\</path>
         <kind>archive</kind>
         <file>rts55x.lib</file>
         <name>llmpy.obj</name>
      </input_file>
      <input_file id="fl-70">
         <path>C:\ti\ccs1281\ccs\tools\compiler\c5500_4.4.1\lib\</path>
         <kind>archive</kind>
         <file>rts55x.lib</file>
         <name>lowlev.obj</name>
      </input_file>
      <input_file id="fl-71">
         <path>C:\ti\ccs1281\ccs\tools\compiler\c5500_4.4.1\lib\</path>
         <kind>archive</kind>
         <file>rts55x.lib</file>
         <name>ltoa.obj</name>
      </input_file>
      <input_file id="fl-72">
         <path>C:\ti\ccs1281\ccs\tools\compiler\c5500_4.4.1\lib\</path>
         <kind>archive</kind>
         <file>rts55x.lib</file>
         <name>memccpy.obj</name>
      </input_file>
      <input_file id="fl-73">
         <path>C:\ti\ccs1281\ccs\tools\compiler\c5500_4.4.1\lib\</path>
         <kind>archive</kind>
         <file>rts55x.lib</file>
         <name>memcpy.obj</name>
      </input_file>
      <input_file id="fl-74">
         <path>C:\ti\ccs1281\ccs\tools\compiler\c5500_4.4.1\lib\</path>
         <kind>archive</kind>
         <file>rts55x.lib</file>
         <name>modf.obj</name>
      </input_file>
      <input_file id="fl-75">
         <path>C:\ti\ccs1281\ccs\tools\compiler\c5500_4.4.1\lib\</path>
         <kind>archive</kind>
         <file>rts55x.lib</file>
         <name>negd.obj</name>
      </input_file>
      <input_file id="fl-76">
         <path>C:\ti\ccs1281\ccs\tools\compiler\c5500_4.4.1\lib\</path>
         <kind>archive</kind>
         <file>rts55x.lib</file>
         <name>remli.obj</name>
      </input_file>
      <input_file id="fl-77">
         <path>C:\ti\ccs1281\ccs\tools\compiler\c5500_4.4.1\lib\</path>
         <kind>archive</kind>
         <file>rts55x.lib</file>
         <name>remul.obj</name>
      </input_file>
      <input_file id="fl-78">
         <path>C:\ti\ccs1281\ccs\tools\compiler\c5500_4.4.1\lib\</path>
         <kind>archive</kind>
         <file>rts55x.lib</file>
         <name>round.obj</name>
      </input_file>
      <input_file id="fl-79">
         <path>C:\ti\ccs1281\ccs\tools\compiler\c5500_4.4.1\lib\</path>
         <kind>archive</kind>
         <file>rts55x.lib</file>
         <name>trgdrv.obj</name>
      </input_file>
      <input_file id="fl-7a">
         <path>C:\ti\ccs1281\ccs\tools\compiler\c5500_4.4.1\lib\</path>
         <kind>archive</kind>
         <file>rts55x.lib</file>
         <name>trgmsg.obj</name>
      </input_file>
      <input_file id="fl-7b">
         <path>C:\ti\ccs1281\ccs\tools\compiler\c5500_4.4.1\lib\</path>
         <kind>archive</kind>
         <file>rts55x.lib</file>
         <name>udiv.obj</name>
      </input_file>
      <input_file id="fl-7c">
         <path>C:\ti\ccs1281\ccs\tools\compiler\c5500_4.4.1\lib\</path>
         <kind>archive</kind>
         <file>rts55x.lib</file>
         <name>_io_perm.obj</name>
      </input_file>
      <input_file id="fl-7d">
         <path>C:\ti\ccs1281\ccs\tools\compiler\c5500_4.4.1\lib\</path>
         <kind>archive</kind>
         <file>rts55x.lib</file>
         <name>divli.obj</name>
      </input_file>
      <input_file id="fl-7e">
         <path>C:\ti\ccs1281\ccs\tools\compiler\c5500_4.4.1\lib\</path>
         <kind>archive</kind>
         <file>rts55x.lib</file>
         <name>fflush.obj</name>
      </input_file>
      <input_file id="fl-7f">
         <path>C:\ti\ccs1281\ccs\tools\compiler\c5500_4.4.1\lib\</path>
         <kind>archive</kind>
         <file>rts55x.lib</file>
         <name>fseek.obj</name>
      </input_file>
      <input_file id="fl-80">
         <path>C:\ti\ccs1281\ccs\tools\compiler\c5500_4.4.1\lib\</path>
         <kind>archive</kind>
         <file>rts55x.lib</file>
         <name>setvbuf.obj</name>
      </input_file>
      <input_file id="fl-81">
         <path>C:\ti\ccs1281\ccs\tools\compiler\c5500_4.4.1\lib\</path>
         <kind>archive</kind>
         <file>rts55x.lib</file>
         <name>fopen.obj</name>
      </input_file>
      <input_file id="fl-82">
         <path>C:\ti\ccs1281\ccs\tools\compiler\c5500_4.4.1\lib\</path>
         <kind>archive</kind>
         <file>rts55x.lib</file>
         <name>memory.obj</name>
      </input_file>
      <input_file id="fl-83">
         <path>C:\ti\ccs1281\ccs\tools\compiler\c5500_4.4.1\lib\</path>
         <kind>archive</kind>
         <file>rts55x.lib</file>
         <name>fclose.obj</name>
      </input_file>
      <input_file id="fl-84">
         <path>C:\ti\ccs1281\ccs\tools\compiler\c5500_4.4.1\lib\</path>
         <kind>archive</kind>
         <file>rts55x.lib</file>
         <name>remove.obj</name>
      </input_file>
   </input_file_list>
   <object_component_list>
      <object_component id="oc-104">
         <name>.text</name>
         <load_address>0x300</load_address>
         <run_address>0x300</run_address>
         <size>0x15a4</size>
         <input_file_ref idref="fl-62"/>
      </object_component>
      <object_component id="oc-5f">
         <name>.text</name>
         <load_address>0x18a4</load_address>
         <run_address>0x18a4</run_address>
         <size>0x6f3</size>
         <input_file_ref idref="fl-f"/>
      </object_component>
      <object_component id="oc-13e">
         <name>.text</name>
         <load_address>0x1f97</load_address>
         <run_address>0x1f97</run_address>
         <size>0x543</size>
         <input_file_ref idref="fl-70"/>
      </object_component>
      <object_component id="oc-166">
         <name>.text</name>
         <load_address>0x24da</load_address>
         <run_address>0x24da</run_address>
         <size>0x528</size>
         <input_file_ref idref="fl-79"/>
      </object_component>
      <object_component id="oc-18f">
         <name>.text</name>
         <load_address>0x2a02</load_address>
         <run_address>0x2a02</run_address>
         <size>0x4b5</size>
         <input_file_ref idref="fl-82"/>
      </object_component>
      <object_component id="oc-5a">
         <name>.text</name>
         <load_address>0x2eb7</load_address>
         <run_address>0x2eb7</run_address>
         <size>0x4b2</size>
         <input_file_ref idref="fl-e"/>
      </object_component>
      <object_component id="oc-b6">
         <name>.text</name>
         <load_address>0x3369</load_address>
         <run_address>0x3369</run_address>
         <size>0x3cc</size>
         <input_file_ref idref="fl-51"/>
      </object_component>
      <object_component id="oc-51">
         <name>.text:retain</name>
         <load_address>0x3735</load_address>
         <run_address>0x3735</run_address>
         <size>0x38e</size>
         <input_file_ref idref="fl-c"/>
      </object_component>
      <object_component id="oc-1d">
         <name>.text</name>
         <load_address>0x3ac3</load_address>
         <run_address>0x3ac3</run_address>
         <size>0x2d2</size>
         <input_file_ref idref="fl-3"/>
      </object_component>
      <object_component id="oc-189">
         <name>.text</name>
         <load_address>0x3d95</load_address>
         <run_address>0x3d95</run_address>
         <size>0x27f</size>
         <input_file_ref idref="fl-81"/>
      </object_component>
      <object_component id="oc-a1">
         <name>.text:MCBSP_reset</name>
         <load_address>0x4014</load_address>
         <run_address>0x4014</run_address>
         <size>0x261</size>
         <input_file_ref idref="fl-34"/>
      </object_component>
      <object_component id="oc-13a">
         <name>.text</name>
         <load_address>0x4275</load_address>
         <run_address>0x4275</run_address>
         <size>0x25e</size>
         <input_file_ref idref="fl-6f"/>
      </object_component>
      <object_component id="oc-aa">
         <name>.text</name>
         <load_address>0x44d3</load_address>
         <run_address>0x44d3</run_address>
         <size>0x25a</size>
         <input_file_ref idref="fl-4e"/>
      </object_component>
      <object_component id="oc-2c">
         <name>.text</name>
         <load_address>0x472d</load_address>
         <run_address>0x472d</run_address>
         <size>0x20c</size>
         <input_file_ref idref="fl-6"/>
      </object_component>
      <object_component id="oc-6c">
         <name>.text</name>
         <load_address>0x4939</load_address>
         <run_address>0x4939</run_address>
         <size>0x208</size>
         <input_file_ref idref="fl-11"/>
      </object_component>
      <object_component id="oc-66">
         <name>.text</name>
         <load_address>0x4b41</load_address>
         <run_address>0x4b41</run_address>
         <size>0x204</size>
         <input_file_ref idref="fl-10"/>
      </object_component>
      <object_component id="oc-ea">
         <name>.text</name>
         <load_address>0x4d45</load_address>
         <run_address>0x4d45</run_address>
         <size>0x1f2</size>
         <input_file_ref idref="fl-5d"/>
      </object_component>
      <object_component id="oc-b2">
         <name>.text</name>
         <load_address>0x4f37</load_address>
         <run_address>0x4f37</run_address>
         <size>0x1ea</size>
         <input_file_ref idref="fl-50"/>
      </object_component>
      <object_component id="oc-47">
         <name>.text</name>
         <load_address>0x5121</load_address>
         <run_address>0x5121</run_address>
         <size>0x1e9</size>
         <input_file_ref idref="fl-b"/>
      </object_component>
      <object_component id="oc-fa">
         <name>.text</name>
         <load_address>0x530a</load_address>
         <run_address>0x530a</run_address>
         <size>0x2</size>
         <input_file_ref idref="fl-60"/>
      </object_component>
      <object_component id="oc-8d">
         <name>.text:DMA_reset</name>
         <load_address>0x530c</load_address>
         <run_address>0x530c</run_address>
         <size>0x1ca</size>
         <input_file_ref idref="fl-20"/>
      </object_component>
      <object_component id="oc-4c">
         <name>.text</name>
         <load_address>0x54d6</load_address>
         <run_address>0x54d6</run_address>
         <size>0x1c8</size>
         <input_file_ref idref="fl-c"/>
      </object_component>
      <object_component id="oc-55">
         <name>.text</name>
         <load_address>0x569e</load_address>
         <run_address>0x569e</run_address>
         <size>0x2</size>
         <input_file_ref idref="fl-d"/>
      </object_component>
      <object_component id="oc-95">
         <name>.text:I2C_write</name>
         <load_address>0x56a0</load_address>
         <run_address>0x56a0</run_address>
         <size>0x18e</size>
         <input_file_ref idref="fl-28"/>
      </object_component>
      <object_component id="oc-22">
         <name>.text</name>
         <load_address>0x582e</load_address>
         <run_address>0x582e</run_address>
         <size>0x18b</size>
         <input_file_ref idref="fl-4"/>
      </object_component>
      <object_component id="oc-12d">
         <name>.text</name>
         <load_address>0x59b9</load_address>
         <run_address>0x59b9</run_address>
         <size>0x163</size>
         <input_file_ref idref="fl-6c"/>
      </object_component>
      <object_component id="oc-94">
         <name>.text:I2C_read</name>
         <load_address>0x5b1c</load_address>
         <run_address>0x5b1c</run_address>
         <size>0x15d</size>
         <input_file_ref idref="fl-27"/>
      </object_component>
      <object_component id="oc-37">
         <name>.text</name>
         <load_address>0x5c79</load_address>
         <run_address>0x5c79</run_address>
         <size>0x14e</size>
         <input_file_ref idref="fl-8"/>
      </object_component>
      <object_component id="oc-e2">
         <name>.text</name>
         <load_address>0x5dc7</load_address>
         <run_address>0x5dc7</run_address>
         <size>0x14c</size>
         <input_file_ref idref="fl-5b"/>
      </object_component>
      <object_component id="oc-9d">
         <name>.text:MCBSP_config</name>
         <load_address>0x5f14</load_address>
         <run_address>0x5f14</run_address>
         <size>0x130</size>
         <input_file_ref idref="fl-30"/>
      </object_component>
      <object_component id="oc-8b">
         <name>.text:DMA_config</name>
         <load_address>0x6044</load_address>
         <run_address>0x6044</run_address>
         <size>0x10e</size>
         <input_file_ref idref="fl-1e"/>
      </object_component>
      <object_component id="oc-9f">
         <name>.text:MCBSP_open</name>
         <load_address>0x6154</load_address>
         <run_address>0x6154</run_address>
         <size>0xee</size>
         <input_file_ref idref="fl-32"/>
      </object_component>
      <object_component id="oc-185">
         <name>.text</name>
         <load_address>0x6242</load_address>
         <run_address>0x6242</run_address>
         <size>0xe6</size>
         <input_file_ref idref="fl-80"/>
      </object_component>
      <object_component id="oc-175">
         <name>.text</name>
         <load_address>0x6328</load_address>
         <run_address>0x6328</run_address>
         <size>0xdd</size>
         <input_file_ref idref="fl-7c"/>
      </object_component>
      <object_component id="oc-8c">
         <name>.text:DMA_open</name>
         <load_address>0x6408</load_address>
         <run_address>0x6408</run_address>
         <size>0xcb</size>
         <input_file_ref idref="fl-1f"/>
      </object_component>
      <object_component id="oc-17d">
         <name>.text</name>
         <load_address>0x64d3</load_address>
         <run_address>0x64d3</run_address>
         <size>0xc2</size>
         <input_file_ref idref="fl-7e"/>
      </object_component>
      <object_component id="oc-150">
         <name>.text</name>
         <load_address>0x6595</load_address>
         <run_address>0x6595</run_address>
         <size>0xbf</size>
         <input_file_ref idref="fl-74"/>
      </object_component>
      <object_component id="oc-3c">
         <name>.text</name>
         <load_address>0x6654</load_address>
         <run_address>0x6654</run_address>
         <size>0xbd</size>
         <input_file_ref idref="fl-9"/>
      </object_component>
      <object_component id="oc-16e">
         <name>.text:CIO_breakpoint</name>
         <load_address>0x6711</load_address>
         <run_address>0x6711</run_address>
         <size>0xba</size>
         <input_file_ref idref="fl-7a"/>
      </object_component>
      <object_component id="oc-42">
         <name>.text</name>
         <load_address>0x67cb</load_address>
         <run_address>0x67cb</run_address>
         <size>0xab</size>
         <input_file_ref idref="fl-a"/>
      </object_component>
      <object_component id="oc-129">
         <name>.text</name>
         <load_address>0x6876</load_address>
         <run_address>0x6876</run_address>
         <size>0xa6</size>
         <input_file_ref idref="fl-6b"/>
      </object_component>
      <object_component id="oc-11c">
         <name>.text</name>
         <load_address>0x691c</load_address>
         <run_address>0x691c</run_address>
         <size>0xa1</size>
         <input_file_ref idref="fl-68"/>
      </object_component>
      <object_component id="oc-9b">
         <name>.text</name>
         <load_address>0x69bd</load_address>
         <run_address>0x69bd</run_address>
         <size>0x89</size>
         <input_file_ref idref="fl-2e"/>
      </object_component>
      <object_component id="oc-a2">
         <name>.text:MCBSP_start</name>
         <load_address>0x6a48</load_address>
         <run_address>0x6a48</run_address>
         <size>0x82</size>
         <input_file_ref idref="fl-35"/>
      </object_component>
      <object_component id="oc-144">
         <name>.text</name>
         <load_address>0x6aca</load_address>
         <run_address>0x6aca</run_address>
         <size>0x7d</size>
         <input_file_ref idref="fl-71"/>
      </object_component>
      <object_component id="oc-196">
         <name>.text</name>
         <load_address>0x6b47</load_address>
         <run_address>0x6b47</run_address>
         <size>0x7b</size>
         <input_file_ref idref="fl-83"/>
      </object_component>
      <object_component id="oc-cd">
         <name>.text</name>
         <load_address>0x6bc2</load_address>
         <run_address>0x6bc2</run_address>
         <size>0x77</size>
         <input_file_ref idref="fl-56"/>
      </object_component>
      <object_component id="oc-132">
         <name>.text</name>
         <load_address>0x6c39</load_address>
         <run_address>0x6c39</run_address>
         <size>0x76</size>
         <input_file_ref idref="fl-6d"/>
      </object_component>
      <object_component id="oc-da">
         <name>.text</name>
         <load_address>0x6caf</load_address>
         <run_address>0x6caf</run_address>
         <size>0x73</size>
         <input_file_ref idref="fl-59"/>
      </object_component>
      <object_component id="oc-93">
         <name>.text:I2C_config</name>
         <load_address>0x6d24</load_address>
         <run_address>0x6d24</run_address>
         <size>0x72</size>
         <input_file_ref idref="fl-26"/>
      </object_component>
      <object_component id="oc-15d">
         <name>.text</name>
         <load_address>0x6d96</load_address>
         <run_address>0x6d96</run_address>
         <size>0x72</size>
         <input_file_ref idref="fl-77"/>
      </object_component>
      <object_component id="oc-73">
         <name>.text</name>
         <load_address>0x6e08</load_address>
         <run_address>0x6e08</run_address>
         <size>0x72</size>
         <input_file_ref idref="fl-12"/>
      </object_component>
      <object_component id="oc-27">
         <name>.text</name>
         <load_address>0x6e7a</load_address>
         <run_address>0x6e7a</run_address>
         <size>0x6f</size>
         <input_file_ref idref="fl-5"/>
      </object_component>
      <object_component id="oc-c5">
         <name>.text</name>
         <load_address>0x6ee9</load_address>
         <run_address>0x6ee9</run_address>
         <size>0x6f</size>
         <input_file_ref idref="fl-54"/>
      </object_component>
      <object_component id="oc-32">
         <name>.text</name>
         <load_address>0x6f58</load_address>
         <run_address>0x6f58</run_address>
         <size>0x6d</size>
         <input_file_ref idref="fl-7"/>
      </object_component>
      <object_component id="oc-16b">
         <name>.text</name>
         <load_address>0x6fc5</load_address>
         <run_address>0x6fc5</run_address>
         <size>0x6d</size>
         <input_file_ref idref="fl-7a"/>
      </object_component>
      <object_component id="oc-181">
         <name>.text</name>
         <load_address>0x7032</load_address>
         <run_address>0x7032</run_address>
         <size>0x6b</size>
         <input_file_ref idref="fl-7f"/>
      </object_component>
      <object_component id="oc-97">
         <name>.text:IRQ_enable</name>
         <load_address>0x70a0</load_address>
         <run_address>0x70a0</run_address>
         <size>0x68</size>
         <input_file_ref idref="fl-2a"/>
      </object_component>
      <object_component id="oc-124">
         <name>.text</name>
         <load_address>0x7108</load_address>
         <run_address>0x7108</run_address>
         <size>0x67</size>
         <input_file_ref idref="fl-6a"/>
      </object_component>
      <object_component id="oc-80">
         <name>.text</name>
         <load_address>0x716f</load_address>
         <run_address>0x716f</run_address>
         <size>0x62</size>
         <input_file_ref idref="fl-14"/>
      </object_component>
      <object_component id="oc-161">
         <name>.text</name>
         <load_address>0x71d1</load_address>
         <run_address>0x71d1</run_address>
         <size>0x5f</size>
         <input_file_ref idref="fl-78"/>
      </object_component>
      <object_component id="oc-10e">
         <name>.text</name>
         <load_address>0x7230</load_address>
         <run_address>0x7230</run_address>
         <size>0x5c</size>
         <input_file_ref idref="fl-64"/>
      </object_component>
      <object_component id="oc-d5">
         <name>.text</name>
         <load_address>0x728c</load_address>
         <run_address>0x728c</run_address>
         <size>0x5b</size>
         <input_file_ref idref="fl-58"/>
      </object_component>
      <object_component id="oc-7a">
         <name>.text</name>
         <load_address>0x72e7</load_address>
         <run_address>0x72e7</run_address>
         <size>0x52</size>
         <input_file_ref idref="fl-13"/>
      </object_component>
      <object_component id="oc-e6">
         <name>.text</name>
         <load_address>0x7339</load_address>
         <run_address>0x7339</run_address>
         <size>0x50</size>
         <input_file_ref idref="fl-5c"/>
      </object_component>
      <object_component id="oc-90">
         <name>.text:GPIO_open</name>
         <load_address>0x738c</load_address>
         <run_address>0x738c</run_address>
         <size>0x4f</size>
         <input_file_ref idref="fl-23"/>
      </object_component>
      <object_component id="oc-112">
         <name>.text</name>
         <load_address>0x73db</load_address>
         <run_address>0x73db</run_address>
         <size>0x4d</size>
         <input_file_ref idref="fl-65"/>
      </object_component>
      <object_component id="oc-10a">
         <name>.text</name>
         <load_address>0x7428</load_address>
         <run_address>0x7428</run_address>
         <size>0x4b</size>
         <input_file_ref idref="fl-63"/>
      </object_component>
      <object_component id="oc-159">
         <name>.text</name>
         <load_address>0x7473</load_address>
         <run_address>0x7473</run_address>
         <size>0x4b</size>
         <input_file_ref idref="fl-76"/>
      </object_component>
      <object_component id="oc-179">
         <name>.text</name>
         <load_address>0x74be</load_address>
         <run_address>0x74be</run_address>
         <size>0x48</size>
         <input_file_ref idref="fl-7d"/>
      </object_component>
      <object_component id="oc-f5">
         <name>.text</name>
         <load_address>0x7506</load_address>
         <run_address>0x7506</run_address>
         <size>0x41</size>
         <input_file_ref idref="fl-5f"/>
      </object_component>
      <object_component id="oc-14c">
         <name>.text</name>
         <load_address>0x7547</load_address>
         <run_address>0x7547</run_address>
         <size>0x3f</size>
         <input_file_ref idref="fl-73"/>
      </object_component>
      <object_component id="oc-ba">
         <name>.text</name>
         <load_address>0x7586</load_address>
         <run_address>0x7586</run_address>
         <size>0x3e</size>
         <input_file_ref idref="fl-52"/>
      </object_component>
      <object_component id="oc-96">
         <name>.text:IRQ_clear</name>
         <load_address>0x75c4</load_address>
         <run_address>0x75c4</run_address>
         <size>0x37</size>
         <input_file_ref idref="fl-29"/>
      </object_component>
      <object_component id="oc-9c">
         <name>.text:IRQ_setVecs</name>
         <load_address>0x75fc</load_address>
         <run_address>0x75fc</run_address>
         <size>0x37</size>
         <input_file_ref idref="fl-2f"/>
      </object_component>
      <object_component id="oc-9e">
         <name>.text:MCBSP_close</name>
         <load_address>0x7634</load_address>
         <run_address>0x7634</run_address>
         <size>0x36</size>
         <input_file_ref idref="fl-31"/>
      </object_component>
      <object_component id="oc-16">
         <name>.text</name>
         <load_address>0x766a</load_address>
         <run_address>0x766a</run_address>
         <size>0x34</size>
         <input_file_ref idref="fl-4f"/>
      </object_component>
      <object_component id="oc-c1">
         <name>.text</name>
         <load_address>0x769e</load_address>
         <run_address>0x769e</run_address>
         <size>0x2a</size>
         <input_file_ref idref="fl-53"/>
      </object_component>
      <object_component id="oc-171">
         <name>.text</name>
         <load_address>0x76c8</load_address>
         <run_address>0x76c8</run_address>
         <size>0x2a</size>
         <input_file_ref idref="fl-7b"/>
      </object_component>
      <object_component id="oc-148">
         <name>.text</name>
         <load_address>0x76f2</load_address>
         <run_address>0x76f2</run_address>
         <size>0x23</size>
         <input_file_ref idref="fl-72"/>
      </object_component>
      <object_component id="oc-8e">
         <name>.text:GPIO_pinDirection</name>
         <load_address>0x7718</load_address>
         <run_address>0x7718</run_address>
         <size>0x1f</size>
         <input_file_ref idref="fl-21"/>
      </object_component>
      <object_component id="oc-92">
         <name>.text:GPIO_pinWrite</name>
         <load_address>0x7738</load_address>
         <run_address>0x7738</run_address>
         <size>0x1f</size>
         <input_file_ref idref="fl-25"/>
      </object_component>
      <object_component id="oc-c9">
         <name>.text</name>
         <load_address>0x7757</load_address>
         <run_address>0x7757</run_address>
         <size>0x1b</size>
         <input_file_ref idref="fl-55"/>
      </object_component>
      <object_component id="oc-136">
         <name>.text</name>
         <load_address>0x7772</load_address>
         <run_address>0x7772</run_address>
         <size>0x1a</size>
         <input_file_ref idref="fl-6e"/>
      </object_component>
      <object_component id="oc-91">
         <name>.text:GPIO_pinRead</name>
         <load_address>0x778c</load_address>
         <run_address>0x778c</run_address>
         <size>0x14</size>
         <input_file_ref idref="fl-24"/>
      </object_component>
      <object_component id="oc-a0">
         <name>.text:MCBSP_read32</name>
         <load_address>0x77a0</load_address>
         <run_address>0x77a0</run_address>
         <size>0x14</size>
         <input_file_ref idref="fl-33"/>
      </object_component>
      <object_component id="oc-f1">
         <name>.text</name>
         <load_address>0x77b4</load_address>
         <run_address>0x77b4</run_address>
         <size>0x14</size>
         <input_file_ref idref="fl-5e"/>
      </object_component>
      <object_component id="oc-8f">
         <name>.text:GPIO_pinEnable</name>
         <load_address>0x77c8</load_address>
         <run_address>0x77c8</run_address>
         <size>0x13</size>
         <input_file_ref idref="fl-22"/>
      </object_component>
      <object_component id="oc-de">
         <name>.text</name>
         <load_address>0x77db</load_address>
         <run_address>0x77db</run_address>
         <size>0x13</size>
         <input_file_ref idref="fl-5a"/>
      </object_component>
      <object_component id="oc-18">
         <name>.text</name>
         <load_address>0x77ee</load_address>
         <run_address>0x77ee</run_address>
         <size>0x12</size>
         <input_file_ref idref="fl-2"/>
      </object_component>
      <object_component id="oc-fe">
         <name>.text</name>
         <load_address>0x7800</load_address>
         <run_address>0x7800</run_address>
         <size>0x12</size>
         <input_file_ref idref="fl-61"/>
      </object_component>
      <object_component id="oc-155">
         <name>.text</name>
         <load_address>0x7812</load_address>
         <run_address>0x7812</run_address>
         <size>0x10</size>
         <input_file_ref idref="fl-75"/>
      </object_component>
      <object_component id="oc-98">
         <name>.text:IRQ_globalDisable</name>
         <load_address>0x7824</load_address>
         <run_address>0x7824</run_address>
         <size>0xf</size>
         <input_file_ref idref="fl-2b"/>
      </object_component>
      <object_component id="oc-99">
         <name>.text:IRQ_globalEnable</name>
         <load_address>0x7834</load_address>
         <run_address>0x7834</run_address>
         <size>0xf</size>
         <input_file_ref idref="fl-2c"/>
      </object_component>
      <object_component id="oc-d1">
         <name>.text</name>
         <load_address>0x7843</load_address>
         <run_address>0x7843</run_address>
         <size>0xe</size>
         <input_file_ref idref="fl-57"/>
      </object_component>
      <object_component id="oc-86">
         <name>.text:_CSL_init</name>
         <load_address>0x7854</load_address>
         <run_address>0x7854</run_address>
         <size>0xd</size>
         <input_file_ref idref="fl-1b"/>
      </object_component>
      <object_component id="oc-88">
         <name>.text:CSL_init</name>
         <load_address>0x7864</load_address>
         <run_address>0x7864</run_address>
         <size>0xc</size>
         <input_file_ref idref="fl-1c"/>
      </object_component>
      <object_component id="oc-9a">
         <name>.text:IRQ_globalRestore</name>
         <load_address>0x7870</load_address>
         <run_address>0x7870</run_address>
         <size>0xc</size>
         <input_file_ref idref="fl-2d"/>
      </object_component>
      <object_component id="oc-a3">
         <name>.text:MCBSP_write32</name>
         <load_address>0x787c</load_address>
         <run_address>0x787c</run_address>
         <size>0xc</size>
         <input_file_ref idref="fl-36"/>
      </object_component>
      <object_component id="oc-120">
         <name>.text</name>
         <load_address>0x7888</load_address>
         <run_address>0x7888</run_address>
         <size>0xc</size>
         <input_file_ref idref="fl-69"/>
      </object_component>
      <object_component id="oc-19a">
         <name>.text</name>
         <load_address>0x7894</load_address>
         <run_address>0x7894</run_address>
         <size>0xa</size>
         <input_file_ref idref="fl-84"/>
      </object_component>
      <object_component id="oc-be">
         <name>.text:CIO_breakpoint</name>
         <load_address>0x789e</load_address>
         <run_address>0x789e</run_address>
         <size>0x7</size>
         <input_file_ref idref="fl-52"/>
      </object_component>
      <object_component id="oc-87">
         <name>.text</name>
         <load_address>0x78a8</load_address>
         <run_address>0x78a8</run_address>
         <size>0x2</size>
         <input_file_ref idref="fl-1c"/>
      </object_component>
      <object_component id="oc-ae">
         <name>.stack</name>
         <load_address>0x78c0</load_address>
         <run_address>0x78c0</run_address>
         <size>0x0</size>
         <input_file_ref idref="fl-4f"/>
      </object_component>
      <object_component id="oc-1bf">
         <name>.stack</name>
         <load_address>0x78c0</load_address>
         <run_address>0x78c0</run_address>
         <size>0x0</size>
      </object_component>
      <object_component id="oc-19e">
         <name>.sysstack</name>
         <load_address>0x92e0</load_address>
         <run_address>0x92e0</run_address>
         <size>0x0</size>
         <input_file_ref idref="fl-4f"/>
      </object_component>
      <object_component id="oc-1c1">
         <name>.sysstack</name>
         <load_address>0x92e0</load_address>
         <run_address>0x92e0</run_address>
         <size>0x0</size>
      </object_component>
      <object_component id="oc-a5">
         <name>.csldata:DMA_data</name>
         <load_address>0x9a60</load_address>
         <run_address>0x9a60</run_address>
         <size>0xfc</size>
         <input_file_ref idref="fl-37"/>
      </object_component>
      <object_component id="oc-a9">
         <name>.csldata:MCBSP_data</name>
         <load_address>0x9b5c</load_address>
         <run_address>0x9b5c</run_address>
         <size>0xcc</size>
         <input_file_ref idref="fl-39"/>
      </object_component>
      <object_component id="oc-8a">
         <name>.csldata:SYS_data</name>
         <load_address>0x9c28</load_address>
         <run_address>0x9c28</run_address>
         <size>0x44</size>
         <input_file_ref idref="fl-1d"/>
      </object_component>
      <object_component id="oc-a7">
         <name>.csldata:GPIO_data</name>
         <load_address>0x9c6c</load_address>
         <run_address>0x9c6c</run_address>
         <size>0x40</size>
         <input_file_ref idref="fl-38"/>
      </object_component>
      <object_component id="oc-118">
         <name>.bss</name>
         <load_address>0x88c0</load_address>
         <run_address>0x88c0</run_address>
         <size>0x232</size>
         <input_file_ref idref="fl-67"/>
      </object_component>
      <object_component id="oc-167">
         <name>.bss</name>
         <load_address>0x8af2</load_address>
         <run_address>0x8af2</run_address>
         <size>0x1a0</size>
         <input_file_ref idref="fl-79"/>
      </object_component>
      <object_component id="oc-18a">
         <name>.bss</name>
         <load_address>0x8c92</load_address>
         <run_address>0x8c92</run_address>
         <size>0x2</size>
         <input_file_ref idref="fl-81"/>
      </object_component>
      <object_component id="oc-13f">
         <name>.bss</name>
         <load_address>0x8c94</load_address>
         <run_address>0x8c94</run_address>
         <size>0xe2</size>
         <input_file_ref idref="fl-70"/>
      </object_component>
      <object_component id="oc-67">
         <name>.bss</name>
         <load_address>0x8d78</load_address>
         <run_address>0x8d78</run_address>
         <size>0x90</size>
         <input_file_ref idref="fl-10"/>
      </object_component>
      <object_component id="oc-4d">
         <name>.bss</name>
         <load_address>0x8e08</load_address>
         <run_address>0x8e08</run_address>
         <size>0x7c</size>
         <input_file_ref idref="fl-c"/>
      </object_component>
      <object_component id="oc-2d">
         <name>.bss</name>
         <load_address>0x8e84</load_address>
         <run_address>0x8e84</run_address>
         <size>0x10</size>
         <input_file_ref idref="fl-6"/>
      </object_component>
      <object_component id="oc-eb">
         <name>.bss</name>
         <load_address>0x8e94</load_address>
         <run_address>0x8e94</run_address>
         <size>0x10</size>
         <input_file_ref idref="fl-5d"/>
      </object_component>
      <object_component id="oc-6d">
         <name>.bss</name>
         <load_address>0x8ea4</load_address>
         <run_address>0x8ea4</run_address>
         <size>0x10</size>
         <input_file_ref idref="fl-11"/>
      </object_component>
      <object_component id="oc-190">
         <name>.bss</name>
         <load_address>0x8eb4</load_address>
         <run_address>0x8eb4</run_address>
         <size>0xc</size>
         <input_file_ref idref="fl-82"/>
      </object_component>
      <object_component id="oc-ff">
         <name>.bss</name>
         <load_address>0x8ec0</load_address>
         <run_address>0x8ec0</run_address>
         <size>0x8</size>
         <input_file_ref idref="fl-61"/>
      </object_component>
      <object_component id="oc-bb">
         <name>.bss</name>
         <load_address>0x8ec8</load_address>
         <run_address>0x8ec8</run_address>
         <size>0x8</size>
         <input_file_ref idref="fl-52"/>
      </object_component>
      <object_component id="oc-3d">
         <name>.bss</name>
         <load_address>0x8ed0</load_address>
         <run_address>0x8ed0</run_address>
         <size>0x4</size>
         <input_file_ref idref="fl-9"/>
      </object_component>
      <object_component id="oc-74">
         <name>.bss</name>
         <load_address>0x8ed4</load_address>
         <run_address>0x8ed4</run_address>
         <size>0x4</size>
         <input_file_ref idref="fl-12"/>
      </object_component>
      <object_component id="oc-1a2">
         <name>.const:__ctypes_</name>
         <load_address>0x96e0</load_address>
         <run_address>0x96e0</run_address>
         <size>0x202</size>
         <input_file_ref idref="fl-66"/>
      </object_component>
      <object_component id="oc-107">
         <name>.const:.string</name>
         <load_address>0x98e4</load_address>
         <run_address>0x98e4</run_address>
         <size>0x48</size>
         <input_file_ref idref="fl-62"/>
      </object_component>
      <object_component id="oc-1a0">
         <name>.const:_$P$T0$1</name>
         <load_address>0x992c</load_address>
         <run_address>0x992c</run_address>
         <size>0x36</size>
         <input_file_ref idref="fl-9"/>
      </object_component>
      <object_component id="oc-ee">
         <name>.const</name>
         <load_address>0x9964</load_address>
         <run_address>0x9964</run_address>
         <size>0x28</size>
         <input_file_ref idref="fl-5d"/>
      </object_component>
      <object_component id="oc-7c">
         <name>.const:.string</name>
         <load_address>0x998c</load_address>
         <run_address>0x998c</run_address>
         <size>0x1a</size>
         <input_file_ref idref="fl-13"/>
      </object_component>
      <object_component id="oc-106">
         <name>.const</name>
         <load_address>0x99a8</load_address>
         <run_address>0x99a8</run_address>
         <size>0x18</size>
         <input_file_ref idref="fl-62"/>
      </object_component>
      <object_component id="oc-19f">
         <name>.const:_$P$T0$1</name>
         <load_address>0x99c0</load_address>
         <run_address>0x99c0</run_address>
         <size>0x14</size>
         <input_file_ref idref="fl-7"/>
      </object_component>
      <object_component id="oc-62">
         <name>.const</name>
         <load_address>0x99d4</load_address>
         <run_address>0x99d4</run_address>
         <size>0x14</size>
         <input_file_ref idref="fl-f"/>
      </object_component>
      <object_component id="oc-6f">
         <name>.const</name>
         <load_address>0x99e8</load_address>
         <run_address>0x99e8</run_address>
         <size>0x14</size>
         <input_file_ref idref="fl-11"/>
      </object_component>
      <object_component id="oc-1a1">
         <name>.const:_initial_approx$1</name>
         <load_address>0x99fc</load_address>
         <run_address>0x99fc</run_address>
         <size>0x10</size>
         <input_file_ref idref="fl-51"/>
      </object_component>
      <object_component id="oc-163">
         <name>.const</name>
         <load_address>0x9a0c</load_address>
         <run_address>0x9a0c</run_address>
         <size>0x10</size>
         <input_file_ref idref="fl-78"/>
      </object_component>
      <object_component id="oc-82">
         <name>.const</name>
         <load_address>0x9a1c</load_address>
         <run_address>0x9a1c</run_address>
         <size>0x10</size>
         <input_file_ref idref="fl-14"/>
      </object_component>
      <object_component id="oc-152">
         <name>.const</name>
         <load_address>0x9a2c</load_address>
         <run_address>0x9a2c</run_address>
         <size>0xc</size>
         <input_file_ref idref="fl-74"/>
      </object_component>
      <object_component id="oc-f7">
         <name>.const</name>
         <load_address>0x9a38</load_address>
         <run_address>0x9a38</run_address>
         <size>0x8</size>
         <input_file_ref idref="fl-5f"/>
      </object_component>
      <object_component id="oc-12f">
         <name>.const:.string</name>
         <load_address>0x9a40</load_address>
         <run_address>0x9a40</run_address>
         <size>0x4</size>
         <input_file_ref idref="fl-6c"/>
      </object_component>
      <object_component id="oc-126">
         <name>.const</name>
         <load_address>0x9a44</load_address>
         <run_address>0x9a44</run_address>
         <size>0x4</size>
         <input_file_ref idref="fl-6a"/>
      </object_component>
      <object_component id="oc-d7">
         <name>.const</name>
         <load_address>0x9a48</load_address>
         <run_address>0x9a48</run_address>
         <size>0x4</size>
         <input_file_ref idref="fl-58"/>
      </object_component>
      <object_component id="oc-193">
         <name>.sysmem</name>
         <uninitialized>true</uninitialized>
         <run_address>0x16280</run_address>
         <size>0x0</size>
         <input_file_ref idref="fl-82"/>
      </object_component>
      <object_component id="oc-1c0">
         <name>.sysmem</name>
         <uninitialized>true</uninitialized>
         <run_address>0x16280</run_address>
         <size>0x0</size>
      </object_component>
      <object_component id="oc-a4">
         <name>.cinit</name>
         <load_address>0x8ed8</load_address>
         <run_address>0x8ed8</run_address>
         <size>0x102</size>
         <input_file_ref idref="fl-37"/>
      </object_component>
      <object_component id="oc-a8">
         <name>.cinit</name>
         <load_address>0x8fda</load_address>
         <run_address>0x8fda</run_address>
         <size>0xd2</size>
         <input_file_ref idref="fl-39"/>
      </object_component>
      <object_component id="oc-4f">
         <name>.cinit</name>
         <load_address>0x90ac</load_address>
         <run_address>0x90ac</run_address>
         <size>0x90</size>
         <input_file_ref idref="fl-c"/>
      </object_component>
      <object_component id="oc-141">
         <name>.cinit</name>
         <load_address>0x913c</load_address>
         <run_address>0x913c</run_address>
         <size>0x5a</size>
         <input_file_ref idref="fl-70"/>
      </object_component>
      <object_component id="oc-11a">
         <name>.cinit</name>
         <load_address>0x9196</load_address>
         <run_address>0x9196</run_address>
         <size>0x54</size>
         <input_file_ref idref="fl-67"/>
      </object_component>
      <object_component id="oc-89">
         <name>.cinit</name>
         <load_address>0x91ea</load_address>
         <run_address>0x91ea</run_address>
         <size>0x4a</size>
         <input_file_ref idref="fl-1d"/>
      </object_component>
      <object_component id="oc-a6">
         <name>.cinit</name>
         <load_address>0x9234</load_address>
         <run_address>0x9234</run_address>
         <size>0x46</size>
         <input_file_ref idref="fl-38"/>
      </object_component>
      <object_component id="oc-ed">
         <name>.cinit</name>
         <load_address>0x927a</load_address>
         <run_address>0x927a</run_address>
         <size>0x16</size>
         <input_file_ref idref="fl-5d"/>
      </object_component>
      <object_component id="oc-101">
         <name>.cinit</name>
         <load_address>0x9290</load_address>
         <run_address>0x9290</run_address>
         <size>0x14</size>
         <input_file_ref idref="fl-61"/>
      </object_component>
      <object_component id="oc-bd">
         <name>.cinit</name>
         <load_address>0x92a4</load_address>
         <run_address>0x92a4</run_address>
         <size>0x14</size>
         <input_file_ref idref="fl-52"/>
      </object_component>
      <object_component id="oc-76">
         <name>.cinit</name>
         <load_address>0x92b8</load_address>
         <run_address>0x92b8</run_address>
         <size>0x10</size>
         <input_file_ref idref="fl-12"/>
      </object_component>
      <object_component id="oc-18c">
         <name>.cinit</name>
         <load_address>0x92c8</load_address>
         <run_address>0x92c8</run_address>
         <size>0x8</size>
         <input_file_ref idref="fl-81"/>
      </object_component>
      <object_component id="oc-192">
         <name>.cinit</name>
         <load_address>0x92d0</load_address>
         <run_address>0x92d0</run_address>
         <size>0x8</size>
         <input_file_ref idref="fl-82"/>
      </object_component>
      <object_component id="oc-16d">
         <name>.cio</name>
         <load_address>0x16a80</load_address>
         <run_address>0x16a80</run_address>
         <size>0x240</size>
         <input_file_ref idref="fl-7a"/>
      </object_component>
      <object_component id="oc-17">
         <name>vectors</name>
         <load_address>0xff00</load_address>
         <run_address>0xff00</run_address>
         <size>0x100</size>
         <input_file_ref idref="fl-60"/>
      </object_component>
      <object_component id="oc-56">
         <name>.vectors</name>
         <load_address>0xfe00</load_address>
         <run_address>0xfe00</run_address>
         <size>0x100</size>
         <input_file_ref idref="fl-d"/>
      </object_component>
      <object_component id="oc-50">
         <name>dmaMem</name>
         <load_address>0x80c0</load_address>
         <run_address>0x80c0</run_address>
         <size>0x800</size>
         <input_file_ref idref="fl-c"/>
      </object_component>
      <object_component id="oc-61">
         <name>.reverbMem</name>
         <load_address>0x10000</load_address>
         <run_address>0x10000</run_address>
         <size>0x6262</size>
         <input_file_ref idref="fl-f"/>
      </object_component>
      <object_component id="oc-19">
         <name>.debug_info</name>
         <load_address>0x0</load_address>
         <run_address>0x0</run_address>
         <size>0x56e</size>
         <input_file_ref idref="fl-2"/>
      </object_component>
      <object_component id="oc-1e">
         <name>.debug_info</name>
         <load_address>0x56e</load_address>
         <run_address>0x56e</run_address>
         <size>0xb49</size>
         <input_file_ref idref="fl-3"/>
      </object_component>
      <object_component id="oc-23">
         <name>.debug_info</name>
         <load_address>0x10b7</load_address>
         <run_address>0x10b7</run_address>
         <size>0xb7d</size>
         <input_file_ref idref="fl-4"/>
      </object_component>
      <object_component id="oc-28">
         <name>.debug_info</name>
         <load_address>0x1c34</load_address>
         <run_address>0x1c34</run_address>
         <size>0x894</size>
         <input_file_ref idref="fl-5"/>
      </object_component>
      <object_component id="oc-2e">
         <name>.debug_info</name>
         <load_address>0x24c8</load_address>
         <run_address>0x24c8</run_address>
         <size>0xbb4</size>
         <input_file_ref idref="fl-6"/>
      </object_component>
      <object_component id="oc-33">
         <name>.debug_info</name>
         <load_address>0x307c</load_address>
         <run_address>0x307c</run_address>
         <size>0xa47</size>
         <input_file_ref idref="fl-7"/>
      </object_component>
      <object_component id="oc-38">
         <name>.debug_info</name>
         <load_address>0x3ac3</load_address>
         <run_address>0x3ac3</run_address>
         <size>0xbbe</size>
         <input_file_ref idref="fl-8"/>
      </object_component>
      <object_component id="oc-3e">
         <name>.debug_info</name>
         <load_address>0x4681</load_address>
         <run_address>0x4681</run_address>
         <size>0x1132</size>
         <input_file_ref idref="fl-9"/>
      </object_component>
      <object_component id="oc-43">
         <name>.debug_info</name>
         <load_address>0x57b3</load_address>
         <run_address>0x57b3</run_address>
         <size>0x9c2</size>
         <input_file_ref idref="fl-a"/>
      </object_component>
      <object_component id="oc-48">
         <name>.debug_info</name>
         <load_address>0x6175</load_address>
         <run_address>0x6175</run_address>
         <size>0x9e8</size>
         <input_file_ref idref="fl-b"/>
      </object_component>
      <object_component id="oc-4e">
         <name>.debug_info</name>
         <load_address>0x6b5d</load_address>
         <run_address>0x6b5d</run_address>
         <size>0x12ea</size>
         <input_file_ref idref="fl-c"/>
      </object_component>
      <object_component id="oc-57">
         <name>.debug_info</name>
         <load_address>0x7e47</load_address>
         <run_address>0x7e47</run_address>
         <size>0x137</size>
         <input_file_ref idref="fl-d"/>
      </object_component>
      <object_component id="oc-5b">
         <name>.debug_info</name>
         <load_address>0x7f7e</load_address>
         <run_address>0x7f7e</run_address>
         <size>0x106c</size>
         <input_file_ref idref="fl-e"/>
      </object_component>
      <object_component id="oc-60">
         <name>.debug_info</name>
         <load_address>0x8fea</load_address>
         <run_address>0x8fea</run_address>
         <size>0x1bec</size>
         <input_file_ref idref="fl-f"/>
      </object_component>
      <object_component id="oc-68">
         <name>.debug_info</name>
         <load_address>0xabd6</load_address>
         <run_address>0xabd6</run_address>
         <size>0xe00</size>
         <input_file_ref idref="fl-10"/>
      </object_component>
      <object_component id="oc-6e">
         <name>.debug_info</name>
         <load_address>0xb9d6</load_address>
         <run_address>0xb9d6</run_address>
         <size>0xbd2</size>
         <input_file_ref idref="fl-11"/>
      </object_component>
      <object_component id="oc-75">
         <name>.debug_info</name>
         <load_address>0xc5a8</load_address>
         <run_address>0xc5a8</run_address>
         <size>0x774</size>
         <input_file_ref idref="fl-12"/>
      </object_component>
      <object_component id="oc-7b">
         <name>.debug_info</name>
         <load_address>0xcd1c</load_address>
         <run_address>0xcd1c</run_address>
         <size>0x82e</size>
         <input_file_ref idref="fl-13"/>
      </object_component>
      <object_component id="oc-81">
         <name>.debug_info</name>
         <load_address>0xd54a</load_address>
         <run_address>0xd54a</run_address>
         <size>0x8cd</size>
         <input_file_ref idref="fl-14"/>
      </object_component>
      <object_component id="oc-ab">
         <name>.debug_info</name>
         <load_address>0xde17</load_address>
         <run_address>0xde17</run_address>
         <size>0x5ab</size>
         <input_file_ref idref="fl-4e"/>
      </object_component>
      <object_component id="oc-af">
         <name>.debug_info</name>
         <load_address>0xe3c2</load_address>
         <run_address>0xe3c2</run_address>
         <size>0xe8</size>
         <input_file_ref idref="fl-4f"/>
      </object_component>
      <object_component id="oc-b3">
         <name>.debug_info</name>
         <load_address>0xe4aa</load_address>
         <run_address>0xe4aa</run_address>
         <size>0x81f</size>
         <input_file_ref idref="fl-50"/>
      </object_component>
      <object_component id="oc-b7">
         <name>.debug_info</name>
         <load_address>0xecc9</load_address>
         <run_address>0xecc9</run_address>
         <size>0x7e8</size>
         <input_file_ref idref="fl-51"/>
      </object_component>
      <object_component id="oc-bc">
         <name>.debug_info</name>
         <load_address>0xf4b1</load_address>
         <run_address>0xf4b1</run_address>
         <size>0x5fb</size>
         <input_file_ref idref="fl-52"/>
      </object_component>
      <object_component id="oc-c2">
         <name>.debug_info</name>
         <load_address>0xfaac</load_address>
         <run_address>0xfaac</run_address>
         <size>0x4cf</size>
         <input_file_ref idref="fl-53"/>
      </object_component>
      <object_component id="oc-c6">
         <name>.debug_info</name>
         <load_address>0xff7b</load_address>
         <run_address>0xff7b</run_address>
         <size>0x534</size>
         <input_file_ref idref="fl-54"/>
      </object_component>
      <object_component id="oc-ca">
         <name>.debug_info</name>
         <load_address>0x104af</load_address>
         <run_address>0x104af</run_address>
         <size>0x4cf</size>
         <input_file_ref idref="fl-55"/>
      </object_component>
      <object_component id="oc-ce">
         <name>.debug_info</name>
         <load_address>0x1097e</load_address>
         <run_address>0x1097e</run_address>
         <size>0x534</size>
         <input_file_ref idref="fl-56"/>
      </object_component>
      <object_component id="oc-d2">
         <name>.debug_info</name>
         <load_address>0x10eb2</load_address>
         <run_address>0x10eb2</run_address>
         <size>0x4cf</size>
         <input_file_ref idref="fl-57"/>
      </object_component>
      <object_component id="oc-d6">
         <name>.debug_info</name>
         <load_address>0x11381</load_address>
         <run_address>0x11381</run_address>
         <size>0x549</size>
         <input_file_ref idref="fl-58"/>
      </object_component>
      <object_component id="oc-db">
         <name>.debug_info</name>
         <load_address>0x118ca</load_address>
         <run_address>0x118ca</run_address>
         <size>0x53e</size>
         <input_file_ref idref="fl-59"/>
      </object_component>
      <object_component id="oc-df">
         <name>.debug_info</name>
         <load_address>0x11e08</load_address>
         <run_address>0x11e08</run_address>
         <size>0xbd</size>
         <input_file_ref idref="fl-5a"/>
      </object_component>
      <object_component id="oc-e3">
         <name>.debug_info</name>
         <load_address>0x11ec5</load_address>
         <run_address>0x11ec5</run_address>
         <size>0x55b</size>
         <input_file_ref idref="fl-5b"/>
      </object_component>
      <object_component id="oc-e7">
         <name>.debug_info</name>
         <load_address>0x12420</load_address>
         <run_address>0x12420</run_address>
         <size>0x76c</size>
         <input_file_ref idref="fl-5c"/>
      </object_component>
      <object_component id="oc-ec">
         <name>.debug_info</name>
         <load_address>0x12b8c</load_address>
         <run_address>0x12b8c</run_address>
         <size>0x6ef</size>
         <input_file_ref idref="fl-5d"/>
      </object_component>
      <object_component id="oc-f2">
         <name>.debug_info</name>
         <load_address>0x1327b</load_address>
         <run_address>0x1327b</run_address>
         <size>0x4de</size>
         <input_file_ref idref="fl-5e"/>
      </object_component>
      <object_component id="oc-f6">
         <name>.debug_info</name>
         <load_address>0x13759</load_address>
         <run_address>0x13759</run_address>
         <size>0x521</size>
         <input_file_ref idref="fl-5f"/>
      </object_component>
      <object_component id="oc-fb">
         <name>.debug_info</name>
         <load_address>0x13c7a</load_address>
         <run_address>0x13c7a</run_address>
         <size>0xbc</size>
         <input_file_ref idref="fl-60"/>
      </object_component>
      <object_component id="oc-100">
         <name>.debug_info</name>
         <load_address>0x13d36</load_address>
         <run_address>0x13d36</run_address>
         <size>0x5bc</size>
         <input_file_ref idref="fl-61"/>
      </object_component>
      <object_component id="oc-105">
         <name>.debug_info</name>
         <load_address>0x142f2</load_address>
         <run_address>0x142f2</run_address>
         <size>0x27bd</size>
         <input_file_ref idref="fl-62"/>
      </object_component>
      <object_component id="oc-10b">
         <name>.debug_info</name>
         <load_address>0x16aaf</load_address>
         <run_address>0x16aaf</run_address>
         <size>0x586</size>
         <input_file_ref idref="fl-63"/>
      </object_component>
      <object_component id="oc-10f">
         <name>.debug_info</name>
         <load_address>0x17035</load_address>
         <run_address>0x17035</run_address>
         <size>0x5a4</size>
         <input_file_ref idref="fl-64"/>
      </object_component>
      <object_component id="oc-113">
         <name>.debug_info</name>
         <load_address>0x175d9</load_address>
         <run_address>0x175d9</run_address>
         <size>0xcd</size>
         <input_file_ref idref="fl-65"/>
      </object_component>
      <object_component id="oc-116">
         <name>.debug_info</name>
         <load_address>0x176a6</load_address>
         <run_address>0x176a6</run_address>
         <size>0x498</size>
         <input_file_ref idref="fl-66"/>
      </object_component>
      <object_component id="oc-119">
         <name>.debug_info</name>
         <load_address>0x17b3e</load_address>
         <run_address>0x17b3e</run_address>
         <size>0x57e</size>
         <input_file_ref idref="fl-67"/>
      </object_component>
      <object_component id="oc-11d">
         <name>.debug_info</name>
         <load_address>0x180bc</load_address>
         <run_address>0x180bc</run_address>
         <size>0x534</size>
         <input_file_ref idref="fl-68"/>
      </object_component>
      <object_component id="oc-121">
         <name>.debug_info</name>
         <load_address>0x185f0</load_address>
         <run_address>0x185f0</run_address>
         <size>0x4cf</size>
         <input_file_ref idref="fl-69"/>
      </object_component>
      <object_component id="oc-125">
         <name>.debug_info</name>
         <load_address>0x18abf</load_address>
         <run_address>0x18abf</run_address>
         <size>0x549</size>
         <input_file_ref idref="fl-6a"/>
      </object_component>
      <object_component id="oc-12a">
         <name>.debug_info</name>
         <load_address>0x19008</load_address>
         <run_address>0x19008</run_address>
         <size>0x6aa</size>
         <input_file_ref idref="fl-6b"/>
      </object_component>
      <object_component id="oc-12e">
         <name>.debug_info</name>
         <load_address>0x196b2</load_address>
         <run_address>0x196b2</run_address>
         <size>0x942</size>
         <input_file_ref idref="fl-6c"/>
      </object_component>
      <object_component id="oc-133">
         <name>.debug_info</name>
         <load_address>0x19ff4</load_address>
         <run_address>0x19ff4</run_address>
         <size>0x4d2</size>
         <input_file_ref idref="fl-6d"/>
      </object_component>
      <object_component id="oc-137">
         <name>.debug_info</name>
         <load_address>0x1a4c6</load_address>
         <run_address>0x1a4c6</run_address>
         <size>0x680</size>
         <input_file_ref idref="fl-6e"/>
      </object_component>
      <object_component id="oc-13b">
         <name>.debug_info</name>
         <load_address>0x1ab46</load_address>
         <run_address>0x1ab46</run_address>
         <size>0x7d4</size>
         <input_file_ref idref="fl-6f"/>
      </object_component>
      <object_component id="oc-140">
         <name>.debug_info</name>
         <load_address>0x1b31a</load_address>
         <run_address>0x1b31a</run_address>
         <size>0x144b</size>
         <input_file_ref idref="fl-70"/>
      </object_component>
      <object_component id="oc-145">
         <name>.debug_info</name>
         <load_address>0x1c765</load_address>
         <run_address>0x1c765</run_address>
         <size>0x5ad</size>
         <input_file_ref idref="fl-71"/>
      </object_component>
      <object_component id="oc-149">
         <name>.debug_info</name>
         <load_address>0x1cd12</load_address>
         <run_address>0x1cd12</run_address>
         <size>0x574</size>
         <input_file_ref idref="fl-72"/>
      </object_component>
      <object_component id="oc-14d">
         <name>.debug_info</name>
         <load_address>0x1d286</load_address>
         <run_address>0x1d286</run_address>
         <size>0xd1</size>
         <input_file_ref idref="fl-73"/>
      </object_component>
      <object_component id="oc-151">
         <name>.debug_info</name>
         <load_address>0x1d357</load_address>
         <run_address>0x1d357</run_address>
         <size>0x50c</size>
         <input_file_ref idref="fl-74"/>
      </object_component>
      <object_component id="oc-156">
         <name>.debug_info</name>
         <load_address>0x1d863</load_address>
         <run_address>0x1d863</run_address>
         <size>0x4b7</size>
         <input_file_ref idref="fl-75"/>
      </object_component>
      <object_component id="oc-15a">
         <name>.debug_info</name>
         <load_address>0x1dd1a</load_address>
         <run_address>0x1dd1a</run_address>
         <size>0x4f2</size>
         <input_file_ref idref="fl-76"/>
      </object_component>
      <object_component id="oc-15e">
         <name>.debug_info</name>
         <load_address>0x1e20c</load_address>
         <run_address>0x1e20c</run_address>
         <size>0x534</size>
         <input_file_ref idref="fl-77"/>
      </object_component>
      <object_component id="oc-162">
         <name>.debug_info</name>
         <load_address>0x1e740</load_address>
         <run_address>0x1e740</run_address>
         <size>0x52e</size>
         <input_file_ref idref="fl-78"/>
      </object_component>
      <object_component id="oc-168">
         <name>.debug_info</name>
         <load_address>0x1ec6e</load_address>
         <run_address>0x1ec6e</run_address>
         <size>0xed4</size>
         <input_file_ref idref="fl-79"/>
      </object_component>
      <object_component id="oc-16c">
         <name>.debug_info</name>
         <load_address>0x1fb42</load_address>
         <run_address>0x1fb42</run_address>
         <size>0x744</size>
         <input_file_ref idref="fl-7a"/>
      </object_component>
      <object_component id="oc-172">
         <name>.debug_info</name>
         <load_address>0x20286</load_address>
         <run_address>0x20286</run_address>
         <size>0xef</size>
         <input_file_ref idref="fl-7b"/>
      </object_component>
      <object_component id="oc-176">
         <name>.debug_info</name>
         <load_address>0x20375</load_address>
         <run_address>0x20375</run_address>
         <size>0x662</size>
         <input_file_ref idref="fl-7c"/>
      </object_component>
      <object_component id="oc-17a">
         <name>.debug_info</name>
         <load_address>0x209d7</load_address>
         <run_address>0x209d7</run_address>
         <size>0x4f2</size>
         <input_file_ref idref="fl-7d"/>
      </object_component>
      <object_component id="oc-17e">
         <name>.debug_info</name>
         <load_address>0x20ec9</load_address>
         <run_address>0x20ec9</run_address>
         <size>0x706</size>
         <input_file_ref idref="fl-7e"/>
      </object_component>
      <object_component id="oc-182">
         <name>.debug_info</name>
         <load_address>0x215cf</load_address>
         <run_address>0x215cf</run_address>
         <size>0x5f7</size>
         <input_file_ref idref="fl-7f"/>
      </object_component>
      <object_component id="oc-186">
         <name>.debug_info</name>
         <load_address>0x21bc6</load_address>
         <run_address>0x21bc6</run_address>
         <size>0x64a</size>
         <input_file_ref idref="fl-80"/>
      </object_component>
      <object_component id="oc-18b">
         <name>.debug_info</name>
         <load_address>0x22210</load_address>
         <run_address>0x22210</run_address>
         <size>0xa1c</size>
         <input_file_ref idref="fl-81"/>
      </object_component>
      <object_component id="oc-191">
         <name>.debug_info</name>
[...]
         <value>0x7870</value>
         <object_component_ref idref="oc-9a"/>
      </symbol>
      <symbol id="sm-331">
         <name>_IRQ_plug</name>
         <value>0x69bd</value>
         <object_component_ref idref="oc-9b"/>
      </symbol>
      <symbol id="sm-335">
         <name>_IRQ_setVecs</name>
         <value>0x75fc</value>
         <object_component_ref idref="oc-9c"/>
      </symbol>
      <symbol id="sm-339">
         <name>_MCBSP_config</name>
         <value>0x5f14</value>
         <object_component_ref idref="oc-9d"/>
      </symbol>
      <symbol id="sm-33d">
         <name>_MCBSP_close</name>
         <value>0x7634</value>
         <object_component_ref idref="oc-9e"/>
      </symbol>
      <symbol id="sm-342">
         <name>_MCBSP_open</name>
         <value>0x6154</value>
         <object_component_ref idref="oc-9f"/>
      </symbol>
      <symbol id="sm-346">
         <name>_MCBSP_read32</name>
         <value>0x77a0</value>
         <object_component_ref idref="oc-a0"/>
      </symbol>
      <symbol id="sm-34a">
         <name>_MCBSP_reset</name>
         <value>0x4014</value>
         <object_component_ref idref="oc-a1"/>
      </symbol>
      <symbol id="sm-34e">
         <name>_MCBSP_start</name>
         <value>0x6a48</value>
         <object_component_ref idref="oc-a2"/>
      </symbol>
      <symbol id="sm-352">
         <name>_MCBSP_write32</name>
         <value>0x787c</value>
         <object_component_ref idref="oc-a3"/>
      </symbol>
      <symbol id="sm-358">
         <name>_CSL_DmaData</name>
         <value>0x9a60</value>
         <object_component_ref idref="oc-a5"/>
      </symbol>
      <symbol id="sm-35e">
         <name>_CSL_GpioData</name>
         <value>0x9c6c</value>
         <object_component_ref idref="oc-a7"/>
      </symbol>
      <symbol id="sm-364">
         <name>_CSL_McbspData</name>
         <value>0x9b5c</value>
         <object_component_ref idref="oc-a9"/>
      </symbol>
      <symbol id="sm-36e">
         <name>__addd</name>
         <value>0x44d3</value>
         <object_component_ref idref="oc-aa"/>
      </symbol>
      <symbol id="sm-37a">
         <name>__sysstack</name>
         <value>0x92e0</value>
         <object_component_ref idref="oc-19e"/>
      </symbol>
      <symbol id="sm-37b">
         <name>_c_int00</name>
         <value>0x766a</value>
         <object_component_ref idref="oc-16"/>
      </symbol>
      <symbol id="sm-37c">
         <name>__stack</name>
         <value>0x78c0</value>
         <object_component_ref idref="oc-ae"/>
      </symbol>
      <symbol id="sm-386">
         <name>__eqld</name>
         <value>0x5095</value>
         <object_component_ref idref="oc-b2"/>
      </symbol>
      <symbol id="sm-387">
         <name>__cmpd</name>
         <value>0x50c9</value>
         <object_component_ref idref="oc-b2"/>
      </symbol>
      <symbol id="sm-388">
         <name>__neqd</name>
         <value>0x4f37</value>
         <object_component_ref idref="oc-b2"/>
      </symbol>
      <symbol id="sm-389">
         <name>__gtrd</name>
         <value>0x5000</value>
         <object_component_ref idref="oc-b2"/>
      </symbol>
      <symbol id="sm-38a">
         <name>__geqd</name>
         <value>0x504b</value>
         <object_component_ref idref="oc-b2"/>
      </symbol>
      <symbol id="sm-38b">
         <name>__leqd</name>
         <value>0x4fb3</value>
         <object_component_ref idref="oc-b2"/>
      </symbol>
      <symbol id="sm-38c">
         <name>__lssd</name>
         <value>0x4f6b</value>
         <object_component_ref idref="oc-b2"/>
      </symbol>
      <symbol id="sm-398">
         <name>__divd</name>
         <value>0x3369</value>
         <object_component_ref idref="oc-b6"/>
      </symbol>
      <symbol id="sm-3a8">
         <name>C$$EXIT</name>
         <value>0x789f</value>
         <object_component_ref idref="oc-be"/>
      </symbol>
      <symbol id="sm-3a9">
         <name>_exit</name>
         <value>0x7586</value>
         <object_component_ref idref="oc-ba"/>
      </symbol>
      <symbol id="sm-3aa">
         <name>_abort</name>
         <value>0x789e</value>
         <object_component_ref idref="oc-be"/>
      </symbol>
      <symbol id="sm-3ab">
         <name>__cleanup_ptr</name>
         <value>0x8ec8</value>
         <object_component_ref idref="oc-bb"/>
      </symbol>
      <symbol id="sm-3ac">
         <name>__dtors_ptr</name>
         <value>0x8ecc</value>
         <object_component_ref idref="oc-bb"/>
      </symbol>
      <symbol id="sm-3b6">
         <name>__fixdi</name>
         <value>0x769e</value>
         <object_component_ref idref="oc-c1"/>
      </symbol>
      <symbol id="sm-3c0">
         <name>__fixdli</name>
         <value>0x6ee9</value>
         <object_component_ref idref="oc-c5"/>
      </symbol>
      <symbol id="sm-3ca">
         <name>__fixdu</name>
         <value>0x7757</value>
         <object_component_ref idref="oc-c9"/>
      </symbol>
      <symbol id="sm-3d4">
         <name>__fixdul</name>
         <value>0x6bc2</value>
         <object_component_ref idref="oc-cd"/>
      </symbol>
      <symbol id="sm-3de">
         <name>__fltud</name>
         <value>0x7843</value>
         <object_component_ref idref="oc-d1"/>
      </symbol>
      <symbol id="sm-3ea">
         <name>__fltuld</name>
         <value>0x728c</value>
         <object_component_ref idref="oc-d5"/>
      </symbol>
      <symbol id="sm-3f4">
         <name>__frcmpyd_div</name>
         <value>0x6caf</value>
         <object_component_ref idref="oc-da"/>
      </symbol>
      <symbol id="sm-3fc">
         <name>__mpyli</name>
         <value>0x77db</value>
         <object_component_ref idref="oc-de"/>
      </symbol>
      <symbol id="sm-3fd">
         <name>I$$LMPY</name>
         <value>0x77db</value>
         <object_component_ref idref="oc-de"/>
      </symbol>
      <symbol id="sm-407">
         <name>__mpyd</name>
         <value>0x5dc7</value>
         <object_component_ref idref="oc-e2"/>
      </symbol>
      <symbol id="sm-411">
         <name>_printf</name>
         <value>0x7339</value>
         <object_component_ref idref="oc-e6"/>
      </symbol>
      <symbol id="sm-422">
         <name>_sin</name>
         <value>0x4d45</value>
         <object_component_ref idref="oc-ea"/>
      </symbol>
      <symbol id="sm-42c">
         <name>__subd</name>
         <value>0x77b4</value>
         <object_component_ref idref="oc-f1"/>
      </symbol>
      <symbol id="sm-438">
         <name>__trunc</name>
         <value>0x7506</value>
         <object_component_ref idref="oc-f5"/>
      </symbol>
      <symbol id="sm-442">
         <name>_Reset</name>
         <value>0xff00</value>
         <object_component_ref idref="oc-17"/>
      </symbol>
      <symbol id="sm-450">
         <name>__unlock</name>
         <value>0x8ec4</value>
         <object_component_ref idref="oc-ff"/>
      </symbol>
      <symbol id="sm-451">
         <name>__lock</name>
         <value>0x8ec0</value>
         <object_component_ref idref="oc-ff"/>
      </symbol>
      <symbol id="sm-452">
         <name>__register_lock</name>
         <value>0x7808</value>
         <object_component_ref idref="oc-fe"/>
      </symbol>
      <symbol id="sm-453">
         <name>__nop</name>
         <value>0x7810</value>
         <object_component_ref idref="oc-fe"/>
      </symbol>
      <symbol id="sm-454">
         <name>__register_unlock</name>
         <value>0x7800</value>
         <object_component_ref idref="oc-fe"/>
      </symbol>
      <symbol id="sm-466">
         <name>__printfi</name>
         <value>0x1662</value>
         <object_component_ref idref="oc-104"/>
      </symbol>
      <symbol id="sm-470">
         <name>__args_main</name>
         <value>0x7428</value>
         <object_component_ref idref="oc-10a"/>
      </symbol>
      <symbol id="sm-471">
         <name>__TI_args_main</name>
         <value>0x1</value>
      </symbol>
      <symbol id="sm-47b">
         <name>_atoi</name>
         <value>0x7230</value>
         <object_component_ref idref="oc-10e"/>
      </symbol>
      <symbol id="sm-483">
         <name>_auto_init</name>
         <value>0x73db</value>
         <object_component_ref idref="oc-112"/>
      </symbol>
      <symbol id="sm-48b">
         <name>__ctypes_</name>
         <value>0x96e0</value>
         <object_component_ref idref="oc-1a2"/>
      </symbol>
      <symbol id="sm-495">
         <name>__tmpnams</name>
         <value>0x89b0</value>
         <object_component_ref idref="oc-118"/>
      </symbol>
      <symbol id="sm-496">
         <name>__ft_end</name>
         <value>0x8af0</value>
         <object_component_ref idref="oc-118"/>
      </symbol>
      <symbol id="sm-497">
         <name>__ftable</name>
         <value>0x88c0</value>
         <object_component_ref idref="oc-118"/>
      </symbol>
      <symbol id="sm-4a2">
         <name>__divul</name>
         <value>0x691c</value>
         <object_component_ref idref="oc-11c"/>
      </symbol>
      <symbol id="sm-4ac">
         <name>__fltid</name>
         <value>0x7888</value>
         <object_component_ref idref="oc-120"/>
      </symbol>
      <symbol id="sm-4b8">
         <name>__fltlid</name>
         <value>0x7108</value>
         <object_component_ref idref="oc-124"/>
      </symbol>
      <symbol id="sm-4c2">
         <name>_putchar</name>
         <value>0x690d</value>
         <object_component_ref idref="oc-129"/>
      </symbol>
      <symbol id="sm-4c3">
         <name>_putc</name>
         <value>0x6876</value>
         <object_component_ref idref="oc-129"/>
      </symbol>
      <symbol id="sm-4c4">
         <name>_fputc</name>
         <value>0x6876</value>
         <object_component_ref idref="oc-129"/>
      </symbol>
      <symbol id="sm-4d2">
         <name>_puts</name>
         <value>0x5aee</value>
         <object_component_ref idref="oc-12d"/>
      </symbol>
      <symbol id="sm-4d3">
         <name>_fputs</name>
         <value>0x59b9</value>
         <object_component_ref idref="oc-12d"/>
      </symbol>
      <symbol id="sm-4dd">
         <name>__frcmpyd</name>
         <value>0x6c39</value>
         <object_component_ref idref="oc-132"/>
      </symbol>
      <symbol id="sm-4e7">
         <name>___isinf</name>
         <value>0x7772</value>
         <object_component_ref idref="oc-136"/>
      </symbol>
      <symbol id="sm-4f1">
         <name>__divull</name>
         <value>0x43aa</value>
         <object_component_ref idref="oc-13a"/>
      </symbol>
      <symbol id="sm-4f2">
         <name>__mpylli</name>
         <value>0x42f2</value>
         <object_component_ref idref="oc-13a"/>
      </symbol>
      <symbol id="sm-4f3">
         <name>__remlli</name>
         <value>0x42c3</value>
         <object_component_ref idref="oc-13a"/>
      </symbol>
      <symbol id="sm-4f4">
         <name>__divlli</name>
         <value>0x449e</value>
         <object_component_ref idref="oc-13a"/>
      </symbol>
      <symbol id="sm-4f5">
         <name>__remull</name>
         <value>0x4275</value>
         <object_component_ref idref="oc-13a"/>
      </symbol>
      <symbol id="sm-507">
         <name>_add_device</name>
         <value>0x23ea</value>
         <object_component_ref idref="oc-13e"/>
      </symbol>
      <symbol id="sm-508">
         <name>_rename</name>
         <value>0x210c</value>
         <object_component_ref idref="oc-13e"/>
      </symbol>
      <symbol id="sm-509">
         <name>_read</name>
         <value>0x219b</value>
         <object_component_ref idref="oc-13e"/>
      </symbol>
      <symbol id="sm-50a">
         <name>_unlink</name>
         <value>0x20d9</value>
         <object_component_ref idref="oc-13e"/>
      </symbol>
      <symbol id="sm-50b">
         <name>_remove_device</name>
         <value>0x2165</value>
         <object_component_ref idref="oc-13e"/>
      </symbol>
      <symbol id="sm-50c">
         <name>_open</name>
         <value>0x2249</value>
         <object_component_ref idref="oc-13e"/>
      </symbol>
      <symbol id="sm-50d">
         <name>_find_registered_device</name>
         <value>0x236e</value>
         <object_component_ref idref="oc-13e"/>
      </symbol>
      <symbol id="sm-50e">
         <name>_lseek</name>
         <value>0x2308</value>
         <object_component_ref idref="oc-13e"/>
      </symbol>
      <symbol id="sm-50f">
         <name>_close</name>
         <value>0x2377</value>
         <object_component_ref idref="oc-13e"/>
      </symbol>
      <symbol id="sm-510">
         <name>_write</name>
         <value>0x1f97</value>
         <object_component_ref idref="oc-13e"/>
      </symbol>
      <symbol id="sm-51a">
         <name>_ltoa</name>
         <value>0x6aca</value>
         <object_component_ref idref="oc-144"/>
      </symbol>
      <symbol id="sm-525">
         <name>_memccpy</name>
         <value>0x76f2</value>
         <object_component_ref idref="oc-148"/>
      </symbol>
      <symbol id="sm-52d">
         <name>_memcpy</name>
         <value>0x7547</value>
         <object_component_ref idref="oc-14c"/>
      </symbol>
      <symbol id="sm-539">
         <name>_modf</name>
         <value>0x6595</value>
         <object_component_ref idref="oc-150"/>
      </symbol>
      <symbol id="sm-543">
         <name>__negd</name>
         <value>0x7812</value>
         <object_component_ref idref="oc-155"/>
      </symbol>
      <symbol id="sm-54d">
         <name>__remli</name>
         <value>0x7473</value>
         <object_component_ref idref="oc-159"/>
      </symbol>
      <symbol id="sm-558">
         <name>__remul</name>
         <value>0x6d96</value>
         <object_component_ref idref="oc-15d"/>
      </symbol>
      <symbol id="sm-564">
         <name>__nround</name>
         <value>0x71d1</value>
         <object_component_ref idref="oc-161"/>
      </symbol>
      <symbol id="sm-570">
         <name>_HOSTopen</name>
         <value>0x27e5</value>
         <object_component_ref idref="oc-166"/>
      </symbol>
      <symbol id="sm-571">
         <name>_HOSTread</name>
         <value>0x2758</value>
         <object_component_ref idref="oc-166"/>
      </symbol>
      <symbol id="sm-572">
         <name>_HOSTtime</name>
         <value>0x264c</value>
         <object_component_ref idref="oc-166"/>
      </symbol>
      <symbol id="sm-573">
         <name>_getenv</name>
         <value>0x24da</value>
         <object_component_ref idref="oc-166"/>
      </symbol>
      <symbol id="sm-574">
         <name>_HOSTrename</name>
         <value>0x26aa</value>
         <object_component_ref idref="oc-166"/>
      </symbol>
      <symbol id="sm-575">
         <name>_HOSTclock</name>
         <value>0x29a4</value>
         <object_component_ref idref="oc-166"/>
      </symbol>
      <symbol id="sm-576">
         <name>_HOSTwrite</name>
         <value>0x2555</value>
         <object_component_ref idref="oc-166"/>
      </symbol>
      <symbol id="sm-577">
         <name>_HOSTlseek</name>
         <value>0x2884</value>
         <object_component_ref idref="oc-166"/>
      </symbol>
      <symbol id="sm-578">
         <name>_HOSTunlink</name>
         <value>0x25e2</value>
         <object_component_ref idref="oc-166"/>
      </symbol>
      <symbol id="sm-579">
         <name>_HOSTclose</name>
         <value>0x2939</value>
         <object_component_ref idref="oc-166"/>
      </symbol>
      <symbol id="sm-58b">
         <name>C$$IO$$</name>
         <value>0x67c6</value>
         <object_component_ref idref="oc-16e"/>
      </symbol>
      <symbol id="sm-58c">
         <name>__CIOBUF_</name>
         <value>0x16a80</value>
         <object_component_ref idref="oc-16d"/>
      </symbol>
      <symbol id="sm-58d">
         <name>_readmsg</name>
         <value>0x6fc5</value>
         <object_component_ref idref="oc-16b"/>
      </symbol>
      <symbol id="sm-58e">
         <name>_writemsg</name>
         <value>0x6711</value>
         <object_component_ref idref="oc-16e"/>
      </symbol>
      <symbol id="sm-596">
         <name>__remu</name>
         <value>0x76dd</value>
         <object_component_ref idref="oc-171"/>
      </symbol>
      <symbol id="sm-597">
         <name>__divu</name>
         <value>0x76c8</value>
         <object_component_ref idref="oc-171"/>
      </symbol>
      <symbol id="sm-598">
         <name>I$$UMOD</name>
         <value>0x76dd</value>
         <object_component_ref idref="oc-171"/>
      </symbol>
      <symbol id="sm-599">
         <name>I$$UDIV</name>
         <value>0x76c8</value>
         <object_component_ref idref="oc-171"/>
      </symbol>
      <symbol id="sm-5a3">
         <name>__rd_ok</name>
         <value>0x63a8</value>
         <object_component_ref idref="oc-175"/>
      </symbol>
      <symbol id="sm-5a4">
         <name>__wrt_ok</name>
         <value>0x6328</value>
         <object_component_ref idref="oc-175"/>
      </symbol>
      <symbol id="sm-5ae">
         <name>__divli</name>
         <value>0x74be</value>
         <object_component_ref idref="oc-179"/>
      </symbol>
      <symbol id="sm-5b8">
         <name>__doflush</name>
         <value>0x64d3</value>
         <object_component_ref idref="oc-17d"/>
      </symbol>
      <symbol id="sm-5b9">
         <name>_fflush</name>
         <value>0x653c</value>
         <object_component_ref idref="oc-17d"/>
      </symbol>
      <symbol id="sm-5c3">
         <name>_fseek</name>
         <value>0x7032</value>
         <object_component_ref idref="oc-181"/>
      </symbol>
      <symbol id="sm-5cd">
         <name>_setvbuf</name>
         <value>0x6242</value>
         <object_component_ref idref="oc-185"/>
      </symbol>
      <symbol id="sm-5dc">
         <name>__cleanup</name>
         <value>0x3eb6</value>
         <object_component_ref idref="oc-189"/>
      </symbol>
      <symbol id="sm-5dd">
         <name>_fopen</name>
         <value>0x3fd9</value>
         <object_component_ref idref="oc-189"/>
      </symbol>
      <symbol id="sm-5de">
         <name>_freopen</name>
         <value>0x3f10</value>
         <object_component_ref idref="oc-189"/>
      </symbol>
      <symbol id="sm-5ee">
         <name>__sys_memory</name>
         <value>0x16280</value>
         <object_component_ref idref="oc-193"/>
      </symbol>
      <symbol id="sm-5ef">
         <name>_chkheap</name>
         <value>0x2e89</value>
         <object_component_ref idref="oc-18f"/>
      </symbol>
      <symbol id="sm-5f0">
         <name>_realloc</name>
         <value>0x2c28</value>
         <object_component_ref idref="oc-18f"/>
      </symbol>
      <symbol id="sm-5f1">
         <name>_free_memory</name>
         <value>0x2e33</value>
         <object_component_ref idref="oc-18f"/>
      </symbol>
      <symbol id="sm-5f2">
         <name>_max_free</name>
         <value>0x2dd9</value>
         <object_component_ref idref="oc-18f"/>
      </symbol>
      <symbol id="sm-5f3">
         <name>_free</name>
         <value>0x2a02</value>
         <object_component_ref idref="oc-18f"/>
      </symbol>
      <symbol id="sm-5f4">
         <name>_calloc</name>
         <value>0x2e91</value>
         <object_component_ref idref="oc-18f"/>
      </symbol>
      <symbol id="sm-5f5">
         <name>_malloc</name>
         <value>0x2b33</value>
         <object_component_ref idref="oc-18f"/>
      </symbol>
      <symbol id="sm-5f6">
         <name>_minit</name>
         <value>0x2ace</value>
         <object_component_ref idref="oc-18f"/>
      </symbol>
      <symbol id="sm-600">
         <name>_fclose</name>
         <value>0x6b47</value>
         <object_component_ref idref="oc-196"/>
      </symbol>
      <symbol id="sm-60a">
         <name>_remove</name>
         <value>0x7894</value>
         <object_component_ref idref="oc-19a"/>
      </symbol>
   </symbol_table>
</link_info>
