<?xml version="1.0"?>
<link_info>
   <banner>TMS320C55x Linker PC v4.4.1</banner>
   <copyright>Copyright (c) 1996-2012 Texas Instruments Incorporated</copyright>
   <link_time>0x693df7c4</link_time>
   <output_file>Project.out</output_file>
   <entry_point>
      <name>_c_int00</name>
      <address>0x701a</address>
   </entry_point>
   <input_file_list>
      <input_file id="fl-2">
         <path>.\</path>
         <kind>object</kind>
         <file>main.obj</file>
         <name>main.obj</name>
      </input_file>
      <input_file id="fl-3">
         <path>.\lcd-osd9616\</path>
         <kind>object</kind>
         <file>exemplo_uso.obj</file>
         <name>exemplo_uso.obj</name>
      </input_file>
      <input_file id="fl-4">
         <path>.\lcd-osd9616\</path>
         <kind>object</kind>
         <file>lcd.obj</file>
         <name>lcd.obj</name>
      </input_file>
      <input_file id="fl-5">
         <path>.\lib\bsl\</path>
         <kind>object</kind>
         <file>ezdsp5502.obj</file>
         <name>ezdsp5502.obj</name>
      </input_file>
      <input_file id="fl-6">
         <path>.\lib\bsl\</path>
         <kind>object</kind>
         <file>ezdsp5502_gpio.obj</file>
         <name>ezdsp5502_gpio.obj</name>
      </input_file>
      <input_file id="fl-7">
         <path>.\lib\bsl\</path>
         <kind>object</kind>
         <file>ezdsp5502_i2c.obj</file>
         <name>ezdsp5502_i2c.obj</name>
      </input_file>
      <input_file id="fl-8">
         <path>.\lib\bsl\</path>
         <kind>object</kind>
         <file>ezdsp5502_i2cgpio.obj</file>
         <name>ezdsp5502_i2cgpio.obj</name>
      </input_file>
      <input_file id="fl-9">
         <path>.\lib\bsl\</path>
         <kind>object</kind>
         <file>ezdsp5502_mcbsp.obj</file>
         <name>ezdsp5502_mcbsp.obj</name>
      </input_file>
      <input_file id="fl-a">
         <path>.\src\drivers\aic\</path>
         <kind>object</kind>
         <file>aic.obj</file>
         <name>aic.obj</name>
      </input_file>
      <input_file id="fl-b">
         <path>.\src\drivers\aic\</path>
         <kind>object</kind>
         <file>aic3204_init.obj</file>
         <name>aic3204_init.obj</name>
      </input_file>
      <input_file id="fl-c">
         <path>.\src\drivers\dma\</path>
         <kind>object</kind>
         <file>dma.obj</file>
         <name>dma.obj</name>
      </input_file>
      <input_file id="fl-d">
         <path>.\src\drivers\dma\</path>
         <kind>object</kind>
         <file>vectors_dma4.obj</file>
         <name>vectors_dma4.obj</name>
      </input_file>
      <input_file id="fl-e">
         <path>.\src\drivers\lcd\</path>
         <kind>object</kind>
         <file>LCD.obj</file>
         <name>LCD.obj</name>
      </input_file>
      <input_file id="fl-f">
         <path>.\src\effects\</path>
         <kind>object</kind>
         <file>effect.obj</file>
         <name>effect.obj</name>
      </input_file>
      <input_file id="fl-10">
         <path>.\src\effects\</path>
         <kind>object</kind>
         <file>effect_dma.obj</file>
         <name>effect_dma.obj</name>
      </input_file>
      <input_file id="fl-11">
         <path>.\src\state_machine\</path>
         <kind>object</kind>
         <file>state_machine.obj</file>
         <name>state_machine.obj</name>
      </input_file>
      <input_file id="fl-12">
         <path>.\src\states\</path>
         <kind>object</kind>
         <file>state_initial.obj</file>
         <name>state_initial.obj</name>
      </input_file>
      <input_file id="fl-13">
         <path>.\src\states\</path>
         <kind>object</kind>
         <file>state_running.obj</file>
         <name>state_running.obj</name>
      </input_file>
      <input_file id="fl-1a">
         <path>..\lib\</path>
         <kind>archive</kind>
         <file>csl5502x.lib</file>
         <name>_csl_init.obj</name>
      </input_file>
      <input_file id="fl-1b">
         <path>..\lib\</path>
         <kind>archive</kind>
         <file>csl5502x.lib</file>
         <name>csl.obj</name>
      </input_file>
      <input_file id="fl-1c">
         <path>..\lib\</path>
         <kind>archive</kind>
         <file>csl5502x.lib</file>
         <name>csl_csldat.obj</name>
      </input_file>
      <input_file id="fl-1d">
         <path>..\lib\</path>
         <kind>archive</kind>
         <file>csl5502x.lib</file>
         <name>dma_cfg.obj</name>
      </input_file>
      <input_file id="fl-1e">
         <path>..\lib\</path>
         <kind>archive</kind>
         <file>csl5502x.lib</file>
         <name>dma_open.obj</name>
      </input_file>
      <input_file id="fl-1f">
         <path>..\lib\</path>
         <kind>archive</kind>
         <file>csl5502x.lib</file>
         <name>dma_reset.obj</name>
      </input_file>
      <input_file id="fl-20">
         <path>..\lib\</path>
         <kind>archive</kind>
         <file>csl5502x.lib</file>
         <name>gpio_dir.obj</name>
      </input_file>
      <input_file id="fl-21">
         <path>..\lib\</path>
         <kind>archive</kind>
         <file>csl5502x.lib</file>
         <name>gpio_enab.obj</name>
      </input_file>
      <input_file id="fl-22">
         <path>..\lib\</path>
         <kind>archive</kind>
         <file>csl5502x.lib</file>
         <name>gpio_open.obj</name>
      </input_file>
      <input_file id="fl-23">
         <path>..\lib\</path>
         <kind>archive</kind>
         <file>csl5502x.lib</file>
         <name>gpio_read.obj</name>
      </input_file>
      <input_file id="fl-24">
         <path>..\lib\</path>
         <kind>archive</kind>
         <file>csl5502x.lib</file>
         <name>gpio_write.obj</name>
      </input_file>
      <input_file id="fl-25">
         <path>..\lib\</path>
         <kind>archive</kind>
         <file>csl5502x.lib</file>
         <name>i2c_cfg.obj</name>
      </input_file>
      <input_file id="fl-26">
         <path>..\lib\</path>
         <kind>archive</kind>
         <file>csl5502x.lib</file>
         <name>i2c_read.obj</name>
      </input_file>
      <input_file id="fl-27">
         <path>..\lib\</path>
         <kind>archive</kind>
         <file>csl5502x.lib</file>
         <name>i2c_write.obj</name>
      </input_file>
      <input_file id="fl-28">
         <path>..\lib\</path>
         <kind>archive</kind>
         <file>csl5502x.lib</file>
         <name>irq_clear.obj</name>
      </input_file>
      <input_file id="fl-29">
         <path>..\lib\</path>
         <kind>archive</kind>
         <file>csl5502x.lib</file>
         <name>irq_enab.obj</name>
      </input_file>
      <input_file id="fl-2a">
         <path>..\lib\</path>
         <kind>archive</kind>
         <file>csl5502x.lib</file>
         <name>irq_gdisab.obj</name>
      </input_file>
      <input_file id="fl-2b">
         <path>..\lib\</path>
         <kind>archive</kind>
         <file>csl5502x.lib</file>
         <name>irq_genab.obj</name>
      </input_file>
      <input_file id="fl-2c">
         <path>..\lib\</path>
         <kind>archive</kind>
         <file>csl5502x.lib</file>
         <name>irq_grest.obj</name>
      </input_file>
      <input_file id="fl-2d">
         <path>..\lib\</path>
         <kind>archive</kind>
         <file>csl5502x.lib</file>
         <name>irq_pluga.obj</name>
      </input_file>
      <input_file id="fl-2e">
         <path>..\lib\</path>
         <kind>archive</kind>
         <file>csl5502x.lib</file>
         <name>irq_setvecs.obj</name>
      </input_file>
      <input_file id="fl-2f">
         <path>..\lib\</path>
         <kind>archive</kind>
         <file>csl5502x.lib</file>
         <name>mcbsp_cfg.obj</name>
      </input_file>
      <input_file id="fl-30">
         <path>..\lib\</path>
         <kind>archive</kind>
         <file>csl5502x.lib</file>
         <name>mcbsp_cls.obj</name>
      </input_file>
      <input_file id="fl-31">
         <path>..\lib\</path>
         <kind>archive</kind>
         <file>csl5502x.lib</file>
         <name>mcbsp_open.obj</name>
      </input_file>
      <input_file id="fl-32">
         <path>..\lib\</path>
         <kind>archive</kind>
         <file>csl5502x.lib</file>
         <name>mcbsp_r32.obj</name>
      </input_file>
      <input_file id="fl-33">
         <path>..\lib\</path>
         <kind>archive</kind>
         <file>csl5502x.lib</file>
         <name>mcbsp_rst.obj</name>
      </input_file>
      <input_file id="fl-34">
         <path>..\lib\</path>
         <kind>archive</kind>
         <file>csl5502x.lib</file>
         <name>mcbsp_start.obj</name>
      </input_file>
      <input_file id="fl-35">
         <path>..\lib\</path>
         <kind>archive</kind>
         <file>csl5502x.lib</file>
         <name>mcbsp_w32.obj</name>
      </input_file>
      <input_file id="fl-36">
         <path>..\lib\</path>
         <kind>archive</kind>
         <file>csl5502x.lib</file>
         <name>csl_dmadat.obj</name>
      </input_file>
      <input_file id="fl-37">
         <path>..\lib\</path>
         <kind>archive</kind>
         <file>csl5502x.lib</file>
         <name>csl_gpiodat.obj</name>
      </input_file>
      <input_file id="fl-38">
         <path>..\lib\</path>
         <kind>archive</kind>
         <file>csl5502x.lib</file>
         <name>csl_mcbspdat.obj</name>
      </input_file>
      <input_file id="fl-4d">
         <path>C:\ti\ccs1281\ccs\tools\compiler\c5500_4.4.1\lib\</path>
         <kind>archive</kind>
         <file>rts55x.lib</file>
         <name>boot.obj</name>
      </input_file>
      <input_file id="fl-4e">
         <path>C:\ti\ccs1281\ccs\tools\compiler\c5500_4.4.1\lib\</path>
         <kind>archive</kind>
         <file>rts55x.lib</file>
         <name>cmpd.obj</name>
      </input_file>
      <input_file id="fl-4f">
         <path>C:\ti\ccs1281\ccs\tools\compiler\c5500_4.4.1\lib\</path>
         <kind>archive</kind>
         <file>rts55x.lib</file>
         <name>exit.obj</name>
      </input_file>
      <input_file id="fl-50">
         <path>C:\ti\ccs1281\ccs\tools\compiler\c5500_4.4.1\lib\</path>
         <kind>archive</kind>
         <file>rts55x.lib</file>
         <name>fixdi.obj</name>
      </input_file>
      <input_file id="fl-51">
         <path>C:\ti\ccs1281\ccs\tools\compiler\c5500_4.4.1\lib\</path>
         <kind>archive</kind>
         <file>rts55x.lib</file>
         <name>fixdli.obj</name>
      </input_file>
      <input_file id="fl-52">
         <path>C:\ti\ccs1281\ccs\tools\compiler\c5500_4.4.1\lib\</path>
         <kind>archive</kind>
         <file>rts55x.lib</file>
         <name>mpyd.obj</name>
      </input_file>
      <input_file id="fl-53">
         <path>C:\ti\ccs1281\ccs\tools\compiler\c5500_4.4.1\lib\</path>
         <kind>archive</kind>
         <file>rts55x.lib</file>
         <name>printf.obj</name>
      </input_file>
      <input_file id="fl-54">
         <path>C:\ti\ccs1281\ccs\tools\compiler\c5500_4.4.1\lib\</path>
         <kind>archive</kind>
         <file>rts55x.lib</file>
         <name>vectors.obj</name>
      </input_file>
      <input_file id="fl-55">
         <path>C:\ti\ccs1281\ccs\tools\compiler\c5500_4.4.1\lib\</path>
         <kind>archive</kind>
         <file>rts55x.lib</file>
         <name>_lock.obj</name>
      </input_file>
      <input_file id="fl-56">
         <path>C:\ti\ccs1281\ccs\tools\compiler\c5500_4.4.1\lib\</path>
         <kind>archive</kind>
         <file>rts55x.lib</file>
         <name>_printfi.obj</name>
      </input_file>
      <input_file id="fl-57">
         <path>C:\ti\ccs1281\ccs\tools\compiler\c5500_4.4.1\lib\</path>
         <kind>archive</kind>
         <file>rts55x.lib</file>
         <name>args_main.obj</name>
      </input_file>
      <input_file id="fl-58">
         <path>C:\ti\ccs1281\ccs\tools\compiler\c5500_4.4.1\lib\</path>
         <kind>archive</kind>
         <file>rts55x.lib</file>
         <name>atoi.obj</name>
      </input_file>
      <input_file id="fl-59">
         <path>C:\ti\ccs1281\ccs\tools\compiler\c5500_4.4.1\lib\</path>
         <kind>archive</kind>
         <file>rts55x.lib</file>
         <name>autoinit.obj</name>
      </input_file>
      <input_file id="fl-5a">
         <path>C:\ti\ccs1281\ccs\tools\compiler\c5500_4.4.1\lib\</path>
         <kind>archive</kind>
         <file>rts55x.lib</file>
         <name>ctype.obj</name>
      </input_file>
      <input_file id="fl-5b">
         <path>C:\ti\ccs1281\ccs\tools\compiler\c5500_4.4.1\lib\</path>
         <kind>archive</kind>
         <file>rts55x.lib</file>
         <name>defs.obj</name>
      </input_file>
      <input_file id="fl-5c">
         <path>C:\ti\ccs1281\ccs\tools\compiler\c5500_4.4.1\lib\</path>
         <kind>archive</kind>
         <file>rts55x.lib</file>
         <name>divd.obj</name>
      </input_file>
      <input_file id="fl-5d">
         <path>C:\ti\ccs1281\ccs\tools\compiler\c5500_4.4.1\lib\</path>
         <kind>archive</kind>
         <file>rts55x.lib</file>
         <name>divul.obj</name>
      </input_file>
      <input_file id="fl-5e">
         <path>C:\ti\ccs1281\ccs\tools\compiler\c5500_4.4.1\lib\</path>
         <kind>archive</kind>
         <file>rts55x.lib</file>
         <name>fltlid.obj</name>
      </input_file>
      <input_file id="fl-5f">
         <path>C:\ti\ccs1281\ccs\tools\compiler\c5500_4.4.1\lib\</path>
         <kind>archive</kind>
         <file>rts55x.lib</file>
         <name>fputc.obj</name>
      </input_file>
      <input_file id="fl-60">
         <path>C:\ti\ccs1281\ccs\tools\compiler\c5500_4.4.1\lib\</path>
         <kind>archive</kind>
         <file>rts55x.lib</file>
         <name>fputs.obj</name>
      </input_file>
      <input_file id="fl-61">
         <path>C:\ti\ccs1281\ccs\tools\compiler\c5500_4.4.1\lib\</path>
         <kind>archive</kind>
         <file>rts55x.lib</file>
         <name>frcmpyd.obj</name>
      </input_file>
      <input_file id="fl-62">
         <path>C:\ti\ccs1281\ccs\tools\compiler\c5500_4.4.1\lib\</path>
         <kind>archive</kind>
         <file>rts55x.lib</file>
         <name>frcmpyd_div.obj</name>
      </input_file>
      <input_file id="fl-63">
         <path>C:\ti\ccs1281\ccs\tools\compiler\c5500_4.4.1\lib\</path>
         <kind>archive</kind>
         <file>rts55x.lib</file>
         <name>isinf.obj</name>
      </input_file>
      <input_file id="fl-64">
         <path>C:\ti\ccs1281\ccs\tools\compiler\c5500_4.4.1\lib\</path>
         <kind>archive</kind>
         <file>rts55x.lib</file>
         <name>llmpy.obj</name>
      </input_file>
      <input_file id="fl-65">
         <path>C:\ti\ccs1281\ccs\tools\compiler\c5500_4.4.1\lib\</path>
         <kind>archive</kind>
         <file>rts55x.lib</file>
         <name>lmpy.obj</name>
      </input_file>
      <input_file id="fl-66">
         <path>C:\ti\ccs1281\ccs\tools\compiler\c5500_4.4.1\lib\</path>
         <kind>archive</kind>
         <file>rts55x.lib</file>
         <name>lowlev.obj</name>
      </input_file>
      <input_file id="fl-67">
         <path>C:\ti\ccs1281\ccs\tools\compiler\c5500_4.4.1\lib\</path>
         <kind>archive</kind>
         <file>rts55x.lib</file>
         <name>ltoa.obj</name>
      </input_file>
      <input_file id="fl-68">
         <path>C:\ti\ccs1281\ccs\tools\compiler\c5500_4.4.1\lib\</path>
         <kind>archive</kind>
         <file>rts55x.lib</file>
         <name>memccpy.obj</name>
      </input_file>
      <input_file id="fl-69">
         <path>C:\ti\ccs1281\ccs\tools\compiler\c5500_4.4.1\lib\</path>
         <kind>archive</kind>
         <file>rts55x.lib</file>
         <name>memcpy.obj</name>
      </input_file>
      <input_file id="fl-6a">
         <path>C:\ti\ccs1281\ccs\tools\compiler\c5500_4.4.1\lib\</path>
         <kind>archive</kind>
         <file>rts55x.lib</file>
         <name>negd.obj</name>
      </input_file>
      <input_file id="fl-6b">
         <path>C:\ti\ccs1281\ccs\tools\compiler\c5500_4.4.1\lib\</path>
         <kind>archive</kind>
         <file>rts55x.lib</file>
         <name>remli.obj</name>
      </input_file>
      <input_file id="fl-6c">
         <path>C:\ti\ccs1281\ccs\tools\compiler\c5500_4.4.1\lib\</path>
         <kind>archive</kind>
         <file>rts55x.lib</file>
         <name>remul.obj</name>
      </input_file>
      <input_file id="fl-6d">
         <path>C:\ti\ccs1281\ccs\tools\compiler\c5500_4.4.1\lib\</path>
         <kind>archive</kind>
         <file>rts55x.lib</file>
         <name>subd.obj</name>
      </input_file>
      <input_file id="fl-6e">
         <path>C:\ti\ccs1281\ccs\tools\compiler\c5500_4.4.1\lib\</path>
         <kind>archive</kind>
         <file>rts55x.lib</file>
         <name>trgdrv.obj</name>
      </input_file>
      <input_file id="fl-6f">
         <path>C:\ti\ccs1281\ccs\tools\compiler\c5500_4.4.1\lib\</path>
         <kind>archive</kind>
         <file>rts55x.lib</file>
         <name>trgmsg.obj</name>
      </input_file>
      <input_file id="fl-70">
         <path>C:\ti\ccs1281\ccs\tools\compiler\c5500_4.4.1\lib\</path>
         <kind>archive</kind>
         <file>rts55x.lib</file>
         <name>udiv.obj</name>
      </input_file>
      <input_file id="fl-71">
         <path>C:\ti\ccs1281\ccs\tools\compiler\c5500_4.4.1\lib\</path>
         <kind>archive</kind>
         <file>rts55x.lib</file>
         <name>_io_perm.obj</name>
      </input_file>
      <input_file id="fl-72">
         <path>C:\ti\ccs1281\ccs\tools\compiler\c5500_4.4.1\lib\</path>
         <kind>archive</kind>
         <file>rts55x.lib</file>
         <name>addd.obj</name>
      </input_file>
      <input_file id="fl-73">
         <path>C:\ti\ccs1281\ccs\tools\compiler\c5500_4.4.1\lib\</path>
         <kind>archive</kind>
         <file>rts55x.lib</file>
         <name>divli.obj</name>
      </input_file>
      <input_file id="fl-74">
         <path>C:\ti\ccs1281\ccs\tools\compiler\c5500_4.4.1\lib\</path>
         <kind>archive</kind>
         <file>rts55x.lib</file>
         <name>fflush.obj</name>
      </input_file>
      <input_file id="fl-75">
         <path>C:\ti\ccs1281\ccs\tools\compiler\c5500_4.4.1\lib\</path>
         <kind>archive</kind>
         <file>rts55x.lib</file>
         <name>fseek.obj</name>
      </input_file>
      <input_file id="fl-76">
         <path>C:\ti\ccs1281\ccs\tools\compiler\c5500_4.4.1\lib\</path>
         <kind>archive</kind>
         <file>rts55x.lib</file>
         <name>setvbuf.obj</name>
      </input_file>
      <input_file id="fl-77">
         <path>C:\ti\ccs1281\ccs\tools\compiler\c5500_4.4.1\lib\</path>
         <kind>archive</kind>
         <file>rts55x.lib</file>
         <name>fopen.obj</name>
      </input_file>
      <input_file id="fl-78">
         <path>C:\ti\ccs1281\ccs\tools\compiler\c5500_4.4.1\lib\</path>
         <kind>archive</kind>
         <file>rts55x.lib</file>
         <name>memory.obj</name>
      </input_file>
      <input_file id="fl-79">
         <path>C:\ti\ccs1281\ccs\tools\compiler\c5500_4.4.1\lib\</path>
         <kind>archive</kind>
         <file>rts55x.lib</file>
         <name>fclose.obj</name>
      </input_file>
      <input_file id="fl-7a">
         <path>C:\ti\ccs1281\ccs\tools\compiler\c5500_4.4.1\lib\</path>
         <kind>archive</kind>
         <file>rts55x.lib</file>
         <name>remove.obj</name>
      </input_file>
   </input_file_list>
   <object_component_list>
      <object_component id="oc-cc">
         <name>.text</name>
         <load_address>0x300</load_address>
         <run_address>0x300</run_address>
         <size>0x15a4</size>
         <input_file_ref idref="fl-56"/>
      </object_component>
      <object_component id="oc-5f">
         <name>.text</name>
         <load_address>0x18a4</load_address>
         <run_address>0x18a4</run_address>
         <size>0x6f3</size>
         <input_file_ref idref="fl-f"/>
      </object_component>
      <object_component id="oc-10e">
         <name>.text</name>
         <load_address>0x1f97</load_address>
         <run_address>0x1f97</run_address>
         <size>0x543</size>
         <input_file_ref idref="fl-66"/>
      </object_component>
      <object_component id="oc-130">
         <name>.text</name>
         <load_address>0x24da</load_address>
         <run_address>0x24da</run_address>
         <size>0x528</size>
         <input_file_ref idref="fl-6e"/>
      </object_component>
      <object_component id="oc-15d">
         <name>.text</name>
         <load_address>0x2a02</load_address>
         <run_address>0x2a02</run_address>
         <size>0x4b5</size>
         <input_file_ref idref="fl-78"/>
      </object_component>
      <object_component id="oc-5a">
         <name>.text</name>
         <load_address>0x2eb7</load_address>
         <run_address>0x2eb7</run_address>
         <size>0x4b2</size>
         <input_file_ref idref="fl-e"/>
      </object_component>
      <object_component id="oc-e4">
         <name>.text</name>
         <load_address>0x3369</load_address>
         <run_address>0x3369</run_address>
         <size>0x3cc</size>
         <input_file_ref idref="fl-5c"/>
      </object_component>
      <object_component id="oc-51">
         <name>.text:retain</name>
         <load_address>0x3735</load_address>
         <run_address>0x3735</run_address>
         <size>0x38e</size>
         <input_file_ref idref="fl-c"/>
      </object_component>
      <object_component id="oc-1d">
         <name>.text</name>
         <load_address>0x3ac3</load_address>
         <run_address>0x3ac3</run_address>
         <size>0x2d2</size>
         <input_file_ref idref="fl-3"/>
      </object_component>
      <object_component id="oc-157">
         <name>.text</name>
         <load_address>0x3d95</load_address>
         <run_address>0x3d95</run_address>
         <size>0x27f</size>
         <input_file_ref idref="fl-77"/>
      </object_component>
      <object_component id="oc-9a">
         <name>.text:MCBSP_reset</name>
         <load_address>0x4014</load_address>
         <run_address>0x4014</run_address>
         <size>0x261</size>
         <input_file_ref idref="fl-33"/>
      </object_component>
      <object_component id="oc-106">
         <name>.text</name>
         <load_address>0x4275</load_address>
         <run_address>0x4275</run_address>
         <size>0x25e</size>
         <input_file_ref idref="fl-64"/>
      </object_component>
      <object_component id="oc-143">
         <name>.text</name>
         <load_address>0x44d3</load_address>
         <run_address>0x44d3</run_address>
         <size>0x25a</size>
         <input_file_ref idref="fl-72"/>
      </object_component>
      <object_component id="oc-2c">
         <name>.text</name>
         <load_address>0x472d</load_address>
         <run_address>0x472d</run_address>
         <size>0x20c</size>
         <input_file_ref idref="fl-6"/>
      </object_component>
      <object_component id="oc-a7">
         <name>.text</name>
         <load_address>0x4939</load_address>
         <run_address>0x4939</run_address>
         <size>0x1ea</size>
         <input_file_ref idref="fl-4e"/>
      </object_component>
      <object_component id="oc-47">
         <name>.text</name>
         <load_address>0x4b23</load_address>
         <run_address>0x4b23</run_address>
         <size>0x1e9</size>
         <input_file_ref idref="fl-b"/>
      </object_component>
      <object_component id="oc-66">
         <name>.text</name>
         <load_address>0x4d0c</load_address>
         <run_address>0x4d0c</run_address>
         <size>0x1e3</size>
         <input_file_ref idref="fl-10"/>
      </object_component>
      <object_component id="oc-86">
         <name>.text:DMA_reset</name>
         <load_address>0x4ef0</load_address>
         <run_address>0x4ef0</run_address>
         <size>0x1ca</size>
         <input_file_ref idref="fl-1f"/>
      </object_component>
      <object_component id="oc-4c">
         <name>.text</name>
         <load_address>0x50ba</load_address>
         <run_address>0x50ba</run_address>
         <size>0x1c8</size>
         <input_file_ref idref="fl-c"/>
      </object_component>
      <object_component id="oc-c2">
         <name>.text</name>
         <load_address>0x5282</load_address>
         <run_address>0x5282</run_address>
         <size>0x2</size>
         <input_file_ref idref="fl-54"/>
      </object_component>
      <object_component id="oc-8e">
         <name>.text:I2C_write</name>
         <load_address>0x5284</load_address>
         <run_address>0x5284</run_address>
         <size>0x18e</size>
         <input_file_ref idref="fl-27"/>
      </object_component>
      <object_component id="oc-22">
         <name>.text</name>
         <load_address>0x5412</load_address>
         <run_address>0x5412</run_address>
         <size>0x18b</size>
         <input_file_ref idref="fl-4"/>
      </object_component>
      <object_component id="oc-f5">
         <name>.text</name>
         <load_address>0x559d</load_address>
         <run_address>0x559d</run_address>
         <size>0x163</size>
         <input_file_ref idref="fl-60"/>
      </object_component>
      <object_component id="oc-8d">
         <name>.text:I2C_read</name>
         <load_address>0x5700</load_address>
         <run_address>0x5700</run_address>
         <size>0x15d</size>
         <input_file_ref idref="fl-26"/>
      </object_component>
      <object_component id="oc-37">
         <name>.text</name>
         <load_address>0x585d</load_address>
         <run_address>0x585d</run_address>
         <size>0x14e</size>
         <input_file_ref idref="fl-8"/>
      </object_component>
      <object_component id="oc-ba">
         <name>.text</name>
         <load_address>0x59ab</load_address>
         <run_address>0x59ab</run_address>
         <size>0x14c</size>
         <input_file_ref idref="fl-52"/>
      </object_component>
      <object_component id="oc-96">
         <name>.text:MCBSP_config</name>
         <load_address>0x5af8</load_address>
         <run_address>0x5af8</run_address>
         <size>0x130</size>
         <input_file_ref idref="fl-2f"/>
      </object_component>
      <object_component id="oc-84">
         <name>.text:DMA_config</name>
         <load_address>0x5c28</load_address>
         <run_address>0x5c28</run_address>
         <size>0x10e</size>
         <input_file_ref idref="fl-1d"/>
      </object_component>
      <object_component id="oc-55">
         <name>.text</name>
         <load_address>0x5d36</load_address>
         <run_address>0x5d36</run_address>
         <size>0x2</size>
         <input_file_ref idref="fl-d"/>
      </object_component>
      <object_component id="oc-98">
         <name>.text:MCBSP_open</name>
         <load_address>0x5d38</load_address>
         <run_address>0x5d38</run_address>
         <size>0xee</size>
         <input_file_ref idref="fl-31"/>
      </object_component>
      <object_component id="oc-153">
         <name>.text</name>
         <load_address>0x5e26</load_address>
         <run_address>0x5e26</run_address>
         <size>0xe6</size>
         <input_file_ref idref="fl-76"/>
      </object_component>
      <object_component id="oc-13f">
         <name>.text</name>
         <load_address>0x5f0c</load_address>
         <run_address>0x5f0c</run_address>
         <size>0xdd</size>
         <input_file_ref idref="fl-71"/>
      </object_component>
      <object_component id="oc-85">
         <name>.text:DMA_open</name>
         <load_address>0x5fec</load_address>
         <run_address>0x5fec</run_address>
         <size>0xcb</size>
         <input_file_ref idref="fl-1e"/>
      </object_component>
      <object_component id="oc-14b">
         <name>.text</name>
         <load_address>0x60b7</load_address>
         <run_address>0x60b7</run_address>
         <size>0xc2</size>
         <input_file_ref idref="fl-74"/>
      </object_component>
      <object_component id="oc-3c">
         <name>.text</name>
         <load_address>0x6179</load_address>
         <run_address>0x6179</run_address>
         <size>0xbd</size>
         <input_file_ref idref="fl-9"/>
      </object_component>
      <object_component id="oc-138">
         <name>.text:CIO_breakpoint</name>
         <load_address>0x6236</load_address>
         <run_address>0x6236</run_address>
         <size>0xba</size>
         <input_file_ref idref="fl-6f"/>
      </object_component>
      <object_component id="oc-42">
         <name>.text</name>
         <load_address>0x62f0</load_address>
         <run_address>0x62f0</run_address>
         <size>0xab</size>
         <input_file_ref idref="fl-a"/>
      </object_component>
      <object_component id="oc-f1">
         <name>.text</name>
         <load_address>0x639b</load_address>
         <run_address>0x639b</run_address>
         <size>0xa6</size>
         <input_file_ref idref="fl-5f"/>
      </object_component>
      <object_component id="oc-e8">
         <name>.text</name>
         <load_address>0x6441</load_address>
         <run_address>0x6441</run_address>
         <size>0xa1</size>
         <input_file_ref idref="fl-5d"/>
      </object_component>
      <object_component id="oc-94">
         <name>.text</name>
         <load_address>0x64e2</load_address>
         <run_address>0x64e2</run_address>
         <size>0x89</size>
         <input_file_ref idref="fl-2d"/>
      </object_component>
      <object_component id="oc-9b">
         <name>.text:MCBSP_start</name>
         <load_address>0x656c</load_address>
         <run_address>0x656c</run_address>
         <size>0x82</size>
         <input_file_ref idref="fl-34"/>
      </object_component>
      <object_component id="oc-114">
         <name>.text</name>
         <load_address>0x65ee</load_address>
         <run_address>0x65ee</run_address>
         <size>0x7d</size>
         <input_file_ref idref="fl-67"/>
      </object_component>
      <object_component id="oc-164">
         <name>.text</name>
         <load_address>0x666b</load_address>
         <run_address>0x666b</run_address>
         <size>0x7b</size>
         <input_file_ref idref="fl-79"/>
      </object_component>
      <object_component id="oc-fa">
         <name>.text</name>
         <load_address>0x66e6</load_address>
         <run_address>0x66e6</run_address>
         <size>0x76</size>
         <input_file_ref idref="fl-61"/>
      </object_component>
      <object_component id="oc-fe">
         <name>.text</name>
         <load_address>0x675c</load_address>
         <run_address>0x675c</run_address>
         <size>0x73</size>
         <input_file_ref idref="fl-62"/>
      </object_component>
      <object_component id="oc-8c">
         <name>.text:I2C_config</name>
         <load_address>0x67d0</load_address>
         <run_address>0x67d0</run_address>
         <size>0x72</size>
         <input_file_ref idref="fl-25"/>
      </object_component>
      <object_component id="oc-128">
         <name>.text</name>
         <load_address>0x6842</load_address>
         <run_address>0x6842</run_address>
         <size>0x72</size>
         <input_file_ref idref="fl-6c"/>
      </object_component>
      <object_component id="oc-6c">
         <name>.text</name>
         <load_address>0x68b4</load_address>
         <run_address>0x68b4</run_address>
         <size>0x72</size>
         <input_file_ref idref="fl-11"/>
      </object_component>
      <object_component id="oc-27">
         <name>.text</name>
         <load_address>0x6926</load_address>
         <run_address>0x6926</run_address>
         <size>0x6f</size>
         <input_file_ref idref="fl-5"/>
      </object_component>
      <object_component id="oc-b6">
         <name>.text</name>
         <load_address>0x6995</load_address>
         <run_address>0x6995</run_address>
         <size>0x6f</size>
         <input_file_ref idref="fl-51"/>
      </object_component>
      <object_component id="oc-32">
         <name>.text</name>
         <load_address>0x6a04</load_address>
         <run_address>0x6a04</run_address>
         <size>0x6d</size>
         <input_file_ref idref="fl-7"/>
      </object_component>
      <object_component id="oc-135">
         <name>.text</name>
         <load_address>0x6a71</load_address>
         <run_address>0x6a71</run_address>
         <size>0x6d</size>
         <input_file_ref idref="fl-6f"/>
      </object_component>
      <object_component id="oc-14f">
         <name>.text</name>
         <load_address>0x6ade</load_address>
         <run_address>0x6ade</run_address>
         <size>0x6b</size>
         <input_file_ref idref="fl-75"/>
      </object_component>
      <object_component id="oc-90">
         <name>.text:IRQ_enable</name>
         <load_address>0x6b4c</load_address>
         <run_address>0x6b4c</run_address>
         <size>0x68</size>
         <input_file_ref idref="fl-29"/>
      </object_component>
      <object_component id="oc-ec">
         <name>.text</name>
         <load_address>0x6bb4</load_address>
         <run_address>0x6bb4</run_address>
         <size>0x67</size>
         <input_file_ref idref="fl-5e"/>
      </object_component>
      <object_component id="oc-79">
         <name>.text</name>
         <load_address>0x6c1b</load_address>
         <run_address>0x6c1b</run_address>
         <size>0x62</size>
         <input_file_ref idref="fl-13"/>
      </object_component>
      <object_component id="oc-d6">
         <name>.text</name>
         <load_address>0x6c7d</load_address>
         <run_address>0x6c7d</run_address>
         <size>0x5c</size>
         <input_file_ref idref="fl-58"/>
      </object_component>
      <object_component id="oc-73">
         <name>.text</name>
         <load_address>0x6cd9</load_address>
         <run_address>0x6cd9</run_address>
         <size>0x52</size>
         <input_file_ref idref="fl-12"/>
      </object_component>
      <object_component id="oc-be">
         <name>.text</name>
         <load_address>0x6d2b</load_address>
         <run_address>0x6d2b</run_address>
         <size>0x50</size>
         <input_file_ref idref="fl-53"/>
      </object_component>
      <object_component id="oc-89">
         <name>.text:GPIO_open</name>
         <load_address>0x6d7c</load_address>
         <run_address>0x6d7c</run_address>
         <size>0x4f</size>
         <input_file_ref idref="fl-22"/>
      </object_component>
      <object_component id="oc-da">
         <name>.text</name>
         <load_address>0x6dcb</load_address>
         <run_address>0x6dcb</run_address>
         <size>0x4d</size>
         <input_file_ref idref="fl-59"/>
      </object_component>
      <object_component id="oc-d2">
         <name>.text</name>
         <load_address>0x6e18</load_address>
         <run_address>0x6e18</run_address>
         <size>0x4b</size>
         <input_file_ref idref="fl-57"/>
      </object_component>
      <object_component id="oc-124">
         <name>.text</name>
         <load_address>0x6e63</load_address>
         <run_address>0x6e63</run_address>
         <size>0x4b</size>
         <input_file_ref idref="fl-6b"/>
      </object_component>
      <object_component id="oc-147">
         <name>.text</name>
         <load_address>0x6eae</load_address>
         <run_address>0x6eae</run_address>
         <size>0x48</size>
         <input_file_ref idref="fl-73"/>
      </object_component>
      <object_component id="oc-11c">
         <name>.text</name>
         <load_address>0x6ef6</load_address>
         <run_address>0x6ef6</run_address>
         <size>0x3f</size>
         <input_file_ref idref="fl-69"/>
      </object_component>
      <object_component id="oc-ab">
         <name>.text</name>
         <load_address>0x6f35</load_address>
         <run_address>0x6f35</run_address>
         <size>0x3e</size>
         <input_file_ref idref="fl-4f"/>
      </object_component>
      <object_component id="oc-8f">
         <name>.text:IRQ_clear</name>
         <load_address>0x6f74</load_address>
         <run_address>0x6f74</run_address>
         <size>0x37</size>
         <input_file_ref idref="fl-28"/>
      </object_component>
      <object_component id="oc-95">
         <name>.text:IRQ_setVecs</name>
         <load_address>0x6fac</load_address>
         <run_address>0x6fac</run_address>
         <size>0x37</size>
         <input_file_ref idref="fl-2e"/>
      </object_component>
      <object_component id="oc-97">
         <name>.text:MCBSP_close</name>
         <load_address>0x6fe4</load_address>
         <run_address>0x6fe4</run_address>
         <size>0x36</size>
         <input_file_ref idref="fl-30"/>
      </object_component>
      <object_component id="oc-16">
         <name>.text</name>
         <load_address>0x701a</load_address>
         <run_address>0x701a</run_address>
         <size>0x34</size>
         <input_file_ref idref="fl-4d"/>
      </object_component>
      <object_component id="oc-b2">
         <name>.text</name>
         <load_address>0x704e</load_address>
         <run_address>0x704e</run_address>
         <size>0x2a</size>
         <input_file_ref idref="fl-50"/>
      </object_component>
      <object_component id="oc-13b">
         <name>.text</name>
         <load_address>0x7078</load_address>
         <run_address>0x7078</run_address>
         <size>0x2a</size>
         <input_file_ref idref="fl-70"/>
      </object_component>
      <object_component id="oc-118">
         <name>.text</name>
         <load_address>0x70a2</load_address>
         <run_address>0x70a2</run_address>
         <size>0x23</size>
         <input_file_ref idref="fl-68"/>
      </object_component>
      <object_component id="oc-87">
         <name>.text:GPIO_pinDirection</name>
         <load_address>0x70c8</load_address>
         <run_address>0x70c8</run_address>
         <size>0x1f</size>
         <input_file_ref idref="fl-20"/>
      </object_component>
      <object_component id="oc-8b">
         <name>.text:GPIO_pinWrite</name>
         <load_address>0x70e8</load_address>
         <run_address>0x70e8</run_address>
         <size>0x1f</size>
         <input_file_ref idref="fl-24"/>
      </object_component>
      <object_component id="oc-102">
         <name>.text</name>
         <load_address>0x7107</load_address>
         <run_address>0x7107</run_address>
         <size>0x1a</size>
         <input_file_ref idref="fl-63"/>
      </object_component>
      <object_component id="oc-8a">
         <name>.text:GPIO_pinRead</name>
         <load_address>0x7124</load_address>
         <run_address>0x7124</run_address>
         <size>0x14</size>
         <input_file_ref idref="fl-23"/>
      </object_component>
      <object_component id="oc-99">
         <name>.text:MCBSP_read32</name>
         <load_address>0x7138</load_address>
         <run_address>0x7138</run_address>
         <size>0x14</size>
         <input_file_ref idref="fl-32"/>
      </object_component>
      <object_component id="oc-12c">
         <name>.text</name>
         <load_address>0x714c</load_address>
         <run_address>0x714c</run_address>
         <size>0x14</size>
         <input_file_ref idref="fl-6d"/>
      </object_component>
      <object_component id="oc-88">
         <name>.text:GPIO_pinEnable</name>
         <load_address>0x7160</load_address>
         <run_address>0x7160</run_address>
         <size>0x13</size>
         <input_file_ref idref="fl-21"/>
      </object_component>
      <object_component id="oc-10a">
         <name>.text</name>
         <load_address>0x7173</load_address>
         <run_address>0x7173</run_address>
         <size>0x13</size>
         <input_file_ref idref="fl-65"/>
      </object_component>
      <object_component id="oc-18">
         <name>.text</name>
         <load_address>0x7186</load_address>
         <run_address>0x7186</run_address>
         <size>0x12</size>
         <input_file_ref idref="fl-2"/>
      </object_component>
      <object_component id="oc-c6">
         <name>.text</name>
         <load_address>0x7198</load_address>
         <run_address>0x7198</run_address>
         <size>0x12</size>
         <input_file_ref idref="fl-55"/>
      </object_component>
      <object_component id="oc-120">
         <name>.text</name>
         <load_address>0x71aa</load_address>
         <run_address>0x71aa</run_address>
         <size>0x10</size>
         <input_file_ref idref="fl-6a"/>
      </object_component>
      <object_component id="oc-91">
         <name>.text:IRQ_globalDisable</name>
         <load_address>0x71bc</load_address>
         <run_address>0x71bc</run_address>
         <size>0xf</size>
         <input_file_ref idref="fl-2a"/>
      </object_component>
      <object_component id="oc-92">
         <name>.text:IRQ_globalEnable</name>
         <load_address>0x71cc</load_address>
         <run_address>0x71cc</run_address>
         <size>0xf</size>
         <input_file_ref idref="fl-2b"/>
      </object_component>
      <object_component id="oc-7f">
         <name>.text:_CSL_init</name>
         <load_address>0x71dc</load_address>
         <run_address>0x71dc</run_address>
         <size>0xd</size>
         <input_file_ref idref="fl-1a"/>
      </object_component>
      <object_component id="oc-81">
         <name>.text:CSL_init</name>
         <load_address>0x71ec</load_address>
         <run_address>0x71ec</run_address>
         <size>0xc</size>
         <input_file_ref idref="fl-1b"/>
      </object_component>
      <object_component id="oc-93">
         <name>.text:IRQ_globalRestore</name>
         <load_address>0x71f8</load_address>
         <run_address>0x71f8</run_address>
         <size>0xc</size>
         <input_file_ref idref="fl-2c"/>
      </object_component>
      <object_component id="oc-9c">
         <name>.text:MCBSP_write32</name>
         <load_address>0x7204</load_address>
         <run_address>0x7204</run_address>
         <size>0xc</size>
         <input_file_ref idref="fl-35"/>
      </object_component>
      <object_component id="oc-168">
         <name>.text</name>
         <load_address>0x7210</load_address>
         <run_address>0x7210</run_address>
         <size>0xa</size>
         <input_file_ref idref="fl-7a"/>
      </object_component>
      <object_component id="oc-af">
         <name>.text:CIO_breakpoint</name>
         <load_address>0x721a</load_address>
         <run_address>0x721a</run_address>
         <size>0x7</size>
         <input_file_ref idref="fl-4f"/>
      </object_component>
      <object_component id="oc-80">
         <name>.text</name>
         <load_address>0x7224</load_address>
         <run_address>0x7224</run_address>
         <size>0x2</size>
         <input_file_ref idref="fl-1b"/>
      </object_component>
      <object_component id="oc-a3">
         <name>.stack</name>
         <load_address>0x7240</load_address>
         <run_address>0x7240</run_address>
         <size>0x0</size>
         <input_file_ref idref="fl-4d"/>
      </object_component>
      <object_component id="oc-18d">
         <name>.stack</name>
         <load_address>0x7240</load_address>
         <run_address>0x7240</run_address>
         <size>0x0</size>
      </object_component>
      <object_component id="oc-16c">
         <name>.sysstack</name>
         <load_address>0x8840</load_address>
         <run_address>0x8840</run_address>
         <size>0x0</size>
         <input_file_ref idref="fl-4d"/>
      </object_component>
      <object_component id="oc-18f">
         <name>.sysstack</name>
         <load_address>0x8840</load_address>
         <run_address>0x8840</run_address>
         <size>0x0</size>
      </object_component>
      <object_component id="oc-9e">
         <name>.csldata:DMA_data</name>
         <load_address>0x9360</load_address>
         <run_address>0x9360</run_address>
         <size>0xfc</size>
         <input_file_ref idref="fl-36"/>
      </object_component>
      <object_component id="oc-a2">
         <name>.csldata:MCBSP_data</name>
         <load_address>0x945c</load_address>
         <run_address>0x945c</run_address>
         <size>0xcc</size>
         <input_file_ref idref="fl-38"/>
      </object_component>
      <object_component id="oc-83">
         <name>.csldata:SYS_data</name>
         <load_address>0x9528</load_address>
         <run_address>0x9528</run_address>
         <size>0x44</size>
         <input_file_ref idref="fl-1c"/>
      </object_component>
      <object_component id="oc-a0">
         <name>.csldata:GPIO_data</name>
         <load_address>0x956c</load_address>
         <run_address>0x956c</run_address>
         <size>0x40</size>
         <input_file_ref idref="fl-37"/>
      </object_component>
      <object_component id="oc-e0">
         <name>.bss</name>
         <load_address>0x8240</load_address>
         <run_address>0x8240</run_address>
         <size>0x232</size>
         <input_file_ref idref="fl-5b"/>
      </object_component>
      <object_component id="oc-131">
         <name>.bss</name>
         <load_address>0x8472</load_address>
         <run_address>0x8472</run_address>
         <size>0x1a0</size>
         <input_file_ref idref="fl-6e"/>
      </object_component>
      <object_component id="oc-158">
         <name>.bss</name>
         <load_address>0x8612</load_address>
         <run_address>0x8612</run_address>
         <size>0x2</size>
         <input_file_ref idref="fl-77"/>
      </object_component>
      <object_component id="oc-10f">
         <name>.bss</name>
         <load_address>0x8614</load_address>
         <run_address>0x8614</run_address>
         <size>0xe2</size>
         <input_file_ref idref="fl-66"/>
      </object_component>
      <object_component id="oc-67">
         <name>.bss</name>
         <load_address>0x86f8</load_address>
         <run_address>0x86f8</run_address>
         <size>0x90</size>
         <input_file_ref idref="fl-10"/>
      </object_component>
      <object_component id="oc-4d">
         <name>.bss</name>
         <load_address>0x8788</load_address>
         <run_address>0x8788</run_address>
         <size>0x7c</size>
         <input_file_ref idref="fl-c"/>
      </object_component>
      <object_component id="oc-2d">
         <name>.bss</name>
         <load_address>0x8804</load_address>
         <run_address>0x8804</run_address>
         <size>0x10</size>
         <input_file_ref idref="fl-6"/>
      </object_component>
      <object_component id="oc-15e">
         <name>.bss</name>
         <load_address>0x8814</load_address>
         <run_address>0x8814</run_address>
         <size>0xc</size>
         <input_file_ref idref="fl-78"/>
      </object_component>
      <object_component id="oc-c7">
         <name>.bss</name>
         <load_address>0x8820</load_address>
         <run_address>0x8820</run_address>
         <size>0x8</size>
         <input_file_ref idref="fl-55"/>
      </object_component>
      <object_component id="oc-ac">
         <name>.bss</name>
         <load_address>0x8828</load_address>
         <run_address>0x8828</run_address>
         <size>0x8</size>
         <input_file_ref idref="fl-4f"/>
      </object_component>
      <object_component id="oc-3d">
         <name>.bss</name>
         <load_address>0x8830</load_address>
         <run_address>0x8830</run_address>
         <size>0x4</size>
         <input_file_ref idref="fl-9"/>
      </object_component>
      <object_component id="oc-6d">
         <name>.bss</name>
         <load_address>0x8834</load_address>
         <run_address>0x8834</run_address>
         <size>0x4</size>
         <input_file_ref idref="fl-11"/>
      </object_component>
      <object_component id="oc-16f">
         <name>.const:__ctypes_</name>
         <load_address>0x9040</load_address>
         <run_address>0x9040</run_address>
         <size>0x202</size>
         <input_file_ref idref="fl-5a"/>
      </object_component>
      <object_component id="oc-cf">
         <name>.const:.string</name>
         <load_address>0x9244</load_address>
         <run_address>0x9244</run_address>
         <size>0x48</size>
         <input_file_ref idref="fl-56"/>
      </object_component>
      <object_component id="oc-16e">
         <name>.const:_$P$T0$1</name>
         <load_address>0x928c</load_address>
         <run_address>0x928c</run_address>
         <size>0x36</size>
         <input_file_ref idref="fl-9"/>
      </object_component>
      <object_component id="oc-75">
         <name>.const:.string</name>
         <load_address>0x92c4</load_address>
         <run_address>0x92c4</run_address>
         <size>0x1a</size>
         <input_file_ref idref="fl-12"/>
      </object_component>
      <object_component id="oc-ce">
         <name>.const</name>
         <load_address>0x92e0</load_address>
         <run_address>0x92e0</run_address>
         <size>0x18</size>
         <input_file_ref idref="fl-56"/>
      </object_component>
      <object_component id="oc-16d">
         <name>.const:_$P$T0$1</name>
         <load_address>0x92f8</load_address>
         <run_address>0x92f8</run_address>
         <size>0x14</size>
         <input_file_ref idref="fl-7"/>
      </object_component>
      <object_component id="oc-62">
         <name>.const</name>
         <load_address>0x930c</load_address>
         <run_address>0x930c</run_address>
         <size>0x14</size>
         <input_file_ref idref="fl-f"/>
      </object_component>
      <object_component id="oc-170">
         <name>.const:_initial_approx$1</name>
         <load_address>0x9320</load_address>
         <run_address>0x9320</run_address>
         <size>0x10</size>
         <input_file_ref idref="fl-5c"/>
      </object_component>
      <object_component id="oc-7b">
         <name>.const</name>
         <load_address>0x9330</load_address>
         <run_address>0x9330</run_address>
         <size>0x10</size>
         <input_file_ref idref="fl-13"/>
      </object_component>
      <object_component id="oc-f7">
         <name>.const:.string</name>
         <load_address>0x9340</load_address>
         <run_address>0x9340</run_address>
         <size>0x4</size>
         <input_file_ref idref="fl-60"/>
      </object_component>
      <object_component id="oc-ee">
         <name>.const</name>
         <load_address>0x9344</load_address>
         <run_address>0x9344</run_address>
         <size>0x4</size>
         <input_file_ref idref="fl-5e"/>
      </object_component>
      <object_component id="oc-161">
         <name>.sysmem</name>
         <uninitialized>true</uninitialized>
         <run_address>0x16280</run_address>
         <size>0x0</size>
         <input_file_ref idref="fl-78"/>
      </object_component>
      <object_component id="oc-18e">
         <name>.sysmem</name>
         <uninitialized>true</uninitialized>
         <run_address>0x16280</run_address>
         <size>0x0</size>
      </object_component>
      <object_component id="oc-9d">
         <name>.cinit</name>
         <load_address>0x8c40</load_address>
         <run_address>0x8c40</run_address>
         <size>0x102</size>
         <input_file_ref idref="fl-36"/>
      </object_component>
      <object_component id="oc-a1">
         <name>.cinit</name>
         <load_address>0x8d42</load_address>
         <run_address>0x8d42</run_address>
         <size>0xd2</size>
         <input_file_ref idref="fl-38"/>
      </object_component>
      <object_component id="oc-4f">
         <name>.cinit</name>
         <load_address>0x8e14</load_address>
         <run_address>0x8e14</run_address>
         <size>0x90</size>
         <input_file_ref idref="fl-c"/>
      </object_component>
      <object_component id="oc-111">
         <name>.cinit</name>
         <load_address>0x8ea4</load_address>
         <run_address>0x8ea4</run_address>
         <size>0x5a</size>
         <input_file_ref idref="fl-66"/>
      </object_component>
      <object_component id="oc-e2">
         <name>.cinit</name>
         <load_address>0x8efe</load_address>
         <run_address>0x8efe</run_address>
         <size>0x54</size>
         <input_file_ref idref="fl-5b"/>
      </object_component>
      <object_component id="oc-82">
         <name>.cinit</name>
         <load_address>0x8f52</load_address>
         <run_address>0x8f52</run_address>
         <size>0x4a</size>
         <input_file_ref idref="fl-1c"/>
      </object_component>
      <object_component id="oc-9f">
         <name>.cinit</name>
         <load_address>0x8f9c</load_address>
         <run_address>0x8f9c</run_address>
         <size>0x46</size>
         <input_file_ref idref="fl-37"/>
      </object_component>
      <object_component id="oc-c9">
         <name>.cinit</name>
         <load_address>0x8fe2</load_address>
         <run_address>0x8fe2</run_address>
         <size>0x14</size>
         <input_file_ref idref="fl-55"/>
      </object_component>
      <object_component id="oc-ae">
         <name>.cinit</name>
         <load_address>0x8ff6</load_address>
         <run_address>0x8ff6</run_address>
         <size>0x14</size>
         <input_file_ref idref="fl-4f"/>
      </object_component>
      <object_component id="oc-6f">
         <name>.cinit</name>
         <load_address>0x900a</load_address>
         <run_address>0x900a</run_address>
         <size>0x10</size>
         <input_file_ref idref="fl-11"/>
      </object_component>
      <object_component id="oc-15a">
         <name>.cinit</name>
         <load_address>0x901a</load_address>
         <run_address>0x901a</run_address>
         <size>0x8</size>
         <input_file_ref idref="fl-77"/>
      </object_component>
      <object_component id="oc-160">
         <name>.cinit</name>
         <load_address>0x9022</load_address>
         <run_address>0x9022</run_address>
         <size>0x8</size>
         <input_file_ref idref="fl-78"/>
      </object_component>
      <object_component id="oc-137">
         <name>.cio</name>
         <load_address>0x16a80</load_address>
         <run_address>0x16a80</run_address>
         <size>0x240</size>
         <input_file_ref idref="fl-6f"/>
      </object_component>
      <object_component id="oc-17">
         <name>vectors</name>
         <load_address>0xff00</load_address>
         <run_address>0xff00</run_address>
         <size>0x100</size>
         <input_file_ref idref="fl-54"/>
      </object_component>
      <object_component id="oc-56">
         <name>.vectors</name>
         <load_address>0xfe00</load_address>
         <run_address>0xfe00</run_address>
         <size>0x100</size>
         <input_file_ref idref="fl-d"/>
      </object_component>
      <object_component id="oc-50">
         <name>dmaMem</name>
         <load_address>0x7a40</load_address>
         <run_address>0x7a40</run_address>
         <size>0x800</size>
         <input_file_ref idref="fl-c"/>
      </object_component>
      <object_component id="oc-61">
         <name>.reverbMem</name>
         <load_address>0x10000</load_address>
         <run_address>0x10000</run_address>
         <size>0x6262</size>
         <input_file_ref idref="fl-f"/>
      </object_component>
      <object_component id="oc-19">
         <name>.debug_info</name>
         <load_address>0x0</load_address>
         <run_address>0x0</run_address>
         <size>0x56e</size>
         <input_file_ref idref="fl-2"/>
      </object_component>
      <object_component id="oc-1e">
         <name>.debug_info</name>
         <load_address>0x56e</load_address>
         <run_address>0x56e</run_address>
         <size>0xb49</size>
         <input_file_ref idref="fl-3"/>
      </object_component>
      <object_component id="oc-23">
         <name>.debug_info</name>
         <load_address>0x10b7</load_address>
         <run_address>0x10b7</run_address>
         <size>0xb7d</size>
         <input_file_ref idref="fl-4"/>
      </object_component>
      <object_component id="oc-28">
         <name>.debug_info</name>
         <load_address>0x1c34</load_address>
         <run_address>0x1c34</run_address>
         <size>0x894</size>
         <input_file_ref idref="fl-5"/>
      </object_component>
      <object_component id="oc-2e">
         <name>.debug_info</name>
         <load_address>0x24c8</load_address>
         <run_address>0x24c8</run_address>
         <size>0xbb4</size>
         <input_file_ref idref="fl-6"/>
      </object_component>
      <object_component id="oc-33">
         <name>.debug_info</name>
         <load_address>0x307c</load_address>
         <run_address>0x307c</run_address>
         <size>0xa47</size>
         <input_file_ref idref="fl-7"/>
      </object_component>
      <object_component id="oc-38">
         <name>.debug_info</name>
         <load_address>0x3ac3</load_address>
         <run_address>0x3ac3</run_address>
         <size>0xbbe</size>
         <input_file_ref idref="fl-8"/>
      </object_component>
      <object_component id="oc-3e">
         <name>.debug_info</name>
         <load_address>0x4681</load_address>
         <run_address>0x4681</run_address>
         <size>0x1132</size>
         <input_file_ref idref="fl-9"/>
      </object_component>
      <object_component id="oc-43">
         <name>.debug_info</name>
         <load_address>0x57b3</load_address>
         <run_address>0x57b3</run_address>
         <size>0x9c2</size>
         <input_file_ref idref="fl-a"/>
      </object_component>
      <object_component id="oc-48">
         <name>.debug_info</name>
         <load_address>0x6175</load_address>
         <run_address>0x6175</run_address>
         <size>0x9e8</size>
         <input_file_ref idref="fl-b"/>
      </object_component>
      <object_component id="oc-4e">
         <name>.debug_info</name>
         <load_address>0x6b5d</load_address>
         <run_address>0x6b5d</run_address>
         <size>0x12ea</size>
         <input_file_ref idref="fl-c"/>
      </object_component>
      <object_component id="oc-57">
         <name>.debug_info</name>
         <load_address>0x7e47</load_address>
         <run_address>0x7e47</run_address>
         <size>0x137</size>
         <input_file_ref idref="fl-d"/>
      </object_component>
      <object_component id="oc-5b">
         <name>.debug_info</name>
         <load_address>0x7f7e</load_address>
         <run_address>0x7f7e</run_address>
         <size>0x106c</size>
         <input_file_ref idref="fl-e"/>
      </object_component>
      <object_component id="oc-60">
         <name>.debug_info</name>
         <load_address>0x8fea</load_address>
         <run_address>0x8fea</run_address>
         <size>0x1bec</size>
         <input_file_ref idref="fl-f"/>
      </object_component>
      <object_component id="oc-68">
         <name>.debug_info</name>
         <load_address>0xabd6</load_address>
         <run_address>0xabd6</run_address>
         <size>0xde4</size>
         <input_file_ref idref="fl-10"/>
      </object_component>
      <object_component id="oc-6e">
         <name>.debug_info</name>
         <load_address>0xb9ba</load_address>
         <run_address>0xb9ba</run_address>
         <size>0x774</size>
         <input_file_ref idref="fl-11"/>
      </object_component>
      <object_component id="oc-74">
         <name>.debug_info</name>
         <load_address>0xc12e</load_address>
         <run_address>0xc12e</run_address>
         <size>0x82e</size>
         <input_file_ref idref="fl-12"/>
      </object_component>
      <object_component id="oc-7a">
         <name>.debug_info</name>
         <load_address>0xc95c</load_address>
         <run_address>0xc95c</run_address>
         <size>0x8cd</size>
         <input_file_ref idref="fl-13"/>
      </object_component>
      <object_component id="oc-a4">
         <name>.debug_info</name>
         <load_address>0xd229</load_address>
         <run_address>0xd229</run_address>
         <size>0xe8</size>
         <input_file_ref idref="fl-4d"/>
      </object_component>
      <object_component id="oc-a8">
         <name>.debug_info</name>
         <load_address>0xd311</load_address>
         <run_address>0xd311</run_address>
         <size>0x81f</size>
         <input_file_ref idref="fl-4e"/>
      </object_component>
      <object_component id="oc-ad">
         <name>.debug_info</name>
         <load_address>0xdb30</load_address>
         <run_address>0xdb30</run_address>
         <size>0x5fb</size>
         <input_file_ref idref="fl-4f"/>
      </object_component>
      <object_component id="oc-b3">
         <name>.debug_info</name>
         <load_address>0xe12b</load_address>
         <run_address>0xe12b</run_address>
         <size>0x4cf</size>
         <input_file_ref idref="fl-50"/>
      </object_component>
      <object_component id="oc-b7">
         <name>.debug_info</name>
         <load_address>0xe5fa</load_address>
         <run_address>0xe5fa</run_address>
         <size>0x534</size>
         <input_file_ref idref="fl-51"/>
      </object_component>
      <object_component id="oc-bb">
         <name>.debug_info</name>
         <load_address>0xeb2e</load_address>
         <run_address>0xeb2e</run_address>
         <size>0x55b</size>
         <input_file_ref idref="fl-52"/>
      </object_component>
      <object_component id="oc-bf">
         <name>.debug_info</name>
         <load_address>0xf089</load_address>
         <run_address>0xf089</run_address>
         <size>0x76c</size>
         <input_file_ref idref="fl-53"/>
      </object_component>
      <object_component id="oc-c3">
         <name>.debug_info</name>
         <load_address>0xf7f5</load_address>
         <run_address>0xf7f5</run_address>
         <size>0xbc</size>
         <input_file_ref idref="fl-54"/>
      </object_component>
      <object_component id="oc-c8">
         <name>.debug_info</name>
         <load_address>0xf8b1</load_address>
         <run_address>0xf8b1</run_address>
         <size>0x5bc</size>
         <input_file_ref idref="fl-55"/>
      </object_component>
      <object_component id="oc-cd">
         <name>.debug_info</name>
         <load_address>0xfe6d</load_address>
         <run_address>0xfe6d</run_address>
         <size>0x27bd</size>
         <input_file_ref idref="fl-56"/>
      </object_component>
      <object_component id="oc-d3">
         <name>.debug_info</name>
         <load_address>0x1262a</load_address>
         <run_address>0x1262a</run_address>
         <size>0x586</size>
         <input_file_ref idref="fl-57"/>
      </object_component>
      <object_component id="oc-d7">
         <name>.debug_info</name>
         <load_address>0x12bb0</load_address>
         <run_address>0x12bb0</run_address>
         <size>0x5a4</size>
         <input_file_ref idref="fl-58"/>
      </object_component>
      <object_component id="oc-db">
         <name>.debug_info</name>
         <load_address>0x13154</load_address>
         <run_address>0x13154</run_address>
         <size>0xcd</size>
         <input_file_ref idref="fl-59"/>
      </object_component>
      <object_component id="oc-de">
         <name>.debug_info</name>
         <load_address>0x13221</load_address>
         <run_address>0x13221</run_address>
         <size>0x498</size>
         <input_file_ref idref="fl-5a"/>
      </object_component>
      <object_component id="oc-e1">
         <name>.debug_info</name>
         <load_address>0x136b9</load_address>
         <run_address>0x136b9</run_address>
         <size>0x57e</size>
         <input_file_ref idref="fl-5b"/>
      </object_component>
      <object_component id="oc-e5">
         <name>.debug_info</name>
         <load_address>0x13c37</load_address>
         <run_address>0x13c37</run_address>
         <size>0x7e8</size>
         <input_file_ref idref="fl-5c"/>
      </object_component>
      <object_component id="oc-e9">
         <name>.debug_info</name>
         <load_address>0x1441f</load_address>
         <run_address>0x1441f</run_address>
         <size>0x534</size>
         <input_file_ref idref="fl-5d"/>
      </object_component>
      <object_component id="oc-ed">
         <name>.debug_info</name>
         <load_address>0x14953</load_address>
         <run_address>0x14953</run_address>
         <size>0x549</size>
         <input_file_ref idref="fl-5e"/>
      </object_component>
      <object_component id="oc-f2">
         <name>.debug_info</name>
         <load_address>0x14e9c</load_address>
         <run_address>0x14e9c</run_address>
         <size>0x6aa</size>
         <input_file_ref idref="fl-5f"/>
      </object_component>
      <object_component id="oc-f6">
         <name>.debug_info</name>
         <load_address>0x15546</load_address>
         <run_address>0x15546</run_address>
         <size>0x942</size>
         <input_file_ref idref="fl-60"/>
      </object_component>
      <object_component id="oc-fb">
         <name>.debug_info</name>
         <load_address>0x15e88</load_address>
         <run_address>0x15e88</run_address>
         <size>0x4d2</size>
         <input_file_ref idref="fl-61"/>
      </object_component>
      <object_component id="oc-ff">
         <name>.debug_info</name>
         <load_address>0x1635a</load_address>
         <run_address>0x1635a</run_address>
         <size>0x53e</size>
         <input_file_ref idref="fl-62"/>
      </object_component>
      <object_component id="oc-103">
         <name>.debug_info</name>
         <load_address>0x16898</load_address>
         <run_address>0x16898</run_address>
         <size>0x680</size>
         <input_file_ref idref="fl-63"/>
      </object_component>
      <object_component id="oc-107">
         <name>.debug_info</name>
         <load_address>0x16f18</load_address>
         <run_address>0x16f18</run_address>
         <size>0x7d4</size>
         <input_file_ref idref="fl-64"/>
      </object_component>
      <object_component id="oc-10b">
         <name>.debug_info</name>
         <load_address>0x176ec</load_address>
         <run_address>0x176ec</run_address>
         <size>0xbd</size>
         <input_file_ref idref="fl-65"/>
      </object_component>
      <object_component id="oc-110">
         <name>.debug_info</name>
         <load_address>0x177a9</load_address>
         <run_address>0x177a9</run_address>
         <size>0x144b</size>
         <input_file_ref idref="fl-66"/>
      </object_component>
      <object_component id="oc-115">
         <name>.debug_info</name>
         <load_address>0x18bf4</load_address>
         <run_address>0x18bf4</run_address>
         <size>0x5ad</size>
         <input_file_ref idref="fl-67"/>
      </object_component>
      <object_component id="oc-119">
         <name>.debug_info</name>
         <load_address>0x191a1</load_address>
         <run_address>0x191a1</run_address>
         <size>0x574</size>
         <input_file_ref idref="fl-68"/>
      </object_component>
      <object_component id="oc-11d">
         <name>.debug_info</name>
         <load_address>0x19715</load_address>
         <run_address>0x19715</run_address>
         <size>0xd1</size>
         <input_file_ref idref="fl-69"/>
      </object_component>
      <object_component id="oc-121">
         <name>.debug_info</name>
         <load_address>0x197e6</load_address>
         <run_address>0x197e6</run_address>
         <size>0x4b7</size>
         <input_file_ref idref="fl-6a"/>
      </object_component>
      <object_component id="oc-125">
         <name>.debug_info</name>
         <load_address>0x19c9d</load_address>
         <run_address>0x19c9d</run_address>
         <size>0x4f2</size>
         <input_file_ref idref="fl-6b"/>
      </object_component>
      <object_component id="oc-129">
         <name>.debug_info</name>
         <load_address>0x1a18f</load_address>
         <run_address>0x1a18f</run_address>
         <size>0x534</size>
         <input_file_ref idref="fl-6c"/>
      </object_component>
      <object_component id="oc-12d">
         <name>.debug_info</name>
         <load_address>0x1a6c3</load_address>
         <run_address>0x1a6c3</run_address>
         <size>0x4de</size>
         <input_file_ref idref="fl-6d"/>
      </object_component>
      <object_component id="oc-132">
         <name>.debug_info</name>
         <load_address>0x1aba1</load_address>
         <run_address>0x1aba1</run_address>
         <size>0xed4</size>
         <input_file_ref idref="fl-6e"/>
      </object_component>
      <object_component id="oc-136">
         <name>.debug_info</name>
         <load_address>0x1ba75</load_address>
         <run_address>0x1ba75</run_address>
         <size>0x744</size>
         <input_file_ref idref="fl-6f"/>
      </object_component>
      <object_component id="oc-13c">
         <name>.debug_info</name>
         <load_address>0x1c1b9</load_address>
         <run_address>0x1c1b9</run_address>
         <size>0xef</size>
         <input_file_ref idref="fl-70"/>
      </object_component>
      <object_component id="oc-140">
         <name>.debug_info</name>
         <load_address>0x1c2a8</load_address>
         <run_address>0x1c2a8</run_address>
         <size>0x662</size>
         <input_file_ref idref="fl-71"/>
      </object_component>
      <object_component id="oc-144">
         <name>.debug_info</name>
         <load_address>0x1c90a</load_address>
         <run_address>0x1c90a</run_address>
         <size>0x5ab</size>
         <input_file_ref idref="fl-72"/>
      </object_component>
      <object_component id="oc-148">
         <name>.debug_info</name>
         <load_address>0x1ceb5</load_address>
         <run_address>0x1ceb5</run_address>
         <size>0x4f2</size>
         <input_file_ref idref="fl-73"/>
      </object_component>
      <object_component id="oc-14c">
         <name>.debug_info</name>
         <load_address>0x1d3a7</load_address>
         <run_address>0x1d3a7</run_address>
         <size>0x706</size>
         <input_file_ref idref="fl-74"/>
      </object_component>
      <object_component id="oc-150">
         <name>.debug_info</name>
         <load_address>0x1daad</load_address>
         <run_address>0x1daad</run_address>
         <size>0x5f7</size>
         <input_file_ref idref="fl-75"/>
      </object_component>
      <object_component id="oc-154">
         <name>.debug_info</name>
         <load_address>0x1e0a4</load_address>
         <run_address>0x1e0a4</run_address>
         <size>0x64a</size>
         <input_file_ref idref="fl-76"/>
      </object_component>
      <object_component id="oc-159">
         <name>.debug_info</name>
         <load_address>0x1e6ee</load_address>
         <run_address>0x1e6ee</run_address>
         <size>0xa1c</size>
         <input_file_ref idref="fl-77"/>
      </object_component>
      <object_component id="oc-15f">
         <name>.debug_info</name>
         <load_address>0x1f10a</load_address>
         <run_address>0x1f10a</run_address>
         <size>0xb97</size>
         <input_file_ref idref="fl-78"/>
      </object_component>
      <object_component id="oc-165">
         <name>.debug_info</name>
         <load_address>0x1fca1</load_address>
         <run_address>0x1fca1</run_address>
         <size>0x64f</size>
         <input_file_ref idref="fl-79"/>
      </object_component>
      <object_component id="oc-169">
         <name>.debug_info</name>
         <load_address>0x202f0</load_address>
         <run_address>0x202f0</run_address>
         <size>0x510</size>
         <input_file_ref idref="fl-7a"/>
      </object_component>
      <object_component id="oc-191">
         <name>.debug_info</name>
         <load_address>0x20800</load_address>
         <run_address>0x20800</run_address>
         <size>0x6e</size>
      </object_component>
      <object_component id="oc-1a">
         <name>.debug_frame</name>
         <load_address>0x0</load_address>
         <run_address>0x0</run_address>
         <size>0xe4</size>
         <input_file_ref idref="fl-2"/>
      </object_component>
      <object_component id="oc-1f">
         <name>.debug_frame</name>
         <load_address>0xe4</load_address>
         <run_address>0xe4</run_address>
         <size>0xe6</size>
         <input_file_ref idref="fl-3"/>
      </object_component>
      <object_component id="oc-24">
         <name>.debug_frame</name>
         <load_address>0x1ca</load_address>
         <run_address>0x1ca</run_address>
         <size>0x13a</size>
         <input_file_ref idref="fl-4"/>
      </object_component>
      <object_component id="oc-29">
         <name>.debug_frame</name>
         <load_address>0x304</load_address>
         <run_address>0x304</run_address>
         <size>0x138</size>
         <input_file_ref idref="fl-5"/>
      </object_component>
      <object_component id="oc-2f">
         <name>.debug_frame</name>
         <load_address>0x43c</load_address>
         <run_address>0x43c</run_address>
         <size>0x13c</size>
         <input_file_ref idref="fl-6"/>
      </object_component>
      <object_component id="oc-34">
         <name>.debug_frame</name>
         <load_address>0x578</load_address>
         <run_address>0x578</run_address>
         <size>0x132</size>
         <input_file_ref idref="fl-7"/>
      </object_component>
      <object_component id="oc-39">
         <name>.debug_frame</name>
         <load_address>0x6aa</load_address>
         <run_address>0x6aa</run_address>
         <size>0x157</size>
         <input_file_ref idref="fl-8"/>
      </object_component>
      <object_component id="oc-3f">
         <name>.debug_frame</name>
         <load_address>0x801</load_address>
         <run_address>0x801</run_address>
         <size>0x139</size>
         <input_file_ref idref="fl-9"/>
      </object_component>
      <object_component id="oc-44">
         <name>.debug_frame</name>
         <load_address>0x93a</load_address>
         <run_address>0x93a</run_address>
         <size>0x11d</size>
         <input_file_ref idref="fl-a"/>
      </object_component>
      <object_component id="oc-49">
         <name>.debug_frame</name>
         <load_address>0xa57</load_address>
         <run_address>0xa57</run_address>
         <size>0xe6</size>
         <input_file_ref idref="fl-b"/>
      </object_component>
      <object_component id="oc-52">
         <name>.debug_frame</name>
         <load_address>0xb3d</load_address>
         <run_address>0xb3d</run_address>
         <size>0x452</size>
         <input_file_ref idref="fl-c"/>
      </object_component>
      <object_component id="oc-5c">
         <name>.debug_frame</name>
         <load_address>0xf8f</load_address>
         <run_address>0xf8f</run_address>
         <size>0x104</size>
         <input_file_ref idref="fl-e"/>
      </object_component>
      <object_component id="oc-63">
         <name>.debug_frame</name>
         <load_address>0x1093</load_address>
         <run_address>0x1093</run_address>
         <size>0x204</size>
         <input_file_ref idref="fl-f"/>
      </object_component>
      <object_component id="oc-69">
         <name>.debug_frame</name>
         <load_address>0x1297</load_address>
         <run_address>0x1297</run_address>
         <size>0x13b</size>
         <input_file_ref idref="fl-10"/>
      </object_component>
      <object_component id="oc-70">
         <name>.debug_frame</name>
         <load_address>0x13d2</load_address>
         <run_address>0x13d2</run_address>
         <size>0xeb</size>
         <input_file_ref idref="fl-11"/>
      </object_component>
      <object_component id="oc-76">
         <name>.debug_frame</name>
         <load_address>0x14bd</load_address>
         <run_address>0x14bd</run_address>
         <size>0x100</size>
         <input_file_ref idref="fl-12"/>
      </object_component>
      <object_component id="oc-7c">
         <name>.debug_frame</name>
         <load_address>0x15bd</load_address>
         <run_address>0x15bd</run_address>
         <size>0x100</size>
         <input_file_ref idref="fl-13"/>
      </object_component>
      <object_component id="oc-1b">
         <name>.debug_line</name>
         <load_address>0x0</load_address>
         <run_address>0x0</run_address>
         <size>0x3f</size>
         <input_file_ref idref="fl-2"/>
      </object_component>
      <object_component id="oc-20">
         <name>.debug_line</name>
         <load_address>0x3f</load_address>
         <run_address>0x3f</run_address>
         <size>0x10f</size>
         <input_file_ref idref="fl-3"/>
      </object_component>
      <object_component id="oc-25">
         <name>.debug_line</name>
         <load_address>0x14e</load_address>
         <run_address>0x14e</run_address>
         <size>0xd0</size>
         <input_file_ref idref="fl-4"/>
      </object_component>
      <object_component id="oc-2a">
         <name>.debug_line</name>
         <load_address>0x21e</load_address>
         <run_address>0x21e</run_address>
         <size>0xf0</size>
         <input_file_ref idref="fl-5"/>
      </object_component>
      <object_component id="oc-30">
         <name>.debug_line</name>
         <load_address>0x30e</load_address>
         <run_address>0x30e</run_address>
         <size>0x14c</size>
         <input_file_ref idref="fl-6"/>
      </object_component>
      <object_component id="oc-35">
         <name>.debug_line</name>
         <load_address>0x45a</load_address>
         <run_address>0x45a</run_address>
         <size>0xa8</size>
         <input_file_ref idref="fl-7"/>
      </object_component>
      <object_component id="oc-3a">
         <name>.debug_line</name>
         <load_address>0x502</load_address>
         <run_address>0x502</run_address>
         <size>0xef</size>
         <input_file_ref idref="fl-8"/>
      </object_component>
      <object_component id="oc-40">
         <name>.debug_line</name>
         <load_address>0x5f1</load_address>
         <run_address>0x5f1</run_address>
         <size>0xcd</size>
         <input_file_ref idref="fl-9"/>
      </object_component>
      <object_component id="oc-45">
         <name>.debug_line</name>
         <load_address>0x6be</load_address>
         <run_address>0x6be</run_address>
         <size>0x92</size>
         <input_file_ref idref="fl-a"/>
      </object_component>
      <object_component id="oc-4a">
         <name>.debug_line</name>
         <load_address>0x750</load_address>
         <run_address>0x750</run_address>
         <size>0x8c</size>
         <input_file_ref idref="fl-b"/>
      </object_component>
      <object_component id="oc-53">
         <name>.debug_line</name>
         <load_address>0x7dc</load_address>
         <run_address>0x7dc</run_address>
         <size>0x16b</size>
         <input_file_ref idref="fl-c"/>
      </object_component>
      <object_component id="oc-58">
         <name>.debug_line</name>
         <load_address>0x947</load_address>
         <run_address>0x947</run_address>
         <size>0x7e</size>
         <input_file_ref idref="fl-d"/>
      </object_component>
      <object_component id="oc-5d">
         <name>.debug_line</name>
         <load_address>0x9c5</load_address>
         <run_address>0x9c5</run_address>
         <size>0x180</size>
         <input_file_ref idref="fl-e"/>
      </object_component>
      <object_component id="oc-64">
         <name>.debug_line</name>
         <load_address>0xb45</load_address>
         <run_address>0xb45</run_address>
         <size>0x2c2</size>
         <input_file_ref idref="fl-f"/>
      </object_component>
      <object_component id="oc-6a">
         <name>.debug_line</name>
         <load_address>0xe07</load_address>
         <run_address>0xe07</run_address>
         <size>0xff</size>
         <input_file_ref idref="fl-10"/>
      </object_component>
      <object_component id="oc-71">
         <name>.debug_line</name>
         <load_address>0xf06</load_address>
         <run_address>0xf06</run_address>
         <size>0x86</size>
         <input_file_ref idref="fl-11"/>
      </object_component>
      <object_component id="oc-77">
         <name>.debug_line</name>
         <load_address>0xf8c</load_address>
         <run_address>0xf8c</run_address>
         <size>0x72</size>
         <input_file_ref idref="fl-12"/>
      </object_component>
[...]
         <object_component_ref idref="oc-8a"/>
      </symbol>
      <symbol id="sm-2de">
         <name>_GPIO_pinWrite</name>
         <value>0x70e8</value>
         <object_component_ref idref="oc-8b"/>
      </symbol>
      <symbol id="sm-2e2">
         <name>_I2C_config</name>
         <value>0x67d0</value>
         <object_component_ref idref="oc-8c"/>
      </symbol>
      <symbol id="sm-2ea">
         <name>_I2C_read</name>
         <value>0x5700</value>
         <object_component_ref idref="oc-8d"/>
      </symbol>
      <symbol id="sm-2f4">
         <name>_I2C_write</name>
         <value>0x5284</value>
         <object_component_ref idref="oc-8e"/>
      </symbol>
      <symbol id="sm-2f8">
         <name>_IRQ_clear</name>
         <value>0x6f74</value>
         <object_component_ref idref="oc-8f"/>
      </symbol>
      <symbol id="sm-2fc">
         <name>_IRQ_enable</name>
         <value>0x6b4c</value>
         <object_component_ref idref="oc-90"/>
      </symbol>
      <symbol id="sm-300">
         <name>_IRQ_globalDisable</name>
         <value>0x71bc</value>
         <object_component_ref idref="oc-91"/>
      </symbol>
      <symbol id="sm-304">
         <name>_IRQ_globalEnable</name>
         <value>0x71cc</value>
         <object_component_ref idref="oc-92"/>
      </symbol>
      <symbol id="sm-308">
         <name>_IRQ_globalRestore</name>
         <value>0x71f8</value>
         <object_component_ref idref="oc-93"/>
      </symbol>
      <symbol id="sm-30c">
         <name>_IRQ_plug</name>
         <value>0x64e2</value>
         <object_component_ref idref="oc-94"/>
      </symbol>
      <symbol id="sm-310">
         <name>_IRQ_setVecs</name>
         <value>0x6fac</value>
         <object_component_ref idref="oc-95"/>
      </symbol>
      <symbol id="sm-314">
         <name>_MCBSP_config</name>
         <value>0x5af8</value>
         <object_component_ref idref="oc-96"/>
      </symbol>
      <symbol id="sm-318">
         <name>_MCBSP_close</name>
         <value>0x6fe4</value>
         <object_component_ref idref="oc-97"/>
      </symbol>
      <symbol id="sm-31d">
         <name>_MCBSP_open</name>
         <value>0x5d38</value>
         <object_component_ref idref="oc-98"/>
      </symbol>
      <symbol id="sm-321">
         <name>_MCBSP_read32</name>
         <value>0x7138</value>
         <object_component_ref idref="oc-99"/>
      </symbol>
      <symbol id="sm-325">
         <name>_MCBSP_reset</name>
         <value>0x4014</value>
         <object_component_ref idref="oc-9a"/>
      </symbol>
      <symbol id="sm-329">
         <name>_MCBSP_start</name>
         <value>0x656c</value>
         <object_component_ref idref="oc-9b"/>
      </symbol>
      <symbol id="sm-32d">
         <name>_MCBSP_write32</name>
         <value>0x7204</value>
         <object_component_ref idref="oc-9c"/>
      </symbol>
      <symbol id="sm-333">
         <name>_CSL_DmaData</name>
         <value>0x9360</value>
         <object_component_ref idref="oc-9e"/>
      </symbol>
      <symbol id="sm-339">
         <name>_CSL_GpioData</name>
         <value>0x956c</value>
         <object_component_ref idref="oc-a0"/>
      </symbol>
      <symbol id="sm-33f">
         <name>_CSL_McbspData</name>
         <value>0x945c</value>
         <object_component_ref idref="oc-a2"/>
      </symbol>
      <symbol id="sm-34b">
         <name>__sysstack</name>
         <value>0x8840</value>
         <object_component_ref idref="oc-16c"/>
      </symbol>
      <symbol id="sm-34c">
         <name>_c_int00</name>
         <value>0x701a</value>
         <object_component_ref idref="oc-16"/>
      </symbol>
      <symbol id="sm-34d">
         <name>__stack</name>
         <value>0x7240</value>
         <object_component_ref idref="oc-a3"/>
      </symbol>
      <symbol id="sm-357">
         <name>__eqld</name>
         <value>0x4a97</value>
         <object_component_ref idref="oc-a7"/>
      </symbol>
      <symbol id="sm-358">
         <name>__cmpd</name>
         <value>0x4acb</value>
         <object_component_ref idref="oc-a7"/>
      </symbol>
      <symbol id="sm-359">
         <name>__neqd</name>
         <value>0x4939</value>
         <object_component_ref idref="oc-a7"/>
      </symbol>
      <symbol id="sm-35a">
         <name>__gtrd</name>
         <value>0x4a02</value>
         <object_component_ref idref="oc-a7"/>
      </symbol>
      <symbol id="sm-35b">
         <name>__geqd</name>
         <value>0x4a4d</value>
         <object_component_ref idref="oc-a7"/>
      </symbol>
      <symbol id="sm-35c">
         <name>__leqd</name>
         <value>0x49b5</value>
         <object_component_ref idref="oc-a7"/>
      </symbol>
      <symbol id="sm-35d">
         <name>__lssd</name>
         <value>0x496d</value>
         <object_component_ref idref="oc-a7"/>
      </symbol>
      <symbol id="sm-36d">
         <name>C$$EXIT</name>
         <value>0x721b</value>
         <object_component_ref idref="oc-af"/>
      </symbol>
      <symbol id="sm-36e">
         <name>_exit</name>
         <value>0x6f35</value>
         <object_component_ref idref="oc-ab"/>
      </symbol>
      <symbol id="sm-36f">
         <name>_abort</name>
         <value>0x721a</value>
         <object_component_ref idref="oc-af"/>
      </symbol>
      <symbol id="sm-370">
         <name>__cleanup_ptr</name>
         <value>0x8828</value>
         <object_component_ref idref="oc-ac"/>
      </symbol>
      <symbol id="sm-371">
         <name>__dtors_ptr</name>
         <value>0x882c</value>
         <object_component_ref idref="oc-ac"/>
      </symbol>
      <symbol id="sm-37b">
         <name>__fixdi</name>
         <value>0x704e</value>
         <object_component_ref idref="oc-b2"/>
      </symbol>
      <symbol id="sm-385">
         <name>__fixdli</name>
         <value>0x6995</value>
         <object_component_ref idref="oc-b6"/>
      </symbol>
      <symbol id="sm-38f">
         <name>__mpyd</name>
         <value>0x59ab</value>
         <object_component_ref idref="oc-ba"/>
      </symbol>
      <symbol id="sm-399">
         <name>_printf</name>
         <value>0x6d2b</value>
         <object_component_ref idref="oc-be"/>
      </symbol>
      <symbol id="sm-3a3">
         <name>_Reset</name>
         <value>0xff00</value>
         <object_component_ref idref="oc-17"/>
      </symbol>
      <symbol id="sm-3b1">
         <name>__unlock</name>
         <value>0x8824</value>
         <object_component_ref idref="oc-c7"/>
      </symbol>
      <symbol id="sm-3b2">
         <name>__lock</name>
         <value>0x8820</value>
         <object_component_ref idref="oc-c7"/>
      </symbol>
      <symbol id="sm-3b3">
         <name>__register_lock</name>
         <value>0x71a0</value>
         <object_component_ref idref="oc-c6"/>
      </symbol>
      <symbol id="sm-3b4">
         <name>__nop</name>
         <value>0x71a8</value>
         <object_component_ref idref="oc-c6"/>
      </symbol>
      <symbol id="sm-3b5">
         <name>__register_unlock</name>
         <value>0x7198</value>
         <object_component_ref idref="oc-c6"/>
      </symbol>
      <symbol id="sm-3c7">
         <name>__printfi</name>
         <value>0x1662</value>
         <object_component_ref idref="oc-cc"/>
      </symbol>
      <symbol id="sm-3d1">
         <name>__args_main</name>
         <value>0x6e18</value>
         <object_component_ref idref="oc-d2"/>
      </symbol>
      <symbol id="sm-3d2">
         <name>__TI_args_main</name>
         <value>0x1</value>
      </symbol>
      <symbol id="sm-3dc">
         <name>_atoi</name>
         <value>0x6c7d</value>
         <object_component_ref idref="oc-d6"/>
      </symbol>
      <symbol id="sm-3e4">
         <name>_auto_init</name>
         <value>0x6dcb</value>
         <object_component_ref idref="oc-da"/>
      </symbol>
      <symbol id="sm-3ec">
         <name>__ctypes_</name>
         <value>0x9040</value>
         <object_component_ref idref="oc-16f"/>
      </symbol>
      <symbol id="sm-3f6">
         <name>__tmpnams</name>
         <value>0x8330</value>
         <object_component_ref idref="oc-e0"/>
      </symbol>
      <symbol id="sm-3f7">
         <name>__ft_end</name>
         <value>0x8470</value>
         <object_component_ref idref="oc-e0"/>
      </symbol>
      <symbol id="sm-3f8">
         <name>__ftable</name>
         <value>0x8240</value>
         <object_component_ref idref="oc-e0"/>
      </symbol>
      <symbol id="sm-404">
         <name>__divd</name>
         <value>0x3369</value>
         <object_component_ref idref="oc-e4"/>
      </symbol>
      <symbol id="sm-40f">
         <name>__divul</name>
         <value>0x6441</value>
         <object_component_ref idref="oc-e8"/>
      </symbol>
      <symbol id="sm-41b">
         <name>__fltlid</name>
         <value>0x6bb4</value>
         <object_component_ref idref="oc-ec"/>
      </symbol>
      <symbol id="sm-425">
         <name>_putchar</name>
         <value>0x6432</value>
         <object_component_ref idref="oc-f1"/>
      </symbol>
      <symbol id="sm-426">
         <name>_putc</name>
         <value>0x639b</value>
         <object_component_ref idref="oc-f1"/>
      </symbol>
      <symbol id="sm-427">
         <name>_fputc</name>
         <value>0x639b</value>
         <object_component_ref idref="oc-f1"/>
      </symbol>
      <symbol id="sm-435">
         <name>_puts</name>
         <value>0x56d2</value>
         <object_component_ref idref="oc-f5"/>
      </symbol>
      <symbol id="sm-436">
         <name>_fputs</name>
         <value>0x559d</value>
         <object_component_ref idref="oc-f5"/>
      </symbol>
      <symbol id="sm-440">
         <name>__frcmpyd</name>
         <value>0x66e6</value>
         <object_component_ref idref="oc-fa"/>
      </symbol>
      <symbol id="sm-44a">
         <name>__frcmpyd_div</name>
         <value>0x675c</value>
         <object_component_ref idref="oc-fe"/>
      </symbol>
      <symbol id="sm-454">
         <name>___isinf</name>
         <value>0x7107</value>
         <object_component_ref idref="oc-102"/>
      </symbol>
      <symbol id="sm-45e">
         <name>__divull</name>
         <value>0x43aa</value>
         <object_component_ref idref="oc-106"/>
      </symbol>
      <symbol id="sm-45f">
         <name>__mpylli</name>
         <value>0x42f2</value>
         <object_component_ref idref="oc-106"/>
      </symbol>
      <symbol id="sm-460">
         <name>__remlli</name>
         <value>0x42c3</value>
         <object_component_ref idref="oc-106"/>
      </symbol>
      <symbol id="sm-461">
         <name>__divlli</name>
         <value>0x449e</value>
         <object_component_ref idref="oc-106"/>
      </symbol>
      <symbol id="sm-462">
         <name>__remull</name>
         <value>0x4275</value>
         <object_component_ref idref="oc-106"/>
      </symbol>
      <symbol id="sm-46a">
         <name>__mpyli</name>
         <value>0x7173</value>
         <object_component_ref idref="oc-10a"/>
      </symbol>
      <symbol id="sm-46b">
         <name>I$$LMPY</name>
         <value>0x7173</value>
         <object_component_ref idref="oc-10a"/>
      </symbol>
      <symbol id="sm-47d">
         <name>_add_device</name>
         <value>0x23ea</value>
         <object_component_ref idref="oc-10e"/>
      </symbol>
      <symbol id="sm-47e">
         <name>_rename</name>
         <value>0x210c</value>
         <object_component_ref idref="oc-10e"/>
      </symbol>
      <symbol id="sm-47f">
         <name>_read</name>
         <value>0x219b</value>
         <object_component_ref idref="oc-10e"/>
      </symbol>
      <symbol id="sm-480">
         <name>_unlink</name>
         <value>0x20d9</value>
         <object_component_ref idref="oc-10e"/>
      </symbol>
      <symbol id="sm-481">
         <name>_remove_device</name>
         <value>0x2165</value>
         <object_component_ref idref="oc-10e"/>
      </symbol>
      <symbol id="sm-482">
         <name>_open</name>
         <value>0x2249</value>
         <object_component_ref idref="oc-10e"/>
      </symbol>
      <symbol id="sm-483">
         <name>_find_registered_device</name>
         <value>0x236e</value>
         <object_component_ref idref="oc-10e"/>
      </symbol>
      <symbol id="sm-484">
         <name>_lseek</name>
         <value>0x2308</value>
         <object_component_ref idref="oc-10e"/>
      </symbol>
      <symbol id="sm-485">
         <name>_close</name>
         <value>0x2377</value>
         <object_component_ref idref="oc-10e"/>
      </symbol>
      <symbol id="sm-486">
         <name>_write</name>
         <value>0x1f97</value>
         <object_component_ref idref="oc-10e"/>
      </symbol>
      <symbol id="sm-490">
         <name>_ltoa</name>
         <value>0x65ee</value>
         <object_component_ref idref="oc-114"/>
      </symbol>
      <symbol id="sm-49b">
         <name>_memccpy</name>
         <value>0x70a2</value>
         <object_component_ref idref="oc-118"/>
      </symbol>
      <symbol id="sm-4a3">
         <name>_memcpy</name>
         <value>0x6ef6</value>
         <object_component_ref idref="oc-11c"/>
      </symbol>
      <symbol id="sm-4ad">
         <name>__negd</name>
         <value>0x71aa</value>
         <object_component_ref idref="oc-120"/>
      </symbol>
      <symbol id="sm-4b7">
         <name>__remli</name>
         <value>0x6e63</value>
         <object_component_ref idref="oc-124"/>
      </symbol>
      <symbol id="sm-4c2">
         <name>__remul</name>
         <value>0x6842</value>
         <object_component_ref idref="oc-128"/>
      </symbol>
      <symbol id="sm-4cc">
         <name>__subd</name>
         <value>0x714c</value>
         <object_component_ref idref="oc-12c"/>
      </symbol>
      <symbol id="sm-4d8">
         <name>_HOSTopen</name>
         <value>0x27e5</value>
         <object_component_ref idref="oc-130"/>
      </symbol>
      <symbol id="sm-4d9">
         <name>_HOSTread</name>
         <value>0x2758</value>
         <object_component_ref idref="oc-130"/>
      </symbol>
      <symbol id="sm-4da">
         <name>_HOSTtime</name>
         <value>0x264c</value>
         <object_component_ref idref="oc-130"/>
      </symbol>
      <symbol id="sm-4db">
         <name>_getenv</name>
         <value>0x24da</value>
         <object_component_ref idref="oc-130"/>
      </symbol>
      <symbol id="sm-4dc">
         <name>_HOSTrename</name>
         <value>0x26aa</value>
         <object_component_ref idref="oc-130"/>
      </symbol>
      <symbol id="sm-4dd">
         <name>_HOSTclock</name>
         <value>0x29a4</value>
         <object_component_ref idref="oc-130"/>
      </symbol>
      <symbol id="sm-4de">
         <name>_HOSTwrite</name>
         <value>0x2555</value>
         <object_component_ref idref="oc-130"/>
      </symbol>
      <symbol id="sm-4df">
         <name>_HOSTlseek</name>
         <value>0x2884</value>
         <object_component_ref idref="oc-130"/>
      </symbol>
      <symbol id="sm-4e0">
         <name>_HOSTunlink</name>
         <value>0x25e2</value>
         <object_component_ref idref="oc-130"/>
      </symbol>
      <symbol id="sm-4e1">
         <name>_HOSTclose</name>
         <value>0x2939</value>
         <object_component_ref idref="oc-130"/>
      </symbol>
      <symbol id="sm-4f3">
         <name>C$$IO$$</name>
         <value>0x62eb</value>
         <object_component_ref idref="oc-138"/>
      </symbol>
      <symbol id="sm-4f4">
         <name>__CIOBUF_</name>
         <value>0x16a80</value>
         <object_component_ref idref="oc-137"/>
      </symbol>
      <symbol id="sm-4f5">
         <name>_readmsg</name>
         <value>0x6a71</value>
         <object_component_ref idref="oc-135"/>
      </symbol>
      <symbol id="sm-4f6">
         <name>_writemsg</name>
         <value>0x6236</value>
         <object_component_ref idref="oc-138"/>
      </symbol>
      <symbol id="sm-4fe">
         <name>__remu</name>
         <value>0x708d</value>
         <object_component_ref idref="oc-13b"/>
      </symbol>
      <symbol id="sm-4ff">
         <name>__divu</name>
         <value>0x7078</value>
         <object_component_ref idref="oc-13b"/>
      </symbol>
      <symbol id="sm-500">
         <name>I$$UMOD</name>
         <value>0x708d</value>
         <object_component_ref idref="oc-13b"/>
      </symbol>
      <symbol id="sm-501">
         <name>I$$UDIV</name>
         <value>0x7078</value>
         <object_component_ref idref="oc-13b"/>
      </symbol>
      <symbol id="sm-50b">
         <name>__rd_ok</name>
         <value>0x5f8c</value>
         <object_component_ref idref="oc-13f"/>
      </symbol>
      <symbol id="sm-50c">
         <name>__wrt_ok</name>
         <value>0x5f0c</value>
         <object_component_ref idref="oc-13f"/>
      </symbol>
      <symbol id="sm-516">
         <name>__addd</name>
         <value>0x44d3</value>
         <object_component_ref idref="oc-143"/>
      </symbol>
      <symbol id="sm-520">
         <name>__divli</name>
         <value>0x6eae</value>
         <object_component_ref idref="oc-147"/>
      </symbol>
      <symbol id="sm-52a">
         <name>__doflush</name>
         <value>0x60b7</value>
         <object_component_ref idref="oc-14b"/>
      </symbol>
      <symbol id="sm-52b">
         <name>_fflush</name>
         <value>0x6120</value>
         <object_component_ref idref="oc-14b"/>
      </symbol>
      <symbol id="sm-535">
         <name>_fseek</name>
         <value>0x6ade</value>
         <object_component_ref idref="oc-14f"/>
      </symbol>
      <symbol id="sm-53f">
         <name>_setvbuf</name>
         <value>0x5e26</value>
         <object_component_ref idref="oc-153"/>
      </symbol>
      <symbol id="sm-54e">
         <name>__cleanup</name>
         <value>0x3eb6</value>
         <object_component_ref idref="oc-157"/>
      </symbol>
      <symbol id="sm-54f">
         <name>_fopen</name>
         <value>0x3fd9</value>
         <object_component_ref idref="oc-157"/>
      </symbol>
      <symbol id="sm-550">
         <name>_freopen</name>
         <value>0x3f10</value>
         <object_component_ref idref="oc-157"/>
      </symbol>
      <symbol id="sm-560">
         <name>__sys_memory</name>
         <value>0x16280</value>
         <object_component_ref idref="oc-161"/>
      </symbol>
      <symbol id="sm-561">
         <name>_chkheap</name>
         <value>0x2e89</value>
         <object_component_ref idref="oc-15d"/>
      </symbol>
      <symbol id="sm-562">
         <name>_realloc</name>
         <value>0x2c28</value>
         <object_component_ref idref="oc-15d"/>
      </symbol>
      <symbol id="sm-563">
         <name>_free_memory</name>
         <value>0x2e33</value>
         <object_component_ref idref="oc-15d"/>
      </symbol>
      <symbol id="sm-564">
         <name>_max_free</name>
         <value>0x2dd9</value>
         <object_component_ref idref="oc-15d"/>
      </symbol>
      <symbol id="sm-565">
         <name>_free</name>
         <value>0x2a02</value>
         <object_component_ref idref="oc-15d"/>
      </symbol>
      <symbol id="sm-566">
         <name>_calloc</name>
         <value>0x2e91</value>
         <object_component_ref idref="oc-15d"/>
      </symbol>
      <symbol id="sm-567">
         <name>_malloc</name>
         <value>0x2b33</value>
         <object_component_ref idref="oc-15d"/>
      </symbol>
      <symbol id="sm-568">
         <name>_minit</name>
         <value>0x2ace</value>
         <object_component_ref idref="oc-15d"/>
      </symbol>
      <symbol id="sm-572">
         <name>_fclose</name>
         <value>0x666b</value>
         <object_component_ref idref="oc-164"/>
      </symbol>
      <symbol id="sm-57c">
         <name>_remove</name>
         <value>0x7210</value>
         <object_component_ref idref="oc-168"/>
      </symbol>
   </symbol_table>
</link_info>
