******************************************************************************
              TMS320C55x Linker PC v4.4.1                      
******************************************************************************
>> Linked Sat Dec 13 20:33:24 2025

OUTPUT FILE NAME:   <Project.out>
ENTRY POINT SYMBOL: "_c_int00"  address: 0000701a


MEMORY CONFIGURATION

         name            origin    length      used     unused   attr    fill
                        (bytes)   (bytes)    (bytes)   (bytes)
----------------------  --------  ---------  --------  --------  ----  --------
PAGE 0:
  MMR                   00000000   000000c0  00000000  000000c0  RWIX
  BTRSVD                000000c0   00000240  00000000  00000240  RWIX
  DARAM                 00000300   0000fb00  00009260  000068a0  RWIX
  VECS                  0000fe00   00000200  00000200  00000000  RWIX
  CE0                   00010000   003f0000  00006ca2  003e935e  RWIX
  CE1                   00400000   00400000  00000000  00400000  RWIX
  CE2                   00800000   00400000  00000000  00400000  RWIX
  CE3                   00c00000   003f8000  00000000  003f8000  RWIX
  PDROM                 00ff8000   00008000  00000000  00008000  R IX

PAGE 2:
  IOPORT                00000000   00020000  00000000  00020000  RWI 


SECTION ALLOCATION MAP
(Addresses surrounded by []'s are displayed for convenience only!)

output                                                          attributes/
section   page  orgn(bytes) orgn(words) len(bytes) len(words)   input sections
--------  ----  ----------- ----------- ---------- ----------   --------------
.text        0     00000300  [ 00000180 ] 00006f28          *   
                   00000300  [ 00000180 ] 000015a4          *   rts55x.lib : _printfi.obj (.text)
                   000018a4  [ 00000c52 ] 000006f3          *   effect.obj (.text)
                   00001f97  [ 00000fcb+] 00000543          *   rts55x.lib : lowlev.obj (.text)
                   000024da  [ 0000126d ] 00000528          *              : trgdrv.obj (.text)
                   00002a02  [ 00001501 ] 000004b5          *              : memory.obj (.text)
                   00002eb7  [ 0000175b+] 000004b2          *   LCD.obj (.text)
                   00003369  [ 000019b4+] 000003cc          *   rts55x.lib : divd.obj (.text)
                   00003735  [ 00001b9a+] 0000038e          *   dma.obj (.text:retain)
                   00003ac3  [ 00001d61+] 000002d2          *   exemplo_uso.obj (.text)
                   00003d95  [ 00001eca+] 0000027f          *   rts55x.lib : fopen.obj (.text)
                   00004014  [ 0000200a ] 00000261          *   csl5502x.lib : mcbsp_rst.obj (.text:MCBSP_reset)
                   00004275  [ 0000213a+] 0000025e          *   rts55x.lib : llmpy.obj (.text)
                   000044d3  [ 00002269+] 0000025a          *              : addd.obj (.text)
                   0000472d  [ 00002396+] 0000020c          *   ezdsp5502_gpio.obj (.text)
                   00004939  [ 0000249c+] 000001ea          *   rts55x.lib : cmpd.obj (.text)
                   00004b23  [ 00002591+] 000001e9          *   aic3204_init.obj (.text)
                   00004d0c  [ 00002686 ] 000001e3          *   effect_dma.obj (.text)
                   00004eef  [ 00002777 ] 00000001          *   --HOLE-- [fill = 20]
                   00004ef0  [ 00002778 ] 000001ca          *   csl5502x.lib : dma_reset.obj (.text:DMA_reset)
                   000050ba  [ 0000285d ] 000001c8          *   dma.obj (.text)
                   00005282  [ 00002941 ] 00000002          *   rts55x.lib : vectors.obj (.text)
                   00005284  [ 00002942 ] 0000018e          *   csl5502x.lib : i2c_write.obj (.text:I2C_write)
                   00005412  [ 00002a09 ] 0000018b          *   lcd.obj (.text)
                   0000559d  [ 00002ace+] 00000163          *   rts55x.lib : fputs.obj (.text)
                   00005700  [ 00002b80 ] 0000015d          *   csl5502x.lib : i2c_read.obj (.text:I2C_read)
                   0000585d  [ 00002c2e+] 0000014e          *   ezdsp5502_i2cgpio.obj (.text)
                   000059ab  [ 00002cd5+] 0000014c          *   rts55x.lib : mpyd.obj (.text)
                   00005af7  [ 00002d7b ] 00000001          *   --HOLE-- [fill = 20]
                   00005af8  [ 00002d7c ] 00000130          *   csl5502x.lib : mcbsp_cfg.obj (.text:MCBSP_config)
                   00005c28  [ 00002e14 ] 0000010e          *                : dma_cfg.obj (.text:DMA_config)
                   00005d36  [ 00002e9b ] 00000002          *   vectors_dma4.obj (.text)
                   00005d38  [ 00002e9c ] 000000ee          *   csl5502x.lib : mcbsp_open.obj (.text:MCBSP_open)
                   00005e26  [ 00002f13 ] 000000e6          *   rts55x.lib : setvbuf.obj (.text)
                   00005f0c  [ 00002f86 ] 000000dd          *              : _io_perm.obj (.text)
                   00005fe9  [ 00002ff4 ] 00000003          *   --HOLE-- [fill = 20]
                   00005fec  [ 00002ff6 ] 000000cb          *   csl5502x.lib : dma_open.obj (.text:DMA_open)
                   000060b7  [ 0000305b+] 000000c2          *   rts55x.lib : fflush.obj (.text)
                   00006179  [ 000030bc+] 000000bd          *   ezdsp5502_mcbsp.obj (.text)
                   00006236  [ 0000311b ] 000000ba          *   rts55x.lib : trgmsg.obj (.text:CIO_breakpoint)
                   000062f0  [ 00003178 ] 000000ab          *   aic.obj (.text)
                   0000639b  [ 000031cd+] 000000a6          *   rts55x.lib : fputc.obj (.text)
                   00006441  [ 00003220+] 000000a1          *              : divul.obj (.text)
                   000064e2  [ 00003271 ] 00000089          *   csl5502x.lib : irq_pluga.obj (.text)
                   0000656b  [ 000032b5 ] 00000001          *   --HOLE-- [fill = 20]
                   0000656c  [ 000032b6 ] 00000082          *                : mcbsp_start.obj (.text:MCBSP_start)
                   000065ee  [ 000032f7 ] 0000007d          *   rts55x.lib : ltoa.obj (.text)
                   0000666b  [ 00003335+] 0000007b          *              : fclose.obj (.text)
                   000066e6  [ 00003373 ] 00000076          *              : frcmpyd.obj (.text)
                   0000675c  [ 000033ae ] 00000073          *              : frcmpyd_div.obj (.text)
                   000067cf  [ 000033e7 ] 00000001          *   --HOLE-- [fill = 20]
                   000067d0  [ 000033e8 ] 00000072          *   csl5502x.lib : i2c_cfg.obj (.text:I2C_config)
                   00006842  [ 00003421 ] 00000072          *   rts55x.lib : remul.obj (.text)
                   000068b4  [ 0000345a ] 00000072          *   state_machine.obj (.text)
                   00006926  [ 00003493 ] 0000006f          *   ezdsp5502.obj (.text)
                   00006995  [ 000034ca+] 0000006f          *   rts55x.lib : fixdli.obj (.text)
                   00006a04  [ 00003502 ] 0000006d          *   ezdsp5502_i2c.obj (.text)
                   00006a71  [ 00003538+] 0000006d          *   rts55x.lib : trgmsg.obj (.text)
                   00006ade  [ 0000356f ] 0000006b          *              : fseek.obj (.text)
                   00006b49  [ 000035a4 ] 00000003          *   --HOLE-- [fill = 20]
                   00006b4c  [ 000035a6 ] 00000068          *   csl5502x.lib : irq_enab.obj (.text:IRQ_enable)
                   00006bb4  [ 000035da ] 00000067          *   rts55x.lib : fltlid.obj (.text)
                   00006c1b  [ 0000360d+] 00000062          *   state_running.obj (.text)
                   00006c7d  [ 0000363e+] 0000005c          *   rts55x.lib : atoi.obj (.text)
                   00006cd9  [ 0000366c+] 00000052          *   state_initial.obj (.text)
                   00006d2b  [ 00003695+] 00000050          *   rts55x.lib : printf.obj (.text)
                   00006d7b  [ 000036bd ] 00000001          *   --HOLE-- [fill = 20]
                   00006d7c  [ 000036be ] 0000004f          *   csl5502x.lib : gpio_open.obj (.text:GPIO_open)
                   00006dcb  [ 000036e5+] 0000004d          *   rts55x.lib : autoinit.obj (.text)
                   00006e18  [ 0000370c ] 0000004b          *              : args_main.obj (.text)
                   00006e63  [ 00003731+] 0000004b          *              : remli.obj (.text)
                   00006eae  [ 00003757 ] 00000048          *              : divli.obj (.text)
                   00006ef6  [ 0000377b ] 0000003f          *              : memcpy.obj (.text)
                   00006f35  [ 0000379a+] 0000003e          *              : exit.obj (.text)
                   00006f73  [ 000037b9 ] 00000001          *   --HOLE-- [fill = 20]
                   00006f74  [ 000037ba ] 00000037          *   csl5502x.lib : irq_clear.obj (.text:IRQ_clear)
                   00006fab  [ 000037d5 ] 00000001          *   --HOLE-- [fill = 20]
                   00006fac  [ 000037d6 ] 00000037          *                : irq_setvecs.obj (.text:IRQ_setVecs)
                   00006fe3  [ 000037f1 ] 00000001          *   --HOLE-- [fill = 20]
                   00006fe4  [ 000037f2 ] 00000036          *                : mcbsp_cls.obj (.text:MCBSP_close)
                   0000701a  [ 0000380d ] 00000034          *   rts55x.lib : boot.obj (.text)
                   0000704e  [ 00003827 ] 0000002a          *              : fixdi.obj (.text)
                   00007078  [ 0000383c ] 0000002a          *              : udiv.obj (.text)
                   000070a2  [ 00003851 ] 00000023          *              : memccpy.obj (.text)
                   000070c5  [ 00003862 ] 00000003          *   --HOLE-- [fill = 20]
                   000070c8  [ 00003864 ] 0000001f          *   csl5502x.lib : gpio_dir.obj (.text:GPIO_pinDirection)
                   000070e7  [ 00003873 ] 00000001          *   --HOLE-- [fill = 20]
                   000070e8  [ 00003874 ] 0000001f          *                : gpio_write.obj (.text:GPIO_pinWrite)
                   00007107  [ 00003883+] 0000001a          *   rts55x.lib : isinf.obj (.text)
                   00007121  [ 00003890 ] 00000003          *   --HOLE-- [fill = 20]
                   00007124  [ 00003892 ] 00000014          *   csl5502x.lib : gpio_read.obj (.text:GPIO_pinRead)
                   00007138  [ 0000389c ] 00000014          *                : mcbsp_r32.obj (.text:MCBSP_read32)
                   0000714c  [ 000038a6 ] 00000014          *   rts55x.lib : subd.obj (.text)
                   00007160  [ 000038b0 ] 00000013          *   csl5502x.lib : gpio_enab.obj (.text:GPIO_pinEnable)
                   00007173  [ 000038b9+] 00000013          *   rts55x.lib : lmpy.obj (.text)
                   00007186  [ 000038c3 ] 00000012          *   main.obj (.text)
                   00007198  [ 000038cc ] 00000012          *   rts55x.lib : _lock.obj (.text)
                   000071aa  [ 000038d5 ] 00000010          *              : negd.obj (.text)
                   000071ba  [ 000038dd ] 00000002          *   --HOLE-- [fill = 20]
                   000071bc  [ 000038de ] 0000000f          *   csl5502x.lib : irq_gdisab.obj (.text:IRQ_globalDisable)
                   000071cb  [ 000038e5 ] 00000001          *   --HOLE-- [fill = 20]
                   000071cc  [ 000038e6 ] 0000000f          *                : irq_genab.obj (.text:IRQ_globalEnable)
                   000071db  [ 000038ed ] 00000001          *   --HOLE-- [fill = 20]
                   000071dc  [ 000038ee ] 0000000d          *                : _csl_init.obj (.text:_CSL_init)
                   000071e9  [ 000038f4 ] 00000003          *   --HOLE-- [fill = 20]
                   000071ec  [ 000038f6 ] 0000000c          *                : csl.obj (.text:CSL_init)
                   000071f8  [ 000038fc ] 0000000c          *                : irq_grest.obj (.text:IRQ_globalRestore)
                   00007204  [ 00003902 ] 0000000c          *                : mcbsp_w32.obj (.text:MCBSP_write32)
                   00007210  [ 00003908 ] 0000000a          *   rts55x.lib : remove.obj (.text)
                   0000721a  [ 0000390d ] 00000007          *              : exit.obj (.text:CIO_breakpoint)
                   00007221  [ 00003910 ] 00000003          *   --HOLE-- [fill = 20]
                   00007224  [ 00003912 ] 00000002          *   csl5502x.lib : csl.obj (.text)
                   00007226  [ 00003913 ] 00000002          *   --HOLE-- [fill = 20]

.data        0   [ 00000300 ]  00000180          *   00000000   

.pinit       0   [ 00000300 ]  00000180          *   00000000   

.stack       0   [ 00007240 ]  00003920          *   00000400   
                 [ 00007240 ]  00003920          *   00000400   --HOLE-- [fill = 00]

dmaMem       0   [ 00007a40 ]  00003d20          *   00000400   
                 [ 00007a40 ]  00003d20          *   00000400   dma.obj (dmaMem) [fill = 00]

.bss         0   [ 00008240 ]  00004120          *   000002fc   
                 [ 00008240 ]  00004120          *   00000119   rts55x.lib : defs.obj (.bss) [fill = 00]
                 [ 00008472 ]  00004239          *   000000d0              : trgdrv.obj (.bss) [fill = 00]
                 [ 00008612 ]  00004309          *   00000001              : fopen.obj (.bss) [fill = 00]
                 [ 00008614 ]  0000430a          *   00000071              : lowlev.obj (.bss) [fill = 00]
                 [ 000086f6 ]  0000437b          *   00000001   --HOLE-- [fill = 00]
                 [ 000086f8 ]  0000437c          *   00000048   effect_dma.obj (.bss) [fill = 00]
                 [ 00008788 ]  000043c4          *   0000003e   dma.obj (.bss) [fill = 00]
                 [ 00008804 ]  00004402          *   00000008   ezdsp5502_gpio.obj (.bss) [fill = 00]
                 [ 00008814 ]  0000440a          *   00000006   rts55x.lib : memory.obj (.bss) [fill = 00]
                 [ 00008820 ]  00004410          *   00000004              : _lock.obj (.bss) [fill = 00]
                 [ 00008828 ]  00004414          *   00000004              : exit.obj (.bss) [fill = 00]
                 [ 00008830 ]  00004418          *   00000002   ezdsp5502_mcbsp.obj (.bss) [fill = 00]
                 [ 00008834 ]  0000441a          *   00000002   state_machine.obj (.bss) [fill = 00]

.sysstack 
*            0   [ 00008840 ]  00004420          *   00000200   
                 [ 00008840 ]  00004420          *   00000200   --HOLE-- [fill = 00]

.cinit       0   [ 00008c40 ]  00004620          *   000001f6   
                 [ 00008c40 ]  00004620          *   00000081   csl5502x.lib : csl_dmadat.obj (.cinit)
                 [ 00008d42 ]  000046a1          *   00000069                : csl_mcbspdat.obj (.cinit)
                 [ 00008e14 ]  0000470a          *   00000048   dma.obj (.cinit)
                 [ 00008ea4 ]  00004752          *   0000002d   rts55x.lib : lowlev.obj (.cinit)
                 [ 00008efe ]  0000477f          *   0000002a              : defs.obj (.cinit)
                 [ 00008f52 ]  000047a9          *   00000025   csl5502x.lib : csl_csldat.obj (.cinit)
                 [ 00008f9c ]  000047ce          *   00000023                : csl_gpiodat.obj (.cinit)
                 [ 00008fe2 ]  000047f1          *   0000000a   rts55x.lib : _lock.obj (.cinit)
                 [ 00008ff6 ]  000047fb          *   0000000a              : exit.obj (.cinit)
                 [ 0000900a ]  00004805          *   00000008   state_machine.obj (.cinit)
                 [ 0000901a ]  0000480d          *   00000004   rts55x.lib : fopen.obj (.cinit)
                 [ 00009022 ]  00004811          *   00000004              : memory.obj (.cinit)
                 [ 0000902a ]  00004815          *   00000001   --HOLE-- [fill = 0]

.const       0   [ 00009040 ]  00004820          *   00000184   
                 [ 00009040 ]  00004820          *   00000101   rts55x.lib : ctype.obj (.const:__ctypes_)
                 [ 00009242 ]  00004921          *   00000001   --HOLE-- [fill = 00]
                 [ 00009244 ]  00004922          *   00000024              : _printfi.obj (.const:.string)
                 [ 0000928c ]  00004946          *   0000001b   ezdsp5502_mcbsp.obj (.const:_$P$T0$1)
                 [ 000092c2 ]  00004961          *   00000001   --HOLE-- [fill = 00]
                 [ 000092c4 ]  00004962          *   0000000d   state_initial.obj (.const:.string)
                 [ 000092de ]  0000496f          *   00000001   --HOLE-- [fill = 00]
                 [ 000092e0 ]  00004970          *   0000000c   rts55x.lib : _printfi.obj (.const)
                 [ 000092f8 ]  0000497c          *   0000000a   ezdsp5502_i2c.obj (.const:_$P$T0$1)
                 [ 0000930c ]  00004986          *   0000000a   effect.obj (.const)
                 [ 00009320 ]  00004990          *   00000008   rts55x.lib : divd.obj (.const:_initial_approx$1)
                 [ 00009330 ]  00004998          *   00000008   state_running.obj (.const)
                 [ 00009340 ]  000049a0          *   00000002   rts55x.lib : fputs.obj (.const:.string)
                 [ 00009344 ]  000049a2          *   00000002              : fltlid.obj (.const)

.csldata     0   [ 00009360 ]  000049b0          *   00000126   
                 [ 00009360 ]  000049b0          *   0000007e   csl5502x.lib : csl_dmadat.obj (.csldata:DMA_data) [fill = 00]
                 [ 0000945c ]  00004a2e          *   00000066                : csl_mcbspdat.obj (.csldata:MCBSP_data) [fill = 00]
                 [ 00009528 ]  00004a94          *   00000022                : csl_csldat.obj (.csldata:SYS_data) [fill = 00]
                 [ 0000956c ]  00004ab6          *   00000020                : csl_gpiodat.obj (.csldata:GPIO_data) [fill = 00]

.vectors     0     0000fe00  [ 00007f00 ] 00000100          *   
                   0000fe00  [ 00007f00 ] 00000100          *   vectors_dma4.obj (.vectors)

vectors      0     0000ff00  [ 00007f80 ] 00000100          *   
                   0000ff00  [ 00007f80 ] 00000100          *   rts55x.lib : vectors.obj (vectors)

.reverbMem 
*            0   [ 00010000 ]  00008000          *   00003131   
                 [ 00010000 ]  00008000          *   00003131   effect.obj (.reverbMem) [fill = 00]

.sysmem      0   [ 00016280 ]  0000b140          *   00000400   UNINITIALIZED
                 [ 00016280 ]  0000b140          *   00000400   --HOLE--

.cio         0   [ 00016a80 ]  0000b540          *   00000120   
                 [ 00016a80 ]  0000b540          *   00000120   rts55x.lib : trgmsg.obj (.cio) [fill = 00]


GLOBAL SYMBOLS: SORTED ALPHABETICALLY BY Name 

abs. value/
byte addr   word addr   name
---------   ---------   ----
00000002                $TI_capability$C5500$CallingConvention
00000002                $TI_capability$C5500$MemoryModel
00000001                $TI_capability_requires_rev2
            00004120    .bss
            00000180    .data
00000300                .text
0000721b                C$$EXIT
000062eb                C$$IO$$
00007173                I$$LMPY
00007078                I$$UDIV
0000708d                I$$UMOD
000062f0                _AIC3204_rget
0000633d                _AIC3204_rset
00007224                _CSL5502_LIB_
            000049b0    _CSL_DmaData
            00004ab6    _CSL_GpioData
            00004a2e    _CSL_McbspData
            00004a94    _CSL_SysData
000071ec                _CSL_init
00005c28                _DMA_config
00005fec                _DMA_open
00004ef0                _DMA_reset
000048be                _EZDSP5502_GPIO_getInput
0000472d                _EZDSP5502_GPIO_init
000047c4                _EZDSP5502_GPIO_setDirection
00004841                _EZDSP5502_GPIO_setOutput
0000585d                _EZDSP5502_I2CGPIO_configLine
00005934                _EZDSP5502_I2CGPIO_read
000058b0                _EZDSP5502_I2CGPIO_readLine
00005981                _EZDSP5502_I2CGPIO_write
000058e1                _EZDSP5502_I2CGPIO_writeLine
00006a04                _EZDSP5502_I2C_init
00006a4d                _EZDSP5502_I2C_read
00006a21                _EZDSP5502_I2C_reset
00006a2b                _EZDSP5502_I2C_write
000061bd                _EZDSP5502_MCBSP_close
00006179                _EZDSP5502_MCBSP_init
00006201                _EZDSP5502_MCBSP_read
000061cf                _EZDSP5502_MCBSP_write
0000697c                _EZDSP5502_init
00006936                _EZDSP5502_wait
0000696a                _EZDSP5502_waitusec
00006d7c                _GPIO_open
000070c8                _GPIO_pinDirection
00007160                _GPIO_pinEnable
00007124                _GPIO_pinRead
000070e8                _GPIO_pinWrite
000029a4                _HOSTclock
00002939                _HOSTclose
00002884                _HOSTlseek
000027e5                _HOSTopen
00002758                _HOSTread
000026aa                _HOSTrename
0000264c                _HOSTtime
000025e2                _HOSTunlink
00002555                _HOSTwrite
000067d0                _I2C_config
00005700                _I2C_read
00005284                _I2C_write
00006f74                _IRQ_clear
00006b4c                _IRQ_enable
000071bc                _IRQ_globalDisable
000071cc                _IRQ_globalEnable
000071f8                _IRQ_globalRestore
000064e2                _IRQ_plug
00006fac                _IRQ_setVecs
00006fe4                _MCBSP_close
00005af8                _MCBSP_config
00005d38                _MCBSP_open
00007138                _MCBSP_read32
00004014                _MCBSP_reset
0000656c                _MCBSP_start
00007204                _MCBSP_write32
0000ff00                _Reset
00004d63                _Reverb_initDMA
00004e49                _Reverb_processIfReady
0000fe00                _VECSTART
            0000b540    __CIOBUF_
000071dc                __CSL_init
            00003d20    __STACK_END
00000800                __STACK_SIZE
00000800                __SYSMEM_SIZE
00000400                __SYSSTACK_SIZE
00000001                __TI_args_main
ffffffff                ___binit__
            00004120    ___bss__
ffffffff                ___c_args__
            00004620    ___cinit__
            00000180    ___data__
            00000180    ___edata__
            0000441c    ___end__
00007228                ___etext__
00007107                ___isinf
ffffffff                ___pinit__
00000300                ___text__
000044d3                __addd
00006e18                __args_main
00003eb6                __cleanup
            00004414    __cleanup_ptr
00004acb                __cmpd
            00004820    __ctypes_
00003369                __divd
00006eae                __divli
0000449e                __divlli
00007078                __divu
00006441                __divul
000043aa                __divull
000060b7                __doflush
            00004416    __dtors_ptr
00004a97                __eqld
0000704e                __fixdi
00006995                __fixdli
00006bb4                __fltlid
000066e6                __frcmpyd
0000675c                __frcmpyd_div
            00004238    __ft_end
            00004120    __ftable
00004a4d                __geqd
00004a02                __gtrd
000049b5                __leqd
            00004410    __lock
0000496d                __lssd
000059ab                __mpyd
00007173                __mpyli
000042f2                __mpylli
000071aa                __negd
00004939                __neqd
000071a8                __nop
00001662                __printfi
00005f8c                __rd_ok
000071a0                __register_lock
00007198                __register_unlock
00006e63                __remli
000042c3                __remlli
0000708d                __remu
00006842                __remul
00004275                __remull
            00003920    __stack
0000714c                __subd
            0000b140    __sys_memory
            00004420    __sysstack
            00004198    __tmpnams
            00004412    __unlock
00005f0c                __wrt_ok
0000721a                _abort
000023ea                _add_device
00006367                _aic3204_INIT
00004b23                _aic3204_init
            00004418    _aicMcbsp
00006c7d                _atoi
00006dcb                _auto_init
0000701a                _c_int00
00002e91                _calloc
00002e89                _chkheap
00002377                _close
            000043c4    _currentRxBuf
            000043c5    _currentTxBuf
            000043ca    _dmaRcvConfig
            000043fe    _dmaRcvCount
000038fc                _dmaRcvIsr
            000043dc    _dmaXmtConfig
            00004400    _dmaXmtCount
00003735                _dmaXmtIsr
000050f8                _dma_init
            000043fb    _dstAddrHi
            000043fc    _dstAddrLo
            000043f5    _err
00006f35                _exit
0000666b                _fclose
00006120                _fflush
0000236e                _find_registered_device
00003fd9                _fopen
0000639b                _fputc
0000559d                _fputs
00002a02                _free
00002e33                _free_memory
00003f10                _freopen
00006ade                _fseek
000024da                _getenv
            000043ee    _hDmaRcv
            000043f0    _hDmaXmt
            00004402    _hGPIO_group0
            00004404    _hGPIO_group1
            00004406    _hGPIO_group2
            00004408    _hGPIO_group3
            000043f2    _hMcbsp
00002eb7                _initial_lcd
00002308                _lseek
000065ee                _ltoa
00007186                _main
00002b33                _malloc
00002dd9                _max_free
000070a2                _memccpy
00006ef6                _memcpy
00002ace                _minit
            000043f6    _old_intm
00003ac3                _oled_test
00002249                _open
00005412                _osd9616_init
00005512                _osd9616_multiSend
000054f2                _osd9616_send
            0000441b    _previous
00005560                _printLetter
00006d2b                _printf
0000639b                _putc
00006432                _putchar
000056d2                _puts
            000043f8    _rcvEventId
            00003f20    _rcvPing
            00004020    _rcvPong
0000219b                _read
00006a71                _readmsg
00002c28                _realloc
00007210                _remove
00002165                _remove_device
0000210c                _rename
00001ac3                _reverb_init
00001e81                _reverb_process
00001f49                _reverb_process_block
00003110                _running_lcd
            000043c6    _rxBufReady
00005e26                _setvbuf
            000043f9    _srcAddrHi
            000043fa    _srcAddrLo
            0000441a    _state
00006cd9                _state_initial
00006d21                _state_initial_enter
000068b4                _state_machine
00006c1b                _state_running
00006c54                _state_running_enter
0000510d                _taskFxn
            000043f4    _transferComplete
            000043c8    _txBufEmpty
000020d9                _unlink
00001f97                _write
00006236                _writemsg
            000043f7    _xmtEventId
            00003d20    _xmtPing
            00003e20    _xmtPong
ffffffff                binit
            00004620    cinit
            00000180    edata
            0000441c    end
00007228                etext
0000fe10                int0
0000fe18                int1
0000fe60                int10
0000fe68                int11
0000fe70                int12
0000fe78                int13
0000fe80                int14
0000fe88                int15
0000fe90                int16
0000fe98                int17
0000fea0                int18
0000fea8                int19
0000fe20                int2
0000feb0                int20
0000feb8                int21
0000fec0                int22
0000fec8                int23
0000fed0                int24
0000fed8                int25
0000fee0                int26
0000fee8                int27
0000fef0                int28
0000fef8                int29
0000fe28                int3
0000fe30                int4
0000fe38                int5
0000fe40                int6
0000fe48                int7
0000fe50                int8
0000fe58                int9
0000fe08                nmi
00005d36                no_isr
ffffffff                pinit


GLOBAL SYMBOLS: SORTED BY Symbol Address 

abs. value/
byte addr   word addr   name
---------   ---------   ----
00000001                $TI_capability_requires_rev2
00000001                __TI_args_main
00000002                $TI_capability$C5500$CallingConvention
00000002                $TI_capability$C5500$MemoryModel
            00000180    .data
00000300                .text
            00000180    ___data__
            00000180    ___edata__
00000300                ___text__
            00000180    edata
00000400                __SYSSTACK_SIZE
00000800                __STACK_SIZE
00000800                __SYSMEM_SIZE
00001662                __printfi
00001ac3                _reverb_init
00001e81                _reverb_process
00001f49                _reverb_process_block
00001f97                _write
000020d9                _unlink
0000210c                _rename
00002165                _remove_device
0000219b                _read
00002249                _open
00002308                _lseek
0000236e                _find_registered_device
00002377                _close
000023ea                _add_device
000024da                _getenv
00002555                _HOSTwrite
000025e2                _HOSTunlink
0000264c                _HOSTtime
000026aa                _HOSTrename
00002758                _HOSTread
000027e5                _HOSTopen
00002884                _HOSTlseek
00002939                _HOSTclose
000029a4                _HOSTclock
00002a02                _free
00002ace                _minit
00002b33                _malloc
00002c28                _realloc
00002dd9                _max_free
00002e33                _free_memory
00002e89                _chkheap
00002e91                _calloc
00002eb7                _initial_lcd
00003110                _running_lcd
00003369                __divd
00003735                _dmaXmtIsr
000038fc                _dmaRcvIsr
00003ac3                _oled_test
00003eb6                __cleanup
00003f10                _freopen
00003fd9                _fopen
00004014                _MCBSP_reset
00004275                __remull
000042c3                __remlli
000042f2                __mpylli
000043aa                __divull
0000449e                __divlli
000044d3                __addd
0000472d                _EZDSP5502_GPIO_init
000047c4                _EZDSP5502_GPIO_setDirection
00004841                _EZDSP5502_GPIO_setOutput
000048be                _EZDSP5502_GPIO_getInput
00004939                __neqd
0000496d                __lssd
000049b5                __leqd
00004a02                __gtrd
00004a4d                __geqd
00004a97                __eqld
00004acb                __cmpd
00004b23                _aic3204_init
00004d63                _Reverb_initDMA
00004e49                _Reverb_processIfReady
00004ef0                _DMA_reset
000050f8                _dma_init
0000510d                _taskFxn
00005284                _I2C_write
00005412                _osd9616_init
000054f2                _osd9616_send
00005512                _osd9616_multiSend
00005560                _printLetter
0000559d                _fputs
000056d2                _puts
00005700                _I2C_read
0000585d                _EZDSP5502_I2CGPIO_configLine
000058b0                _EZDSP5502_I2CGPIO_readLine
000058e1                _EZDSP5502_I2CGPIO_writeLine
00005934                _EZDSP5502_I2CGPIO_read
00005981                _EZDSP5502_I2CGPIO_write
000059ab                __mpyd
00005af8                _MCBSP_config
00005c28                _DMA_config
00005d36                no_isr
00005d38                _MCBSP_open
00005e26                _setvbuf
00005f0c                __wrt_ok
00005f8c                __rd_ok
00005fec                _DMA_open
000060b7                __doflush
00006120                _fflush
00006179                _EZDSP5502_MCBSP_init
000061bd                _EZDSP5502_MCBSP_close
000061cf                _EZDSP5502_MCBSP_write
00006201                _EZDSP5502_MCBSP_read
00006236                _writemsg
000062eb                C$$IO$$
000062f0                _AIC3204_rget
0000633d                _AIC3204_rset
00006367                _aic3204_INIT
0000639b                _fputc
0000639b                _putc
00006432                _putchar
00006441                __divul
000064e2                _IRQ_plug
0000656c                _MCBSP_start
000065ee                _ltoa
0000666b                _fclose
000066e6                __frcmpyd
0000675c                __frcmpyd_div
000067d0                _I2C_config
00006842                __remul
000068b4                _state_machine
00006936                _EZDSP5502_wait
0000696a                _EZDSP5502_waitusec
0000697c                _EZDSP5502_init
00006995                __fixdli
00006a04                _EZDSP5502_I2C_init
00006a21                _EZDSP5502_I2C_reset
00006a2b                _EZDSP5502_I2C_write
00006a4d                _EZDSP5502_I2C_read
00006a71                _readmsg
00006ade                _fseek
00006b4c                _IRQ_enable
00006bb4                __fltlid
00006c1b                _state_running
00006c54                _state_running_enter
00006c7d                _atoi
00006cd9                _state_initial
00006d21                _state_initial_enter
00006d2b                _printf
00006d7c                _GPIO_open
00006dcb                _auto_init
00006e18                __args_main
00006e63                __remli
00006eae                __divli
00006ef6                _memcpy
00006f35                _exit
00006f74                _IRQ_clear
00006fac                _IRQ_setVecs
00006fe4                _MCBSP_close
0000701a                _c_int00
0000704e                __fixdi
00007078                I$$UDIV
00007078                __divu
0000708d                I$$UMOD
0000708d                __remu
000070a2                _memccpy
000070c8                _GPIO_pinDirection
000070e8                _GPIO_pinWrite
00007107                ___isinf
00007124                _GPIO_pinRead
00007138                _MCBSP_read32
0000714c                __subd
00007160                _GPIO_pinEnable
00007173                I$$LMPY
00007173                __mpyli
00007186                _main
00007198                __register_unlock
000071a0                __register_lock
000071a8                __nop
000071aa                __negd
000071bc                _IRQ_globalDisable
000071cc                _IRQ_globalEnable
000071dc                __CSL_init
000071ec                _CSL_init
000071f8                _IRQ_globalRestore
00007204                _MCBSP_write32
00007210                _remove
0000721a                _abort
0000721b                C$$EXIT
00007224                _CSL5502_LIB_
00007228                ___etext__
00007228                etext
            00003920    __stack
            00003d20    __STACK_END
            00003d20    _xmtPing
            00003e20    _xmtPong
            00003f20    _rcvPing
            00004020    _rcvPong
            00004120    .bss
            00004120    ___bss__
            00004120    __ftable
            00004198    __tmpnams
            00004238    __ft_end
            000043c4    _currentRxBuf
            000043c5    _currentTxBuf
            000043c6    _rxBufReady
            000043c8    _txBufEmpty
            000043ca    _dmaRcvConfig
            000043dc    _dmaXmtConfig
            000043ee    _hDmaRcv
            000043f0    _hDmaXmt
            000043f2    _hMcbsp
            000043f4    _transferComplete
            000043f5    _err
            000043f6    _old_intm
            000043f7    _xmtEventId
            000043f8    _rcvEventId
            000043f9    _srcAddrHi
            000043fa    _srcAddrLo
            000043fb    _dstAddrHi
            000043fc    _dstAddrLo
            000043fe    _dmaRcvCount
            00004400    _dmaXmtCount
            00004402    _hGPIO_group0
            00004404    _hGPIO_group1
            00004406    _hGPIO_group2
            00004408    _hGPIO_group3
            00004410    __lock
            00004412    __unlock
            00004414    __cleanup_ptr
            00004416    __dtors_ptr
            00004418    _aicMcbsp
            0000441a    _state
            0000441b    _previous
            0000441c    ___end__
            0000441c    end
            00004420    __sysstack
            00004620    ___cinit__
            00004620    cinit
            00004820    __ctypes_
            000049b0    _CSL_DmaData
            00004a2e    _CSL_McbspData
            00004a94    _CSL_SysData
            00004ab6    _CSL_GpioData
0000fe00                _VECSTART
0000fe08                nmi
0000fe10                int0
0000fe18                int1
0000fe20                int2
0000fe28                int3
0000fe30                int4
0000fe38                int5
0000fe40                int6
0000fe48                int7
0000fe50                int8
0000fe58                int9
0000fe60                int10
0000fe68                int11
0000fe70                int12
0000fe78                int13
0000fe80                int14
0000fe88                int15
0000fe90                int16
0000fe98                int17
0000fea0                int18
0000fea8                int19
0000feb0                int20
0000feb8                int21
0000fec0                int22
0000fec8                int23
0000fed0                int24
0000fed8                int25
0000fee0                int26
0000fee8                int27
0000fef0                int28
0000fef8                int29
0000ff00                _Reset
            0000b140    __sys_memory
            0000b540    __CIOBUF_
ffffffff                ___binit__
ffffffff                ___c_args__
ffffffff                ___pinit__
ffffffff                binit
ffffffff                pinit

[277 symbols]
