******************************************************************************
              TMS320C55x Linker PC v4.4.1                      
******************************************************************************
>> Linked Mon Dec 01 17:21:17 2025

OUTPUT FILE NAME:   <Project.out>
ENTRY POINT SYMBOL: "_c_int00"  address: 000077ba


MEMORY CONFIGURATION

         name            origin    length      used     unused   attr    fill
                        (bytes)   (bytes)    (bytes)   (bytes)
----------------------  --------  ---------  --------  --------  ----  --------
PAGE 0:
  MMR                   00000000   000000c0  00000000  000000c0  RWIX
  BTRSVD                000000c0   00000240  00000000  00000240  RWIX
  DARAM                 00000300   0000fb00  0000deea  00001c16  RWIX
  VECS                  0000fe00   00000200  00000200  00000000  RWIX
  CE0                   00010000   003f0000  00000000  003f0000  RWIX
  CE1                   00400000   00400000  00000000  00400000  RWIX
  CE2                   00800000   00400000  00000000  00400000  RWIX
  CE3                   00c00000   003f8000  00000000  003f8000  RWIX
  PDROM                 00ff8000   00008000  00000000  00008000  R IX

PAGE 2:
  IOPORT                00000000   00020000  00000000  00020000  RWI 


SECTION ALLOCATION MAP
(Addresses surrounded by []'s are displayed for convenience only!)

output                                                          attributes/
section   page  orgn(bytes) orgn(words) len(bytes) len(words)   input sections
--------  ----  ----------- ----------- ---------- ----------   --------------
.text        0     00000300  [ 00000180 ] 00007710          *   
                   00000300  [ 00000180 ] 000015a4          *   rts55x.lib : _printfi.obj (.text)
                   000018a4  [ 00000c52 ] 00000cbf          *   LCD.obj (.text)
                   00002563  [ 000012b1+] 00000543          *   rts55x.lib : lowlev.obj (.text)
                   00002aa6  [ 00001553 ] 00000528          *              : trgdrv.obj (.text)
                   00002fce  [ 000017e7 ] 000004b5          *              : memory.obj (.text)
                   00003483  [ 00001a41+] 000003cc          *              : divd.obj (.text)
                   0000384f  [ 00001c27+] 00000386          *   dma.obj (.text:retain)
                   00003bd5  [ 00001dea+] 000002d2          *   exemplo_uso.obj (.text)
                   00003ea7  [ 00001f53+] 0000027f          *   rts55x.lib : fopen.obj (.text)
                   00004126  [ 00002093 ] 00000002          *              : vectors.obj (.text)
                   00004128  [ 00002094 ] 00000261          *   csl5502x.lib : mcbsp_rst.obj (.text:MCBSP_reset)
                   00004389  [ 000021c4+] 0000025e          *   rts55x.lib : llmpy.obj (.text)
                   000045e7  [ 000022f3+] 0000025a          *              : addd.obj (.text)
                   00004841  [ 00002420+] 00000239          *   dma.obj (.text)
                   00004a7a  [ 0000253d ] 0000020c          *   ezdsp5502_gpio.obj (.text)
                   00004c86  [ 00002643 ] 0000020c          *   tremolo.obj (.text)
                   00004e92  [ 00002749 ] 000001f3          *   aic3204_init.obj (.text)
                   00005085  [ 00002842+] 000001f2          *   rts55x.lib : sin.obj (.text)
                   00005277  [ 0000293b+] 000001ea          *              : cmpd.obj (.text)
                   00005461  [ 00002a30+] 000001e5          *   state_online.obj (.text)
                   00005646  [ 00002b23 ] 00000002          *   vectors_dma4.obj (.text)
                   00005648  [ 00002b24 ] 000001ca          *   csl5502x.lib : dma_reset.obj (.text:DMA_reset)
                   00005812  [ 00002c09 ] 00000002          *   --HOLE-- [fill = 20]
                   00005814  [ 00002c0a ] 0000018e          *                : i2c_write.obj (.text:I2C_write)
                   000059a2  [ 00002cd1 ] 0000018b          *   lcd.obj (.text)
                   00005b2d  [ 00002d96+] 00000163          *   rts55x.lib : fputs.obj (.text)
                   00005c90  [ 00002e48 ] 0000015d          *   csl5502x.lib : i2c_read.obj (.text:I2C_read)
                   00005ded  [ 00002ef6+] 0000014e          *   ezdsp5502_i2cgpio.obj (.text)
                   00005f3b  [ 00002f9d+] 0000014c          *   rts55x.lib : mpyd.obj (.text)
                   00006087  [ 00003043 ] 00000001          *   --HOLE-- [fill = 20]
                   00006088  [ 00003044 ] 00000130          *   csl5502x.lib : mcbsp_cfg.obj (.text:MCBSP_config)
                   000061b8  [ 000030dc ] 0000010e          *                : dma_cfg.obj (.text:DMA_config)
                   000062c6  [ 00003163 ] 00000002          *   --HOLE-- [fill = 20]
                   000062c8  [ 00003164 ] 000000ee          *                : mcbsp_open.obj (.text:MCBSP_open)
                   000063b6  [ 000031db ] 000000e6          *   rts55x.lib : setvbuf.obj (.text)
                   0000649c  [ 0000324e ] 000000dd          *              : _io_perm.obj (.text)
                   00006579  [ 000032bc ] 00000003          *   --HOLE-- [fill = 20]
                   0000657c  [ 000032be ] 000000cb          *   csl5502x.lib : dma_open.obj (.text:DMA_open)
                   00006647  [ 00003323+] 000000c2          *   rts55x.lib : fflush.obj (.text)
                   00006709  [ 00003384+] 000000bf          *              : modf.obj (.text)
                   000067c8  [ 000033e4 ] 000000bd          *   ezdsp5502_mcbsp.obj (.text)
                   00006885  [ 00003442+] 000000ba          *   rts55x.lib : trgmsg.obj (.text:CIO_breakpoint)
                   0000693f  [ 0000349f+] 000000ab          *   aic.obj (.text)
                   000069ea  [ 000034f5 ] 000000a6          *   rts55x.lib : fputc.obj (.text)
                   00006a90  [ 00003548 ] 000000a1          *              : divul.obj (.text)
                   00006b31  [ 00003598+] 00000089          *   csl5502x.lib : irq_pluga.obj (.text)
                   00006bba  [ 000035dd ] 00000083          *   state_machine.obj (.text)
                   00006c3d  [ 0000361e ] 00000003          *   --HOLE-- [fill = 20]
                   00006c40  [ 00003620 ] 00000082          *   csl5502x.lib : mcbsp_start.obj (.text:MCBSP_start)
                   00006cc2  [ 00003661 ] 00000081          *   state_initial.obj (.text)
                   00006d43  [ 000036a1+] 0000007d          *   rts55x.lib : ltoa.obj (.text)
                   00006dc0  [ 000036e0 ] 0000007b          *              : fclose.obj (.text)
                   00006e3b  [ 0000371d+] 00000077          *              : fixdul.obj (.text)
                   00006eb2  [ 00003759 ] 00000076          *              : frcmpyd.obj (.text)
                   00006f28  [ 00003794 ] 00000073          *              : frcmpyd_div.obj (.text)
                   00006f9b  [ 000037cd ] 00000001          *   --HOLE-- [fill = 20]
                   00006f9c  [ 000037ce ] 00000072          *   csl5502x.lib : i2c_cfg.obj (.text:I2C_config)
                   0000700e  [ 00003807 ] 00000072          *   rts55x.lib : remul.obj (.text)
                   00007080  [ 00003840 ] 0000006f          *   ezdsp5502.obj (.text)
                   000070ef  [ 00003877+] 0000006f          *   rts55x.lib : fixdli.obj (.text)
                   0000715e  [ 000038af ] 0000006d          *   ezdsp5502_i2c.obj (.text)
                   000071cb  [ 000038e5+] 0000006d          *   rts55x.lib : trgmsg.obj (.text)
                   00007238  [ 0000391c ] 0000006b          *              : fseek.obj (.text)
                   000072a3  [ 00003951 ] 00000001          *   --HOLE-- [fill = 20]
                   000072a4  [ 00003952 ] 00000068          *   csl5502x.lib : irq_enab.obj (.text:IRQ_enable)
                   0000730c  [ 00003986 ] 00000067          *   rts55x.lib : fltlid.obj (.text)
                   00007373  [ 000039b9+] 0000005f          *              : round.obj (.text)
                   000073d2  [ 000039e9 ] 0000005c          *              : atoi.obj (.text)
                   0000742e  [ 00003a17 ] 0000005b          *              : fltuld.obj (.text)
                   00007489  [ 00003a44+] 00000050          *              : printf.obj (.text)
                   000074d9  [ 00003a6c ] 00000003          *   --HOLE-- [fill = 20]
                   000074dc  [ 00003a6e ] 0000004f          *   csl5502x.lib : gpio_open.obj (.text:GPIO_open)
                   0000752b  [ 00003a95+] 0000004d          *   rts55x.lib : autoinit.obj (.text)
                   00007578  [ 00003abc ] 0000004b          *              : args_main.obj (.text)
                   000075c3  [ 00003ae1+] 0000004b          *              : remli.obj (.text)
                   0000760e  [ 00003b07 ] 00000048          *              : divli.obj (.text)
                   00007656  [ 00003b2b ] 00000041          *              : trunc.obj (.text)
                   00007697  [ 00003b4b+] 0000003f          *              : memcpy.obj (.text)
                   000076d6  [ 00003b6b ] 0000003e          *              : exit.obj (.text)
                   00007714  [ 00003b8a ] 00000037          *   csl5502x.lib : irq_clear.obj (.text:IRQ_clear)
                   0000774b  [ 00003ba5 ] 00000001          *   --HOLE-- [fill = 20]
                   0000774c  [ 00003ba6 ] 00000037          *                : irq_setvecs.obj (.text:IRQ_setVecs)
                   00007783  [ 00003bc1 ] 00000001          *   --HOLE-- [fill = 20]
                   00007784  [ 00003bc2 ] 00000036          *                : mcbsp_cls.obj (.text:MCBSP_close)
                   000077ba  [ 00003bdd ] 00000034          *   rts55x.lib : boot.obj (.text)
                   000077ee  [ 00003bf7 ] 0000002a          *              : fixdi.obj (.text)
                   00007818  [ 00003c0c ] 0000002a          *              : udiv.obj (.text)
                   00007842  [ 00003c21 ] 00000023          *              : memccpy.obj (.text)
                   00007865  [ 00003c32 ] 00000003          *   --HOLE-- [fill = 20]
                   00007868  [ 00003c34 ] 0000001f          *   csl5502x.lib : gpio_dir.obj (.text:GPIO_pinDirection)
                   00007887  [ 00003c43 ] 00000001          *   --HOLE-- [fill = 20]
                   00007888  [ 00003c44 ] 0000001f          *                : gpio_write.obj (.text:GPIO_pinWrite)
                   000078a7  [ 00003c53+] 0000001b          *   rts55x.lib : fixdu.obj (.text)
                   000078c2  [ 00003c61 ] 0000001a          *              : isinf.obj (.text)
                   000078dc  [ 00003c6e ] 00000014          *   csl5502x.lib : gpio_read.obj (.text:GPIO_pinRead)
                   000078f0  [ 00003c78 ] 00000014          *                : mcbsp_r32.obj (.text:MCBSP_read32)
                   00007904  [ 00003c82 ] 00000014          *   rts55x.lib : subd.obj (.text)
                   00007918  [ 00003c8c ] 00000013          *   csl5502x.lib : gpio_enab.obj (.text:GPIO_pinEnable)
                   0000792b  [ 00003c95+] 00000013          *   rts55x.lib : lmpy.obj (.text)
                   0000793e  [ 00003c9f ] 00000013          *   state_offline.obj (.text)
                   00007951  [ 00003ca8+] 00000012          *   main.obj (.text)
                   00007963  [ 00003cb1+] 00000012          *   rts55x.lib : _lock.obj (.text)
                   00007975  [ 00003cba+] 00000010          *              : negd.obj (.text)
                   00007985  [ 00003cc2 ] 00000003          *   --HOLE-- [fill = 20]
                   00007988  [ 00003cc4 ] 0000000f          *   csl5502x.lib : irq_gdisab.obj (.text:IRQ_globalDisable)
                   00007997  [ 00003ccb ] 00000001          *   --HOLE-- [fill = 20]
                   00007998  [ 00003ccc ] 0000000f          *                : irq_genab.obj (.text:IRQ_globalEnable)
                   000079a7  [ 00003cd3+] 0000000e          *   rts55x.lib : fltud.obj (.text)
                   000079b5  [ 00003cda ] 00000003          *   --HOLE-- [fill = 20]
                   000079b8  [ 00003cdc ] 0000000d          *   csl5502x.lib : _csl_init.obj (.text:_CSL_init)
                   000079c5  [ 00003ce2 ] 00000003          *   --HOLE-- [fill = 20]
                   000079c8  [ 00003ce4 ] 0000000c          *                : csl.obj (.text:CSL_init)
                   000079d4  [ 00003cea ] 0000000c          *                : irq_grest.obj (.text:IRQ_globalRestore)
                   000079e0  [ 00003cf0 ] 0000000c          *                : mcbsp_w32.obj (.text:MCBSP_write32)
                   000079ec  [ 00003cf6 ] 0000000c          *   rts55x.lib : fltid.obj (.text)
                   000079f8  [ 00003cfc ] 0000000a          *              : remove.obj (.text)
                   00007a02  [ 00003d01 ] 00000007          *              : exit.obj (.text:CIO_breakpoint)
                   00007a09  [ 00003d04 ] 00000003          *   --HOLE-- [fill = 20]
                   00007a0c  [ 00003d06 ] 00000002          *   csl5502x.lib : csl.obj (.text)
                   00007a0e  [ 00003d07 ] 00000002          *   --HOLE-- [fill = 20]

.data        0   [ 00000300 ]  00000180          *   00000000   

.pinit       0   [ 00000300 ]  00000180          *   00000000   

.stack       0   [ 00007a20 ]  00003d10          *   00001000   
                 [ 00007a20 ]  00003d10          *   00001000   --HOLE-- [fill = 00]

.sysmem      0   [ 00009a20 ]  00004d10          *   00001000   UNINITIALIZED
                 [ 00009a20 ]  00004d10          *   00001000   --HOLE--

.sysstack 
*            0   [ 0000ba20 ]  00005d10          *   00000800   
                 [ 0000ba20 ]  00005d10          *   00000800   --HOLE-- [fill = 00]

dmaMem       0   [ 0000ca20 ]  00006510          *   00000300   
                 [ 0000ca20 ]  00006510          *   00000300   dma.obj (dmaMem) [fill = 00]

.bss         0   [ 0000d020 ]  00006810          *   000002c4   
                 [ 0000d020 ]  00006810          *   00000119   rts55x.lib : defs.obj (.bss) [fill = 00]
                 [ 0000d252 ]  00006929          *   000000d0              : trgdrv.obj (.bss) [fill = 00]
                 [ 0000d3f2 ]  000069f9          *   00000001              : fopen.obj (.bss) [fill = 00]
                 [ 0000d3f4 ]  000069fa          *   00000071              : lowlev.obj (.bss) [fill = 00]
                 [ 0000d4d6 ]  00006a6b          *   00000001   --HOLE-- [fill = 00]
                 [ 0000d4d8 ]  00006a6c          *   0000003e   dma.obj (.bss) [fill = 00]
                 [ 0000d554 ]  00006aaa          *   00000008   ezdsp5502_gpio.obj (.bss) [fill = 00]
                 [ 0000d564 ]  00006ab2          *   00000008   rts55x.lib : sin.obj (.bss) [fill = 00]
                 [ 0000d574 ]  00006aba          *   00000008   tremolo.obj (.bss) [fill = 00]
                 [ 0000d584 ]  00006ac2          *   00000006   rts55x.lib : memory.obj (.bss) [fill = 00]
                 [ 0000d590 ]  00006ac8          *   00000004              : _lock.obj (.bss) [fill = 00]
                 [ 0000d598 ]  00006acc          *   00000004              : exit.obj (.bss) [fill = 00]
                 [ 0000d5a0 ]  00006ad0          *   00000002   ezdsp5502_mcbsp.obj (.bss) [fill = 00]
                 [ 0000d5a4 ]  00006ad2          *   00000002   state_online.obj (.bss) [fill = 00]

.cinit       0   [ 0000d5a8 ]  00006ad4          *   00000201   
                 [ 0000d5a8 ]  00006ad4          *   00000081   csl5502x.lib : csl_dmadat.obj (.cinit)
                 [ 0000d6aa ]  00006b55          *   00000069                : csl_mcbspdat.obj (.cinit)
                 [ 0000d77c ]  00006bbe          *   00000048   dma.obj (.cinit)
                 [ 0000d80c ]  00006c06          *   0000002d   rts55x.lib : lowlev.obj (.cinit)
                 [ 0000d866 ]  00006c33          *   0000002a              : defs.obj (.cinit)
                 [ 0000d8ba ]  00006c5d          *   00000025   csl5502x.lib : csl_csldat.obj (.cinit)
                 [ 0000d904 ]  00006c82          *   00000023                : csl_gpiodat.obj (.cinit)
                 [ 0000d94a ]  00006ca5          *   0000000b   rts55x.lib : sin.obj (.cinit)
                 [ 0000d960 ]  00006cb0          *   0000000a              : _lock.obj (.cinit)
                 [ 0000d974 ]  00006cba          *   0000000a              : exit.obj (.cinit)
                 [ 0000d988 ]  00006cc4          *   00000008   state_online.obj (.cinit)
                 [ 0000d998 ]  00006ccc          *   00000004   rts55x.lib : fopen.obj (.cinit)
                 [ 0000d9a0 ]  00006cd0          *   00000004              : memory.obj (.cinit)
                 [ 0000d9a8 ]  00006cd4          *   00000001   --HOLE-- [fill = 0]

.const       0   [ 0000d9c0 ]  00006ce0          *   000001b6   
                 [ 0000d9c0 ]  00006ce0          *   00000101   rts55x.lib : ctype.obj (.const:__ctypes_)
                 [ 0000dbc2 ]  00006de1          *   00000001   --HOLE-- [fill = 00]
                 [ 0000dbc4 ]  00006de2          *   00000024              : _printfi.obj (.const:.string)
                 [ 0000dc0c ]  00006e06          *   0000001b   state_initial.obj (.const:.string)
                 [ 0000dc42 ]  00006e21          *   0000001b   ezdsp5502_mcbsp.obj (.const:_$P$T0$1)
                 [ 0000dc78 ]  00006e3c          *   00000014   rts55x.lib : sin.obj (.const)
                 [ 0000dca0 ]  00006e50          *   0000000c              : _printfi.obj (.const)
                 [ 0000dcb8 ]  00006e5c          *   0000000a   ezdsp5502_i2c.obj (.const:_$P$T0$1)
                 [ 0000dccc ]  00006e66          *   0000000a   tremolo.obj (.const)
                 [ 0000dce0 ]  00006e70          *   00000008   rts55x.lib : divd.obj (.const:_initial_approx$1)
                 [ 0000dcf0 ]  00006e78          *   00000008              : round.obj (.const)
                 [ 0000dd00 ]  00006e80          *   00000006              : modf.obj (.const)
                 [ 0000dd0c ]  00006e86          *   00000006   state_online.obj (.const)
                 [ 0000dd18 ]  00006e8c          *   00000004   rts55x.lib : trunc.obj (.const)
                 [ 0000dd20 ]  00006e90          *   00000002              : fputs.obj (.const:.string)
                 [ 0000dd24 ]  00006e92          *   00000002              : fltlid.obj (.const)
                 [ 0000dd28 ]  00006e94          *   00000002              : fltuld.obj (.const)

.csldata     0   [ 0000dd40 ]  00006ea0          *   00000126   
                 [ 0000dd40 ]  00006ea0          *   0000007e   csl5502x.lib : csl_dmadat.obj (.csldata:DMA_data) [fill = 00]
                 [ 0000de3c ]  00006f1e          *   00000066                : csl_mcbspdat.obj (.csldata:MCBSP_data) [fill = 00]
                 [ 0000df08 ]  00006f84          *   00000022                : csl_csldat.obj (.csldata:SYS_data) [fill = 00]
                 [ 0000df4c ]  00006fa6          *   00000020                : csl_gpiodat.obj (.csldata:GPIO_data) [fill = 00]

.cio         0   [ 0000dfa0 ]  00006fd0          *   00000120   
                 [ 0000dfa0 ]  00006fd0          *   00000120   rts55x.lib : trgmsg.obj (.cio) [fill = 00]

.switch      0   [ 0000e1e0 ]  000070f0          *   0000002c   
                 [ 0000e1e0 ]  000070f0          *   0000002c   state_online.obj (.switch:_state_online)

.vectors     0     0000fe00  [ 00007f00 ] 00000100          *   
                   0000fe00  [ 00007f00 ] 00000100          *   vectors_dma4.obj (.vectors)

vectors      0     0000ff00  [ 00007f80 ] 00000100          *   
                   0000ff00  [ 00007f80 ] 00000100          *   rts55x.lib : vectors.obj (vectors)


GLOBAL SYMBOLS: SORTED ALPHABETICALLY BY Name 

abs. value/
byte addr   word addr   name
---------   ---------   ----
00000002                $TI_capability$C5500$CallingConvention
00000002                $TI_capability$C5500$MemoryModel
00000001                $TI_capability_requires_rev2
            00006810    .bss
            00000180    .data
00000300                .text
00007a03                C$$EXIT
0000693a                C$$IO$$
0000792b                I$$LMPY
00007818                I$$UDIV
0000782d                I$$UMOD
0000693f                _AIC3204_rget
0000698c                _AIC3204_rset
00007a0c                _CSL5502_LIB_
            00006ea0    _CSL_DmaData
            00006fa6    _CSL_GpioData
            00006f1e    _CSL_McbspData
            00006f84    _CSL_SysData
000079c8                _CSL_init
000061b8                _DMA_config
0000657c                _DMA_open
00005648                _DMA_reset
00004c0b                _EZDSP5502_GPIO_getInput
00004a7a                _EZDSP5502_GPIO_init
00004b11                _EZDSP5502_GPIO_setDirection
00004b8e                _EZDSP5502_GPIO_setOutput
00005ded                _EZDSP5502_I2CGPIO_configLine
00005ec4                _EZDSP5502_I2CGPIO_read
00005e40                _EZDSP5502_I2CGPIO_readLine
00005f11                _EZDSP5502_I2CGPIO_write
00005e71                _EZDSP5502_I2CGPIO_writeLine
0000715e                _EZDSP5502_I2C_init
000071a7                _EZDSP5502_I2C_read
0000717b                _EZDSP5502_I2C_reset
00007185                _EZDSP5502_I2C_write
0000680c                _EZDSP5502_MCBSP_close
000067c8                _EZDSP5502_MCBSP_init
00006850                _EZDSP5502_MCBSP_read
0000681e                _EZDSP5502_MCBSP_write
000070d6                _EZDSP5502_init
00007090                _EZDSP5502_wait
000070c4                _EZDSP5502_waitusec
000074dc                _GPIO_open
00007868                _GPIO_pinDirection
00007918                _GPIO_pinEnable
000078dc                _GPIO_pinRead
00007888                _GPIO_pinWrite
00002f70                _HOSTclock
00002f05                _HOSTclose
00002e50                _HOSTlseek
00002db1                _HOSTopen
00002d24                _HOSTread
00002c76                _HOSTrename
00002c18                _HOSTtime
00002bae                _HOSTunlink
00002b21                _HOSTwrite
00006f9c                _I2C_config
00005c90                _I2C_read
00005814                _I2C_write
00007714                _IRQ_clear
000072a4                _IRQ_enable
00007988                _IRQ_globalDisable
00007998                _IRQ_globalEnable
000079d4                _IRQ_globalRestore
00006b31                _IRQ_plug
0000774c                _IRQ_setVecs
00007784                _MCBSP_close
00006088                _MCBSP_config
000062c8                _MCBSP_open
000078f0                _MCBSP_read32
00004128                _MCBSP_reset
00006c40                _MCBSP_start
000079e0                _MCBSP_write32
0000ff00                _Reset
00004d47                _Tremolo_init
00004de0                _Tremolo_processBlock
00004e2e                _Tremolo_processIfReady
0000fe00                _VECSTART
            00006fd0    __CIOBUF_
000079b8                __CSL_init
            00004d10    __STACK_END
00002000                __STACK_SIZE
00002000                __SYSMEM_SIZE
00001000                __SYSSTACK_SIZE
00000001                __TI_args_main
ffffffff                ___binit__
            00006810    ___bss__
ffffffff                ___c_args__
            00006ad4    ___cinit__
            00000180    ___data__
            00000180    ___edata__
            00006ad4    ___end__
00007a10                ___etext__
000078c2                ___isinf
ffffffff                ___pinit__
00000300                ___text__
000045e7                __addd
00007578                __args_main
00003fc8                __cleanup
            00006acc    __cleanup_ptr
00005409                __cmpd
            00006ce0    __ctypes_
00003483                __divd
0000760e                __divli
000045b2                __divlli
00007818                __divu
00006a90                __divul
000044be                __divull
00006647                __doflush
            00006ace    __dtors_ptr
000053d5                __eqld
000077ee                __fixdi
000070ef                __fixdli
000078a7                __fixdu
00006e3b                __fixdul
000079ec                __fltid
0000730c                __fltlid
000079a7                __fltud
0000742e                __fltuld
00006eb2                __frcmpyd
00006f28                __frcmpyd_div
            00006928    __ft_end
            00006810    __ftable
0000538b                __geqd
00005340                __gtrd
000052f3                __leqd
            00006ac8    __lock
000052ab                __lssd
00005f3b                __mpyd
0000792b                __mpyli
00004406                __mpylli
00007975                __negd
00005277                __neqd
00007973                __nop
00007373                __nround
00001662                __printfi
0000651c                __rd_ok
0000796b                __register_lock
00007963                __register_unlock
000075c3                __remli
000043d7                __remlli
0000782d                __remu
0000700e                __remul
00004389                __remull
            00003d10    __stack
00007904                __subd
            00004d10    __sys_memory
            00005d10    __sysstack
            00006888    __tmpnams
00007656                __trunc
            00006aca    __unlock
0000649c                __wrt_ok
00007a02                _abort
000029b6                _add_device
000069b6                _aic3204_INIT
00004e92                _aic3204_init
            00006ad0    _aicMcbsp
000073d2                _atoi
0000752b                _auto_init
000077ba                _c_int00
0000345d                _calloc
00003455                _chkheap
00002943                _close
            00006a6c    _currentRxBuf
            00006a6d    _currentTxBuf
            00006a72    _dmaRcvConfig
            00006aa6    _dmaRcvCount
00003a21                _dmaRcvIsr
            00006a84    _dmaXmtConfig
            00006aa8    _dmaXmtCount
0000384f                _dmaXmtIsr
0000487f                _dma_init
            00006aa3    _dstAddrHi
            00006aa4    _dstAddrLo
            00006a9d    _err
000076d6                _exit
00006dc0                _fclose
000066b0                _fflush
0000293a                _find_registered_device
000040eb                _fopen
000069ea                _fputc
00005b2d                _fputs
00002fce                _free
000033ff                _free_memory
00004022                _freopen
00007238                _fseek
            00006aba    _gTremolo
00002aa6                _getenv
            00006a96    _hDmaRcv
            00006a98    _hDmaXmt
            00006aaa    _hGPIO_group0
            00006aac    _hGPIO_group1
            00006aae    _hGPIO_group2
            00006ab0    _hGPIO_group3
            00006a9a    _hMcbsp
000018a4                _initial_lcd
000028d4                _lseek
00006d43                _ltoa
00007951                _main
000030ff                _malloc
000033a5                _max_free
00007842                _memccpy
00007697                _memcpy
0000309a                _minit
00006709                _modf
00001e26                _offline_lcd
            00006a9e    _old_intm
00003bd5                _oled_test
00005537                _online_E0
00005594                _online_E0_processando
000055bf                _online_E3
00005617                _online_E3_processando
0000200e                _online_e0_lcd
00002019                _online_e3_lcd
00001b97                _online_lcd
00002815                _open
000059a2                _osd9616_init
00005aa2                _osd9616_multiSend
00005a82                _osd9616_send
00005af0                _printLetter
00007489                _printf
000022a8                _processando_lcd
000069ea                _putc
00006a81                _putchar
00005c62                _puts
            00006aa0    _rcvEventId
            00006710    _rcvPing
            00006790    _rcvPong
00002767                _read
000071cb                _readmsg
000031f4                _realloc
000079f8                _remove
00002731                _remove_device
000026d8                _rename
            00006a6e    _rxBufReady
000063b6                _setvbuf
00005085                _sin
            00006aa1    _srcAddrHi
            00006aa2    _srcAddrLo
00006cc2                _state_initial
00006d39                _state_initial_enter
00006bba                _state_machine
00007948                _state_offline
0000793e                _state_offline_enter
00005461                _state_online
0000552d                _state_online_enter
000048f7                _taskFxn
            00006a9c    _transferComplete
00004d3e                _tremolo
            00006a70    _txBufEmpty
000026a5                _unlink
00002563                _write
00006885                _writemsg
            00006a9f    _xmtEventId
            00006510    _xmtPing
            00006610    _xmtPong
ffffffff                binit
            00006ad4    cinit
            00000180    edata
            00006ad4    end
00007a10                etext
0000fe10                int0
0000fe18                int1
0000fe60                int10
0000fe68                int11
0000fe70                int12
0000fe78                int13
0000fe80                int14
0000fe88                int15
0000fe90                int16
0000fe98                int17
0000fea0                int18
0000fea8                int19
0000fe20                int2
0000feb0                int20
0000feb8                int21
0000fec0                int22
0000fec8                int23
0000fed0                int24
0000fed8                int25
0000fee0                int26
0000fee8                int27
0000fef0                int28
0000fef8                int29
0000fe28                int3
0000fe30                int4
0000fe38                int5
0000fe40                int6
0000fe48                int7
0000fe50                int8
0000fe58                int9
0000fe08                nmi
00005646                no_isr
ffffffff                pinit


GLOBAL SYMBOLS: SORTED BY Symbol Address 

abs. value/
byte addr   word addr   name
---------   ---------   ----
00000001                $TI_capability_requires_rev2
00000001                __TI_args_main
00000002                $TI_capability$C5500$CallingConvention
00000002                $TI_capability$C5500$MemoryModel
            00000180    .data
00000300                .text
            00000180    ___data__
            00000180    ___edata__
00000300                ___text__
            00000180    edata
00001000                __SYSSTACK_SIZE
00001662                __printfi
000018a4                _initial_lcd
00001b97                _online_lcd
00001e26                _offline_lcd
00002000                __STACK_SIZE
00002000                __SYSMEM_SIZE
0000200e                _online_e0_lcd
00002019                _online_e3_lcd
000022a8                _processando_lcd
00002563                _write
000026a5                _unlink
000026d8                _rename
00002731                _remove_device
00002767                _read
00002815                _open
000028d4                _lseek
0000293a                _find_registered_device
00002943                _close
000029b6                _add_device
00002aa6                _getenv
00002b21                _HOSTwrite
00002bae                _HOSTunlink
00002c18                _HOSTtime
00002c76                _HOSTrename
00002d24                _HOSTread
00002db1                _HOSTopen
00002e50                _HOSTlseek
00002f05                _HOSTclose
00002f70                _HOSTclock
00002fce                _free
0000309a                _minit
000030ff                _malloc
000031f4                _realloc
000033a5                _max_free
000033ff                _free_memory
00003455                _chkheap
0000345d                _calloc
00003483                __divd
0000384f                _dmaXmtIsr
00003a21                _dmaRcvIsr
00003bd5                _oled_test
00003fc8                __cleanup
00004022                _freopen
000040eb                _fopen
00004128                _MCBSP_reset
00004389                __remull
000043d7                __remlli
00004406                __mpylli
000044be                __divull
000045b2                __divlli
000045e7                __addd
0000487f                _dma_init
000048f7                _taskFxn
00004a7a                _EZDSP5502_GPIO_init
00004b11                _EZDSP5502_GPIO_setDirection
00004b8e                _EZDSP5502_GPIO_setOutput
00004c0b                _EZDSP5502_GPIO_getInput
00004d3e                _tremolo
00004d47                _Tremolo_init
00004de0                _Tremolo_processBlock
00004e2e                _Tremolo_processIfReady
00004e92                _aic3204_init
00005085                _sin
00005277                __neqd
000052ab                __lssd
000052f3                __leqd
00005340                __gtrd
0000538b                __geqd
000053d5                __eqld
00005409                __cmpd
00005461                _state_online
0000552d                _state_online_enter
00005537                _online_E0
00005594                _online_E0_processando
000055bf                _online_E3
00005617                _online_E3_processando
00005646                no_isr
00005648                _DMA_reset
00005814                _I2C_write
000059a2                _osd9616_init
00005a82                _osd9616_send
00005aa2                _osd9616_multiSend
00005af0                _printLetter
00005b2d                _fputs
00005c62                _puts
00005c90                _I2C_read
00005ded                _EZDSP5502_I2CGPIO_configLine
00005e40                _EZDSP5502_I2CGPIO_readLine
00005e71                _EZDSP5502_I2CGPIO_writeLine
00005ec4                _EZDSP5502_I2CGPIO_read
00005f11                _EZDSP5502_I2CGPIO_write
00005f3b                __mpyd
00006088                _MCBSP_config
000061b8                _DMA_config
000062c8                _MCBSP_open
000063b6                _setvbuf
0000649c                __wrt_ok
0000651c                __rd_ok
0000657c                _DMA_open
00006647                __doflush
000066b0                _fflush
00006709                _modf
000067c8                _EZDSP5502_MCBSP_init
0000680c                _EZDSP5502_MCBSP_close
0000681e                _EZDSP5502_MCBSP_write
00006850                _EZDSP5502_MCBSP_read
00006885                _writemsg
0000693a                C$$IO$$
0000693f                _AIC3204_rget
0000698c                _AIC3204_rset
000069b6                _aic3204_INIT
000069ea                _fputc
000069ea                _putc
00006a81                _putchar
00006a90                __divul
00006b31                _IRQ_plug
00006bba                _state_machine
00006c40                _MCBSP_start
00006cc2                _state_initial
00006d39                _state_initial_enter
00006d43                _ltoa
00006dc0                _fclose
00006e3b                __fixdul
00006eb2                __frcmpyd
00006f28                __frcmpyd_div
00006f9c                _I2C_config
0000700e                __remul
00007090                _EZDSP5502_wait
000070c4                _EZDSP5502_waitusec
000070d6                _EZDSP5502_init
000070ef                __fixdli
0000715e                _EZDSP5502_I2C_init
0000717b                _EZDSP5502_I2C_reset
00007185                _EZDSP5502_I2C_write
000071a7                _EZDSP5502_I2C_read
000071cb                _readmsg
00007238                _fseek
000072a4                _IRQ_enable
0000730c                __fltlid
00007373                __nround
000073d2                _atoi
0000742e                __fltuld
00007489                _printf
000074dc                _GPIO_open
0000752b                _auto_init
00007578                __args_main
000075c3                __remli
0000760e                __divli
00007656                __trunc
00007697                _memcpy
000076d6                _exit
00007714                _IRQ_clear
0000774c                _IRQ_setVecs
00007784                _MCBSP_close
000077ba                _c_int00
000077ee                __fixdi
00007818                I$$UDIV
00007818                __divu
0000782d                I$$UMOD
0000782d                __remu
00007842                _memccpy
00007868                _GPIO_pinDirection
00007888                _GPIO_pinWrite
000078a7                __fixdu
000078c2                ___isinf
000078dc                _GPIO_pinRead
000078f0                _MCBSP_read32
00007904                __subd
00007918                _GPIO_pinEnable
0000792b                I$$LMPY
0000792b                __mpyli
0000793e                _state_offline_enter
00007948                _state_offline
00007951                _main
00007963                __register_unlock
0000796b                __register_lock
00007973                __nop
00007975                __negd
00007988                _IRQ_globalDisable
00007998                _IRQ_globalEnable
000079a7                __fltud
000079b8                __CSL_init
000079c8                _CSL_init
000079d4                _IRQ_globalRestore
000079e0                _MCBSP_write32
000079ec                __fltid
000079f8                _remove
00007a02                _abort
00007a03                C$$EXIT
00007a0c                _CSL5502_LIB_
00007a10                ___etext__
00007a10                etext
            00003d10    __stack
            00004d10    __STACK_END
            00004d10    __sys_memory
            00005d10    __sysstack
            00006510    _xmtPing
            00006610    _xmtPong
            00006710    _rcvPing
            00006790    _rcvPong
            00006810    .bss
            00006810    ___bss__
            00006810    __ftable
            00006888    __tmpnams
            00006928    __ft_end
            00006a6c    _currentRxBuf
            00006a6d    _currentTxBuf
            00006a6e    _rxBufReady
            00006a70    _txBufEmpty
            00006a72    _dmaRcvConfig
            00006a84    _dmaXmtConfig
            00006a96    _hDmaRcv
            00006a98    _hDmaXmt
            00006a9a    _hMcbsp
            00006a9c    _transferComplete
            00006a9d    _err
            00006a9e    _old_intm
            00006a9f    _xmtEventId
            00006aa0    _rcvEventId
            00006aa1    _srcAddrHi
            00006aa2    _srcAddrLo
            00006aa3    _dstAddrHi
            00006aa4    _dstAddrLo
            00006aa6    _dmaRcvCount
            00006aa8    _dmaXmtCount
            00006aaa    _hGPIO_group0
            00006aac    _hGPIO_group1
            00006aae    _hGPIO_group2
            00006ab0    _hGPIO_group3
            00006aba    _gTremolo
            00006ac8    __lock
            00006aca    __unlock
            00006acc    __cleanup_ptr
            00006ace    __dtors_ptr
            00006ad0    _aicMcbsp
            00006ad4    ___cinit__
            00006ad4    ___end__
            00006ad4    cinit
            00006ad4    end
            00006ce0    __ctypes_
            00006ea0    _CSL_DmaData
            00006f1e    _CSL_McbspData
            00006f84    _CSL_SysData
            00006fa6    _CSL_GpioData
            00006fd0    __CIOBUF_
0000fe00                _VECSTART
0000fe08                nmi
0000fe10                int0
0000fe18                int1
0000fe20                int2
0000fe28                int3
0000fe30                int4
0000fe38                int5
0000fe40                int6
0000fe48                int7
0000fe50                int8
0000fe58                int9
0000fe60                int10
0000fe68                int11
0000fe70                int12
0000fe78                int13
0000fe80                int14
0000fe88                int15
0000fe90                int16
0000fe98                int17
0000fea0                int18
0000fea8                int19
0000feb0                int20
0000feb8                int21
0000fec0                int22
0000fec8                int23
0000fed0                int24
0000fed8                int25
0000fee0                int26
0000fee8                int27
0000fef0                int28
0000fef8                int29
0000ff00                _Reset
ffffffff                ___binit__
ffffffff                ___c_args__
ffffffff                ___pinit__
ffffffff                binit
ffffffff                pinit

[294 symbols]
