******************************************************************************
              TMS320C55x Linker PC v4.4.1                      
******************************************************************************
>> Linked Mon Dec 22 20:35:29 2025

OUTPUT FILE NAME:   <script18.out>
ENTRY POINT SYMBOL: "_c_int00"  address: 0000508e


MEMORY CONFIGURATION

         name            origin    length      used     unused   attr    fill
                        (bytes)   (bytes)    (bytes)   (bytes)
----------------------  --------  ---------  --------  --------  ----  --------
PAGE 0:
  MMR                   00000000   000000c0  00000000  000000c0  RWIX
  BTRSVD                000000c0   00000240  00000000  00000240  RWIX
  DARAM                 00000300   0000fb00  0000a66a  00005496  RWIX
  VECS                  0000fe00   00000200  00000100  00000100  RWIX
  CE0                   00010000   003f0000  0000fd8c  003e0274  RWIX
  CE1                   00400000   00400000  00000000  00400000  RWIX
  CE2                   00800000   00400000  00000000  00400000  RWIX
  CE3                   00c00000   003f8000  00000000  003f8000  RWIX
  PDROM                 00ff8000   00008000  00000000  00008000  R IX

PAGE 2:
  IOPORT                00000000   00020000  00000000  00020000  RWI 


SECTION ALLOCATION MAP
(Addresses surrounded by []'s are displayed for convenience only!)

output                                                          attributes/
section   page  orgn(bytes) orgn(words) len(bytes) len(words)   input sections
--------  ----  ----------- ----------- ---------- ----------   --------------
.text        0     00000300  [ 00000180 ] 00004eca          *   
                   00000300  [ 00000180 ] 000015a4          *   rts55x.lib : _printfi.obj (.text)
                   000018a4  [ 00000c52 ] 00000543          *              : lowlev.obj (.text)
                   00001de7  [ 00000ef3+] 00000528          *              : trgdrv.obj (.text)
                   0000230f  [ 00001187+] 000004b5          *              : memory.obj (.text)
                   000027c4  [ 000013e2 ] 000003cc          *              : divd.obj (.text)
                   00002b90  [ 000015c8 ] 0000036a          *   reverb.obj (.text)
                   00002efa  [ 0000177d ] 00000345          *   pitch_shifter.obj (.text)
                   0000323f  [ 0000191f+] 0000027f          *   rts55x.lib : fopen.obj (.text)
                   000034be  [ 00001a5f ] 0000026a          *   main.obj (.text)
                   00003728  [ 00001b94 ] 0000025e          *   rts55x.lib : llmpy.obj (.text)
                   00003986  [ 00001cc3 ] 0000025a          *              : addd.obj (.text)
                   00003be0  [ 00001df0 ] 000001ee          *              : fwrite.obj (.text)
                   00003dce  [ 00001ee7 ] 000001ea          *              : cmpd.obj (.text)
                   00003fb8  [ 00001fdc ] 0000018f          *   wav_header.obj (.text)
                   00004147  [ 000020a3+] 00000163          *   rts55x.lib : fputs.obj (.text)
                   000042aa  [ 00002155 ] 0000014c          *              : mpyd.obj (.text)
                   000043f6  [ 000021fb ] 0000010f          *              : fread.obj (.text)
                   00004505  [ 00002282+] 000000e6          *              : setvbuf.obj (.text)
                   000045eb  [ 000022f5+] 000000dd          *              : _io_perm.obj (.text)
                   000046c8  [ 00002364 ] 000000c2          *              : fflush.obj (.text)
                   0000478a  [ 000023c5 ] 000000ba          *              : trgmsg.obj (.text:CIO_breakpoint)
                   00004844  [ 00002422 ] 000000ae          *              : _bufread.obj (.text)
                   000048f2  [ 00002479 ] 000000a6          *              : fputc.obj (.text)
                   00004998  [ 000024cc ] 000000a1          *              : divul.obj (.text)
                   00004a39  [ 0000251c+] 0000007d          *              : ltoa.obj (.text)
                   00004ab6  [ 0000255b ] 0000007b          *              : fclose.obj (.text)
                   00004b31  [ 00002598+] 00000076          *              : frcmpyd.obj (.text)
                   00004ba7  [ 000025d3+] 00000073          *              : frcmpyd_div.obj (.text)
                   00004c1a  [ 0000260d ] 00000072          *              : remul.obj (.text)
                   00004c8c  [ 00002646 ] 0000006f          *              : fixdli.obj (.text)
                   00004cfb  [ 0000267d+] 0000006d          *              : trgmsg.obj (.text)
                   00004d68  [ 000026b4 ] 0000006b          *              : fseek.obj (.text)
                   00004dd3  [ 000026e9+] 00000067          *              : fltlid.obj (.text)
                   00004e3a  [ 0000271d ] 0000005c          *              : atoi.obj (.text)
                   00004e96  [ 0000274b ] 00000050          *              : printf.obj (.text)
                   00004ee6  [ 00002773 ] 0000004d          *              : autoinit.obj (.text)
                   00004f33  [ 00002799+] 0000004b          *              : args_main.obj (.text)
                   00004f7e  [ 000027bf ] 0000004b          *              : remli.obj (.text)
                   00004fc9  [ 000027e4+] 00000048          *              : divli.obj (.text)
                   00005011  [ 00002808+] 0000003f          *              : memcpy.obj (.text)
                   00005050  [ 00002828 ] 0000003e          *              : exit.obj (.text)
                   0000508e  [ 00002847 ] 00000034          *              : boot.obj (.text)
                   000050c2  [ 00002861 ] 0000002a          *              : fixdi.obj (.text)
                   000050ec  [ 00002876 ] 0000002a          *              : udiv.obj (.text)
                   00005116  [ 0000288b ] 00000023          *              : memccpy.obj (.text)
                   00005139  [ 0000289c+] 0000001a          *              : isinf.obj (.text)
                   00005153  [ 000028a9+] 00000014          *              : subd.obj (.text)
                   00005167  [ 000028b3+] 00000013          *              : lmpy.obj (.text)
                   0000517a  [ 000028bd ] 00000012          *              : _lock.obj (.text)
                   0000518c  [ 000028c6 ] 00000010          *              : negd.obj (.text)
                   0000519c  [ 000028ce ] 0000000e          *              : rewind.obj (.text)
                   000051aa  [ 000028d5 ] 0000000c          *              : fltid.obj (.text)
                   000051b6  [ 000028db ] 0000000a          *              : remove.obj (.text)
                   000051c0  [ 000028e0 ] 00000007          *              : exit.obj (.text:CIO_breakpoint)
                   000051c7  [ 000028e3+] 00000002          *              : vectors.obj (.text)
                   000051c9  [ 000028e4 ] 00000001          *   --HOLE-- [fill = 20]

.data        0   [ 00000300 ]  00000180          *   00000000   

.pinit       0   [ 00000300 ]  00000180          *   00000000   

.stack       0   [ 000051e0 ]  000028f0          *   00001000   
                 [ 000051e0 ]  000028f0          *   00001000   --HOLE-- [fill = 00]

.sysmem      0   [ 000071e0 ]  000038f0          *   00001000   UNINITIALIZED
                 [ 000071e0 ]  000038f0          *   00001000   --HOLE--

.sysstack 
*            0   [ 000091e0 ]  000048f0          *   00000800   
                 [ 000091e0 ]  000048f0          *   00000800   --HOLE-- [fill = 00]

.const       0   [ 0000a1e0 ]  000050f0          *   0000023c   
                 [ 0000a1e0 ]  000050f0          *   00000101   rts55x.lib : ctype.obj (.const:__ctypes_)
                 [ 0000a3e2 ]  000051f1          *   00000001   --HOLE-- [fill = 00]
                 [ 0000a3e4 ]  000051f2          *   000000bd   main.obj (.const:.string)
                 [ 0000a55e ]  000052af          *   00000001   --HOLE-- [fill = 00]
                 [ 0000a560 ]  000052b0          *   00000024   rts55x.lib : _printfi.obj (.const:.string)
                 [ 0000a5a8 ]  000052d4          *   00000016   main.obj (.const)
                 [ 0000a5d4 ]  000052ea          *   00000012   reverb.obj (.const)
                 [ 0000a5f8 ]  000052fc          *   0000000c   pitch_shifter.obj (.const)
                 [ 0000a610 ]  00005308          *   0000000c   rts55x.lib : _printfi.obj (.const)
                 [ 0000a628 ]  00005314          *   00000008   reverb.obj (.const:_$P$T0$1)
                 [ 0000a638 ]  0000531c          *   00000008   rts55x.lib : divd.obj (.const:_initial_approx$1)
                 [ 0000a648 ]  00005324          *   00000004   reverb.obj (.const:_$P$T1$2)
                 [ 0000a650 ]  00005328          *   00000002   rts55x.lib : fputs.obj (.const:.string)
                 [ 0000a654 ]  0000532a          *   00000002              : fltlid.obj (.const)

.cio         0   [ 0000a660 ]  00005330          *   00000120   
                 [ 0000a660 ]  00005330          *   00000120   rts55x.lib : trgmsg.obj (.cio) [fill = 00]

.cinit       0   [ 0000a8a0 ]  00005450          *   00000074   
                 [ 0000a8a0 ]  00005450          *   0000002d   rts55x.lib : lowlev.obj (.cinit)
                 [ 0000a8fa ]  0000547d          *   0000002a              : defs.obj (.cinit)
                 [ 0000a94e ]  000054a7          *   0000000a              : _lock.obj (.cinit)
                 [ 0000a962 ]  000054b1          *   0000000a              : exit.obj (.cinit)
                 [ 0000a976 ]  000054bb          *   00000004              : fopen.obj (.cinit)
                 [ 0000a97e ]  000054bf          *   00000004              : memory.obj (.cinit)
                 [ 0000a986 ]  000054c3          *   00000001   --HOLE-- [fill = 0]

vectors      0     0000fe00  [ 00007f00 ] 00000100          *   
                   0000fe00  [ 00007f00 ] 00000100          *   rts55x.lib : vectors.obj (vectors)

.bss         0   [ 00010000 ]  00008000          *   00007ec6   
                 [ 00010000 ]  00008000          *   00007c5c   main.obj (.bss) [fill = 00]
                 [ 0001f8b8 ]  0000fc5c          *   00000119   rts55x.lib : defs.obj (.bss) [fill = 00]
                 [ 0001faea ]  0000fd75          *   000000d0              : trgdrv.obj (.bss) [fill = 00]
                 [ 0001fc8a ]  0000fe45          *   00000001              : fopen.obj (.bss) [fill = 00]
                 [ 0001fc8c ]  0000fe46          *   00000071              : lowlev.obj (.bss) [fill = 00]
                 [ 0001fd6e ]  0000feb7          *   00000001   --HOLE-- [fill = 00]
                 [ 0001fd70 ]  0000feb8          *   00000006              : memory.obj (.bss) [fill = 00]
                 [ 0001fd7c ]  0000febe          *   00000004              : _lock.obj (.bss) [fill = 00]
                 [ 0001fd84 ]  0000fec2          *   00000004              : exit.obj (.bss) [fill = 00]


GLOBAL SYMBOLS: SORTED ALPHABETICALLY BY Name 

abs. value/
byte addr   word addr   name
---------   ---------   ----
00000002                $TI_capability$C5500$CallingConvention
00000002                $TI_capability$C5500$MemoryModel
00000001                $TI_capability_requires_rev2
            00008000    .bss
            00000180    .data
00000300                .text
000051c1                C$$EXIT
0000483f                C$$IO$$
00005167                I$$LMPY
000050ec                I$$UDIV
00005101                I$$UMOD
000022b1                _HOSTclock
00002246                _HOSTclose
00002191                _HOSTlseek
000020f2                _HOSTopen
00002065                _HOSTread
00001fb7                _HOSTrename
00001f59                _HOSTtime
00001eef                _HOSTunlink
00001e62                _HOSTwrite
0000fe00                _Reset
            00005330    __CIOBUF_
            000038f0    __STACK_END
00002000                __STACK_SIZE
00002000                __SYSMEM_SIZE
00001000                __SYSSTACK_SIZE
00000001                __TI_args_main
ffffffff                ___binit__
            00008000    ___bss__
ffffffff                ___c_args__
            00005450    ___cinit__
            00000180    ___data__
            00000180    ___edata__
            0000fec6    ___end__
000051ca                ___etext__
00005139                ___isinf
ffffffff                ___pinit__
00000300                ___text__
00003986                __addd
00004f33                __args_main
00004844                __buff_read
00003360                __cleanup
            0000fec2    __cleanup_ptr
00003f60                __cmpd
            000050f0    __ctypes_
000027c4                __divd
00004fc9                __divli
00003951                __divlli
000050ec                __divu
00004998                __divul
0000385d                __divull
000046c8                __doflush
            0000fec4    __dtors_ptr
00003f2c                __eqld
000050c2                __fixdi
00004c8c                __fixdli
000051aa                __fltid
00004dd3                __fltlid
00004b31                __frcmpyd
00004ba7                __frcmpyd_div
            0000fd74    __ft_end
            0000fc5c    __ftable
00003ee2                __geqd
00003e97                __gtrd
00003e4a                __leqd
            0000febe    __lock
00003e02                __lssd
000042aa                __mpyd
00005167                __mpyli
000037a5                __mpylli
0000518c                __negd
00003dce                __neqd
0000518a                __nop
00001662                __printfi
0000466b                __rd_ok
00005182                __register_lock
0000517a                __register_unlock
00004f7e                __remli
00003776                __remlli
00005101                __remu
00004c1a                __remul
00003728                __remull
            000028f0    __stack
00005153                __subd
            000038f0    __sys_memory
            000048f0    __sysstack
            0000fcd4    __tmpnams
            0000fec0    __unlock
000045eb                __wrt_ok
000051c0                _abort
00001cf7                _add_device
00004e3a                _atoi
00004ee6                _auto_init
0000508e                _c_int00
0000279e                _calloc
00002796                _chkheap
            00008080    _chunks_buffer
00001c84                _close
            00008000    _data_buffer
00005050                _exit
00004ab6                _fclose
00004731                _fflush
00001c7b                _find_registered_device
00003483                _fopen
000048f2                _fputc
00004147                _fputs
000043f6                _fread
0000230f                _free
00002740                _free_memory
000033ba                _freopen
00004d68                _fseek
00003be0                _fwrite
00001de7                _getenv
00001c15                _lseek
00004a39                _ltoa
000034be                _main
00002440                _malloc
000026e6                _max_free
00005116                _memccpy
00005011                _memcpy
000023db                _minit
00001b56                _open
00002f73                _pitch_shifter_init
00002fdf                _pitch_shifter_process
00004e96                _printf
00002c44                _process_allpass
00002b90                _process_comb
            0000f854    _ps_params
000048f2                _putc
00004989                _putchar
0000427c                _puts
            000081ac    _r_params
00001aa8                _read
00004cfb                _readmsg
00002535                _realloc
000051b6                _remove
00001a72                _remove_device
00001a19                _rename
00002d2c                _reverb_init
00002e18                _reverb_process
0000519c                _rewind
00004505                _setvbuf
000019e6                _unlink
00002cb9                _update_internal_params
00003fb8                _update_wav_header
            00008180    _wave_header
000018a4                _write
0000478a                _writemsg
ffffffff                binit
            00005450    cinit
            00000180    edata
            0000fec6    end
000051ca                etext
ffffffff                pinit


GLOBAL SYMBOLS: SORTED BY Symbol Address 

abs. value/
byte addr   word addr   name
---------   ---------   ----
00000001                $TI_capability_requires_rev2
00000001                __TI_args_main
00000002                $TI_capability$C5500$CallingConvention
00000002                $TI_capability$C5500$MemoryModel
            00000180    .data
00000300                .text
            00000180    ___data__
            00000180    ___edata__
00000300                ___text__
            00000180    edata
00001000                __SYSSTACK_SIZE
00001662                __printfi
000018a4                _write
000019e6                _unlink
00001a19                _rename
00001a72                _remove_device
00001aa8                _read
00001b56                _open
00001c15                _lseek
00001c7b                _find_registered_device
00001c84                _close
00001cf7                _add_device
00001de7                _getenv
00001e62                _HOSTwrite
00001eef                _HOSTunlink
00001f59                _HOSTtime
00001fb7                _HOSTrename
00002000                __STACK_SIZE
00002000                __SYSMEM_SIZE
00002065                _HOSTread
000020f2                _HOSTopen
00002191                _HOSTlseek
00002246                _HOSTclose
000022b1                _HOSTclock
0000230f                _free
000023db                _minit
00002440                _malloc
00002535                _realloc
000026e6                _max_free
00002740                _free_memory
00002796                _chkheap
0000279e                _calloc
000027c4                __divd
00002b90                _process_comb
00002c44                _process_allpass
00002cb9                _update_internal_params
00002d2c                _reverb_init
00002e18                _reverb_process
00002f73                _pitch_shifter_init
00002fdf                _pitch_shifter_process
00003360                __cleanup
000033ba                _freopen
00003483                _fopen
000034be                _main
00003728                __remull
00003776                __remlli
000037a5                __mpylli
0000385d                __divull
00003951                __divlli
00003986                __addd
00003be0                _fwrite
00003dce                __neqd
00003e02                __lssd
00003e4a                __leqd
00003e97                __gtrd
00003ee2                __geqd
00003f2c                __eqld
00003f60                __cmpd
00003fb8                _update_wav_header
00004147                _fputs
0000427c                _puts
000042aa                __mpyd
000043f6                _fread
00004505                _setvbuf
000045eb                __wrt_ok
0000466b                __rd_ok
000046c8                __doflush
00004731                _fflush
0000478a                _writemsg
0000483f                C$$IO$$
00004844                __buff_read
000048f2                _fputc
000048f2                _putc
00004989                _putchar
00004998                __divul
00004a39                _ltoa
00004ab6                _fclose
00004b31                __frcmpyd
00004ba7                __frcmpyd_div
00004c1a                __remul
00004c8c                __fixdli
00004cfb                _readmsg
00004d68                _fseek
00004dd3                __fltlid
00004e3a                _atoi
00004e96                _printf
00004ee6                _auto_init
00004f33                __args_main
00004f7e                __remli
00004fc9                __divli
00005011                _memcpy
00005050                _exit
0000508e                _c_int00
000050c2                __fixdi
000050ec                I$$UDIV
000050ec                __divu
00005101                I$$UMOD
00005101                __remu
00005116                _memccpy
00005139                ___isinf
00005153                __subd
00005167                I$$LMPY
00005167                __mpyli
0000517a                __register_unlock
00005182                __register_lock
0000518a                __nop
0000518c                __negd
0000519c                _rewind
000051aa                __fltid
000051b6                _remove
000051c0                _abort
000051c1                C$$EXIT
000051ca                ___etext__
000051ca                etext
            000028f0    __stack
            000038f0    __STACK_END
            000038f0    __sys_memory
            000048f0    __sysstack
            000050f0    __ctypes_
            00005330    __CIOBUF_
            00005450    ___cinit__
            00005450    cinit
0000fe00                _Reset
            00008000    .bss
            00008000    ___bss__
            00008000    _data_buffer
            00008080    _chunks_buffer
            00008180    _wave_header
            000081ac    _r_params
            0000f854    _ps_params
            0000fc5c    __ftable
            0000fcd4    __tmpnams
            0000fd74    __ft_end
            0000febe    __lock
            0000fec0    __unlock
            0000fec2    __cleanup_ptr
            0000fec4    __dtors_ptr
            0000fec6    ___end__
            0000fec6    end
ffffffff                ___binit__
ffffffff                ___c_args__
ffffffff                ___pinit__
ffffffff                binit
ffffffff                pinit

[154 symbols]
